
>> Blorp compiler Core tensor specialization Tests
  [PASS] static tensor length folds to literal
  [PASS] runtime lengths dispatch to intrinsics
  [PASS] constant Float32 checked reads use unchecked intrinsic
  [PASS] dynamic Float checked reads use typed runtime
  [PASS] out-of-bounds literal checked reads keep runtime check
  [PASS] dynamic Int checked reads unbox runtime pointer
  [PASS] constant enum checked reads use Int intrinsic
  [PASS] Float matrix checked reads use typed runtime
  [PASS] rank-3 Int checked reads inject static shape
  [PASS] rank-3 Float checked reads use typed shape runtime
  [PASS] typed vector and matrix writes select runtime
  [PASS] preboxed numeric writes keep generic runtime
  [PASS] numeric vector fills select runtime
  [PASS] numeric matrix fills select runtime
  [PASS] Float16 fill stays generic
  [PASS] Float unary tensor math uses base runtime
  [PASS] Float32 unary tensor math selects runtime
  [PASS] imported scalar math lift selects tensor runtime
  [PASS] math lift reads the callee identity, not its name
  [PASS] Float16 unary tensor math selects runtime
  [PASS] unary tensor math requires tensor receiver
  [PASS] Int tensor reductions select runtime
  [PASS] Float tensor reductions select runtime
  [PASS] Float32 tensor reductions select runtime
  [PASS] Float16 tensor reductions select runtime
  [PASS] tensor reductions require tensor receiver
  [PASS] tensor reductions require supported element type
  [PASS] bounds-proven read hoists raw view
  [PASS] bounds-proven int read hoists raw view
  [PASS] bounds-proven int read under assign hoists raw view
  [PASS] temporary tensor source is not hoisted
  [PASS] resource scope blocks raw-view hoisting
  [PASS] raw writes require unique storage
  [PASS] out-of-bounds loops are not hoisted
  [PASS] nonnegative addition range starts prove bounds
  [PASS] nested raw-view regions are not re-hoisted

All 36 tests passed
