BLORP_COMPILER_MEMORY_CHECKPOINT schema=1 phase=source_discovery_start timestamp_microseconds=464801320388 total_allocations=646 total_releases=20 current_objects=626 allocator_bytes=164640 rss_bytes=3932160 peak_rss_bytes=3932160
BLORP_COMPILER_MEMORY_CHECKPOINT schema=1 phase=source_discovery_complete timestamp_microseconds=464805267414 total_allocations=16966798 total_releases=14754606 current_objects=2212192 allocator_bytes=166136240 rss_bytes=331038720 peak_rss_bytes=351158272
BLORP_COMPILER_MEMORY_CHECKPOINT schema=1 phase=typed_frontend_start timestamp_microseconds=464805268168 total_allocations=16966803 total_releases=14754611 current_objects=2212192 allocator_bytes=166136256 rss_bytes=331055104 peak_rss_bytes=351158272
BLORP_COMPILER_MEMORY_CHECKPOINT schema=1 phase=typed_frontend_complete timestamp_microseconds=464818844168 total_allocations=54700148 total_releases=48726546 current_objects=5973602 allocator_bytes=453944768 rss_bytes=654606336 peak_rss_bytes=654606336
BLORP_COMPILER_MEMORY_CHECKPOINT schema=1 phase=core_lowering_input_ready timestamp_microseconds=464818860943 total_allocations=54700154 total_releases=48816342 current_objects=5883812 allocator_bytes=450234144 rss_bytes=656572416 peak_rss_bytes=656572416
BLORP_COMPILER_MEMORY_CHECKPOINT schema=1 phase=core_lowering_complete timestamp_microseconds=464823186222 total_allocations=73442006 total_releases=63946301 current_objects=9495705 allocator_bytes=707173008 rss_bytes=931954688 peak_rss_bytes=931954688
BLORP_COMPILER_MEMORY_CHECKPOINT schema=1 phase=pass_lower_complete timestamp_microseconds=464823191902 total_allocations=73442068 total_releases=63946308 current_objects=9495760 allocator_bytes=707182800 rss_bytes=932003840 peak_rss_bytes=932003840
BLORP_COMPILER_MEMORY_CHECKPOINT schema=1 phase=pass_debug_complete timestamp_microseconds=464823293106 total_allocations=73593208 total_releases=64024116 current_objects=9569092 allocator_bytes=712934128 rss_bytes=932102144 peak_rss_bytes=932102144
BLORP_COMPILER_MEMORY_CHECKPOINT schema=1 phase=pass_prune_early_complete timestamp_microseconds=464823376330 total_allocations=73809232 total_releases=64240140 current_objects=9569092 allocator_bytes=712934128 rss_bytes=932315136 peak_rss_bytes=932315136
BLORP_COMPILER_MEMORY_CHECKPOINT schema=1 phase=pass_desugar_complete timestamp_microseconds=464823732464 total_allocations=75249987 total_releases=65570941 current_objects=9679046 allocator_bytes=720919360 rss_bytes=932593664 peak_rss_bytes=932593664
BLORP_COMPILER_MEMORY_CHECKPOINT schema=1 phase=pass_mono_complete timestamp_microseconds=464829623555 total_allocations=101543303 total_releases=88201757 current_objects=13341546 allocator_bytes=979432816 rss_bytes=1181024256 peak_rss_bytes=1181024256
BLORP_COMPILER_MEMORY_CHECKPOINT schema=1 phase=pass_synth_complete timestamp_microseconds=464829683974 total_allocations=101780330 total_releases=88241831 current_objects=13538499 allocator_bytes=993564080 rss_bytes=1181270016 peak_rss_bytes=1181270016
BLORP_COMPILER_MEMORY_CHECKPOINT schema=1 phase=pass_match_complete timestamp_microseconds=464830429845 total_allocations=107631342 total_releases=93810674 current_objects=13820668 allocator_bytes=1011103808 rss_bytes=1183137792 peak_rss_bytes=1183137792
BLORP_COMPILER_MEMORY_CHECKPOINT schema=1 phase=pass_trait_resolve_complete timestamp_microseconds=464831473076 total_allocations=112768082 total_releases=98934825 current_objects=13833257 allocator_bytes=1012033232 rss_bytes=1185562624 peak_rss_bytes=1185562624
BLORP_COMPILER_MEMORY_CHECKPOINT schema=1 phase=pass_prune_after_trait_resolve_complete timestamp_microseconds=464832154949 total_allocations=115170075 total_releases=101751734 current_objects=13418341 allocator_bytes=983389952 rss_bytes=1185677312 peak_rss_bytes=1185677312
BLORP_COMPILER_MEMORY_CHECKPOINT schema=1 phase=pass_resolve_complete timestamp_microseconds=464832939786 total_allocations=119138626 total_releases=105331161 current_objects=13807465 allocator_bytes=1006030336 rss_bytes=1238663168 peak_rss_bytes=1238663168
BLORP_COMPILER_MEMORY_CHECKPOINT schema=1 phase=pass_std_inline_complete timestamp_microseconds=464833216615 total_allocations=121153298 total_releases=107255369 current_objects=13897929 allocator_bytes=1013661408 rss_bytes=1238859776 peak_rss_bytes=1238859776
BLORP_COMPILER_MEMORY_CHECKPOINT schema=1 phase=pass_tailrec_complete timestamp_microseconds=464833268322 total_allocations=121348774 total_releases=107450924 current_objects=13897850 allocator_bytes=1013656640 rss_bytes=1238892544 peak_rss_bytes=1238892544
BLORP_COMPILER_MEMORY_CHECKPOINT schema=1 phase=pass_fuse_string_complete timestamp_microseconds=464833597887 total_allocations=124029747 total_releases=110123217 current_objects=13906530 allocator_bytes=1014253648 rss_bytes=1239105536 peak_rss_bytes=1239105536
BLORP_COMPILER_MEMORY_CHECKPOINT schema=1 phase=pass_fuse_collection_complete timestamp_microseconds=464833975179 total_allocations=127141596 total_releases=113229066 current_objects=13912530 allocator_bytes=1014726816 rss_bytes=1239171072 peak_rss_bytes=1239171072
BLORP_COMPILER_MEMORY_CHECKPOINT schema=1 phase=pass_fuse_parallel_tensor_complete timestamp_microseconds=464834132348 total_allocations=128490055 total_releases=114577525 current_objects=13912530 allocator_bytes=1014726832 rss_bytes=1239187456 peak_rss_bytes=1239187456
BLORP_COMPILER_MEMORY_CHECKPOINT schema=1 phase=pass_fuse_tensor_update_complete timestamp_microseconds=464834233869 total_allocations=128539548 total_releases=114627018 current_objects=13912530 allocator_bytes=1014726832 rss_bytes=1239203840 peak_rss_bytes=1239203840
BLORP_COMPILER_MEMORY_CHECKPOINT schema=1 phase=early_core_complete timestamp_microseconds=464834236615 total_allocations=128539554 total_releases=114627103 current_objects=13912451 allocator_bytes=1014383520 rss_bytes=1239203840 peak_rss_bytes=1239203840
BLORP_COMPILER_MEMORY_CHECKPOINT schema=1 phase=pass_tuple_flatten_complete timestamp_microseconds=464835183906 total_allocations=136701636 total_releases=118806251 current_objects=17895385 allocator_bytes=1289043472 rss_bytes=1408860160 peak_rss_bytes=1408860160
BLORP_COMPILER_MEMORY_CHECKPOINT schema=1 phase=runtime_projection_complete timestamp_microseconds=464835391065 total_allocations=137715246 total_releases=119875883 current_objects=17839363 allocator_bytes=1284589104 rss_bytes=1408860160 peak_rss_bytes=1408860160
BLORP_COMPILER_MEMORY_CHECKPOINT schema=1 phase=pass_adapt_function_refs_complete timestamp_microseconds=464835688206 total_allocations=139737017 total_releases=121879114 current_objects=17857903 allocator_bytes=1286042672 rss_bytes=1411809280 peak_rss_bytes=1411809280
BLORP_COMPILER_MEMORY_CHECKPOINT schema=1 phase=pass_tensor_specialize_specialize_fused_complete timestamp_microseconds=464835982460 total_allocations=141556457 total_releases=123273534 current_objects=18282923 allocator_bytes=1314488944 rss_bytes=1434992640 peak_rss_bytes=1434992640
BLORP_COMPILER_MEMORY_CHECKPOINT schema=1 phase=pass_hash_key_callbacks_complete timestamp_microseconds=464835994567 total_allocations=141562517 total_releases=123279471 current_objects=18283046 allocator_bytes=1314497040 rss_bytes=1435025408 peak_rss_bytes=1435025408
BLORP_COMPILER_MEMORY_CHECKPOINT schema=1 phase=pass_resolve_backend_match_fused_complete timestamp_microseconds=464836527595 total_allocations=145272007 total_releases=126075088 current_objects=19196919 allocator_bytes=1378111680 rss_bytes=1533198336 peak_rss_bytes=1533198336
BLORP_COMPILER_MEMORY_CHECKPOINT schema=1 phase=pass_dce_complete timestamp_microseconds=464837081082 total_allocations=147909800 total_releases=128756700 current_objects=19153100 allocator_bytes=1374936288 rss_bytes=1533198336 peak_rss_bytes=1533198336
BLORP_COMPILER_MEMORY_CHECKPOINT schema=1 phase=pass_consume_specialize_complete timestamp_microseconds=464837421316 total_allocations=149889746 total_releases=130718033 current_objects=19171713 allocator_bytes=1376289216 rss_bytes=1533427712 peak_rss_bytes=1533427712
BLORP_COMPILER_MEMORY_CHECKPOINT schema=1 phase=pass_static_string_literals_complete timestamp_microseconds=464837777908 total_allocations=151524169 total_releases=132303121 current_objects=19221048 allocator_bytes=1380045264 rss_bytes=1537769472 peak_rss_bytes=1537769472
BLORP_COMPILER_MEMORY_CHECKPOINT schema=1 phase=pass_record_update_ownership_complete timestamp_microseconds=464838055006 total_allocations=153414401 total_releases=134145737 current_objects=19268664 allocator_bytes=1383055648 rss_bytes=1537900544 peak_rss_bytes=1537900544
BLORP_COMPILER_MEMORY_CHECKPOINT schema=1 phase=pass_record_literal_order_complete timestamp_microseconds=464838263461 total_allocations=154888340 total_releases=135619537 current_objects=19268803 allocator_bytes=1383147376 rss_bytes=1538080768 peak_rss_bytes=1538080768
BLORP_COMPILER_MEMORY_CHECKPOINT schema=1 phase=pass_dict_literal_ownership_complete timestamp_microseconds=464838363360 total_allocations=155024047 total_releases=135751675 current_objects=19272372 allocator_bytes=1383253600 rss_bytes=1538146304 peak_rss_bytes=1538146304
BLORP_COMPILER_MEMORY_CHECKPOINT schema=1 phase=pass_ownership_perceus_fused_complete timestamp_microseconds=464844625996 total_allocations=213049867 total_releases=190492963 current_objects=22556904 allocator_bytes=1629956400 rss_bytes=1923497984 peak_rss_bytes=1923497984
BLORP_COMPILER_MEMORY_CHECKPOINT schema=1 phase=pass_reuse_complete timestamp_microseconds=464844739267 total_allocations=213889023 total_releases=191273806 current_objects=22615217 allocator_bytes=1634364848 rss_bytes=1923547136 peak_rss_bytes=1923547136
BLORP_COMPILER_MEMORY_CHECKPOINT schema=1 phase=pass_closure_complete timestamp_microseconds=464845028830 total_allocations=216403991 total_releases=193879046 current_objects=22524945 allocator_bytes=1626645392 rss_bytes=1923678208 peak_rss_bytes=1923678208
BLORP_COMPILER_MEMORY_CHECKPOINT schema=1 phase=pass_resource_management_complete timestamp_microseconds=464845143260 total_allocations=216740237 total_releases=194210142 current_objects=22530095 allocator_bytes=1627078880 rss_bytes=1923727360 peak_rss_bytes=1923727360
BLORP_COMPILER_MEMORY_CHECKPOINT schema=1 phase=pass_fairness_complete timestamp_microseconds=464845232185 total_allocations=216914392 total_releases=194349469 current_objects=22564923 allocator_bytes=1629649344 rss_bytes=1923776512 peak_rss_bytes=1923776512
BLORP_COMPILER_MEMORY_CHECKPOINT schema=1 phase=pass_prepare_complete timestamp_microseconds=464845425006 total_allocations=217850686 total_releases=195048679 current_objects=22802007 allocator_bytes=1644795616 rss_bytes=1923989504 peak_rss_bytes=1923989504
BLORP_COMPILER_MEMORY_CHECKPOINT schema=1 phase=pass_prepared_reuse_complete timestamp_microseconds=464845487319 total_allocations=218266783 total_releases=195391123 current_objects=22875660 allocator_bytes=1650201824 rss_bytes=1924071424 peak_rss_bytes=1924071424
BLORP_COMPILER_MEMORY_CHECKPOINT schema=1 phase=cleanup_plan_complete timestamp_microseconds=464845646624 total_allocations=219537680 total_releases=196638949 current_objects=22898731 allocator_bytes=1651529952 rss_bytes=1924071424 peak_rss_bytes=1924071424
BLORP_COMPILER_MEMORY_CHECKPOINT schema=1 phase=cancellation_plan_complete timestamp_microseconds=464846714965 total_allocations=230371316 total_releases=207018767 current_objects=23352549 allocator_bytes=1702309472 rss_bytes=1929887744 peak_rss_bytes=1929887744
BLORP_COMPILER_MEMORY_CHECKPOINT schema=1 phase=late_core_complete timestamp_microseconds=464846717518 total_allocations=230371321 total_releases=207018790 current_objects=23352531 allocator_bytes=1702301952 rss_bytes=1929887744 peak_rss_bytes=1929887744
BLORP_COMPILER_MEMORY_CHECKPOINT schema=1 phase=backend_emission_complete timestamp_microseconds=464849401666 total_allocations=247557973 total_releases=233258152 current_objects=14299821 allocator_bytes=1174035984 rss_bytes=2124857344 peak_rss_bytes=2124857344
BLORP_COMPILER_MEMORY_CHECKPOINT schema=1 phase=artifact_construction_complete timestamp_microseconds=464849405451 total_allocations=247558047 total_releases=233258223 current_objects=14299824 allocator_bytes=1174036160 rss_bytes=2124857344 peak_rss_bytes=2124857344
S5_CONTROL managed_allocations=247558052 boundary=process_destructor
