blorp/test/test_compiler/test_stage_10_backend/test_core_emit.brp:22149:32: error: expected newline before indented block
blorp/test/test_compiler/test_stage_10_backend/test_core_emit.brp:22149:32: error: expected indented function body
blorp/test/test_compiler/test_stage_10_backend/test_core_emit.brp:22149:32: error: expected `}` after record literal
blorp/test/test_compiler/test_stage_10_backend/test_core_emit.brp:22149:59: error: expected expression
blorp/test/test_compiler/test_stage_10_backend/test_core_emit.brp:22149:63: error: expected expression
blorp/test/test_compiler/test_stage_10_backend/test_core_emit.brp:22149:72: error: expected expression
blorp/test/test_compiler/test_stage_10_backend/test_core_emit.brp:22150:36: error: expected expression
blorp/test/test_compiler/test_stage_10_backend/test_core_emit.brp:22151:34: error: expected expression
blorp/test/test_compiler/test_stage_10_backend/test_core_emit.brp:22152:46: error: expected expression
blorp/test/test_compiler/test_stage_10_backend/test_core_emit.brp:22154:5: error: expected expression
blorp/test/test_compiler/test_stage_10_backend/test_core_emit.brp:26570:1: error: expected declaration
help: start a function declaration with `func`
blorp/test/test_compiler/test_stage_10_backend/test_core_emit.brp:26570:13: error: expected declaration
help: start a function declaration with `func`
blorp/test/test_compiler/test_stage_10_backend/test_core_emit.brp:26570:25: error: expected `=` after top-level variable declaration
blorp/test/test_compiler/test_stage_10_backend/test_core_emit.brp:26570:25: error: expected expression
blorp/test/test_compiler/test_stage_10_backend/test_core_emit.brp:26570:34: error: expected `=` after top-level variable declaration
blorp/test/test_compiler/test_stage_10_backend/test_core_emit.brp:26571:13: error: expected declaration
help: start a function declaration with `func`
blorp/test/test_compiler/test_stage_10_backend/test_core_emit.brp:26571:25: error: expected `=` after top-level variable declaration
blorp/test/test_compiler/test_stage_10_backend/test_core_emit.brp:26571:25: error: expected expression
blorp/test/test_compiler/test_stage_10_backend/test_core_emit.brp:26571:34: error: expected `=` after top-level variable declaration
blorp/test/test_compiler/test_stage_10_backend/test_core_emit.brp:26572:13: error: expected declaration
help: start a function declaration with `func`
blorp/test/test_compiler/test_stage_10_backend/test_core_emit.brp:26572:25: error: expected `=` after top-level variable declaration
blorp/test/test_compiler/test_stage_10_backend/test_core_emit.brp:26572:25: error: expected expression
blorp/test/test_compiler/test_stage_10_backend/test_core_emit.brp:26572:34: error: expected `=` after top-level variable declaration
blorp/test/test_compiler/test_stage_10_backend/test_core_emit.brp:26573:13: error: expected declaration
help: start a function declaration with `func`
blorp/test/test_compiler/test_stage_10_backend/test_core_emit.brp:26573:17: error: expected declaration
help: start a function declaration with `func`
blorp/test/test_compiler/test_stage_10_backend/test_core_emit.brp:26573:29: error: expected `=` after top-level variable declaration
blorp/test/test_compiler/test_stage_10_backend/test_core_emit.brp:26573:29: error: expected expression
blorp/test/test_compiler/test_stage_10_backend/test_core_emit.brp:26573:38: error: expected `=` after top-level variable declaration
blorp/test/test_compiler/test_stage_10_backend/test_core_emit.brp:26575:5: error: expected declaration
help: start a function declaration with `func`
blorp/test/test_compiler/test_stage_10_backend/test_core_emit.brp:26575:5: error: expected declaration
help: start a function declaration with `func`
blorp/test/test_compiler/test_stage_10_backend/test_core_emit.brp:26578:1: error: expected `=` after top-level variable declaration
blorp/test/test_compiler/test_stage_10_backend/test_core_emit.brp:26578:1: error: expected expression
blorp/test/test_compiler/test_stage_10_backend/test_core_emit.brp:26578:1: error: expected declaration
help: start a function declaration with `func`
blorp/test/test_compiler/test_stage_10_backend/test_core_emit.brp:26584:1: error: expected declaration
help: start a function declaration with `func`
blorp/test/test_compiler/test_stage_10_backend/test_core_emit.brp:26584:13: error: expected declaration
help: start a function declaration with `func`
blorp/test/test_compiler/test_stage_10_backend/test_core_emit.brp:26584:25: error: expected `=` after top-level variable declaration
blorp/test/test_compiler/test_stage_10_backend/test_core_emit.brp:26584:25: error: expected expression
blorp/test/test_compiler/test_stage_10_backend/test_core_emit.brp:26584:34: error: expected `=` after top-level variable declaration
blorp/test/test_compiler/test_stage_10_backend/test_core_emit.brp:26585:13: error: expected declaration
help: start a function declaration with `func`
blorp/test/test_compiler/test_stage_10_backend/test_core_emit.brp:26585:25: error: expected `=` after top-level variable declaration
blorp/test/test_compiler/test_stage_10_backend/test_core_emit.brp:26585:25: error: expected expression
blorp/test/test_compiler/test_stage_10_backend/test_core_emit.brp:26585:34: error: expected `=` after top-level variable declaration
blorp/test/test_compiler/test_stage_10_backend/test_core_emit.brp:26586:13: error: expected declaration
help: start a function declaration with `func`
blorp/test/test_compiler/test_stage_10_backend/test_core_emit.brp:26586:25: error: expected `=` after top-level variable declaration
blorp/test/test_compiler/test_stage_10_backend/test_core_emit.brp:26586:25: error: expected expression
blorp/test/test_compiler/test_stage_10_backend/test_core_emit.brp:26586:34: error: expected `=` after top-level variable declaration
blorp/test/test_compiler/test_stage_10_backend/test_core_emit.brp:26587:13: error: expected declaration
help: start a function declaration with `func`
blorp/test/test_compiler/test_stage_10_backend/test_core_emit.brp:26587:37: error: expected `=` after top-level variable declaration
blorp/test/test_compiler/test_stage_10_backend/test_core_emit.brp:26591:13: error: expected declaration
help: start a function declaration with `func`
blorp/test/test_compiler/test_stage_10_backend/test_core_emit.brp:26591:17: error: expected declaration
help: start a function declaration with `func`
blorp/test/test_compiler/test_stage_10_backend/test_core_emit.brp:26591:29: error: expected `=` after top-level variable declaration
blorp/test/test_compiler/test_stage_10_backend/test_core_emit.brp:26591:29: error: expected expression
blorp/test/test_compiler/test_stage_10_backend/test_core_emit.brp:26591:38: error: expected `=` after top-level variable declaration
blorp/test/test_compiler/test_stage_10_backend/test_core_emit.brp:26593:5: error: expected declaration
help: start a function declaration with `func`
blorp/test/test_compiler/test_stage_10_backend/test_core_emit.brp:26593:5: error: expected declaration
help: start a function declaration with `func`
blorp/test/test_compiler/test_stage_10_backend/test_core_emit.brp:26596:1: error: expected `=` after top-level variable declaration
blorp/test/test_compiler/test_stage_10_backend/test_core_emit.brp:26596:1: error: expected expression
blorp/test/test_compiler/test_stage_10_backend/test_core_emit.brp:26596:1: error: expected declaration
help: start a function declaration with `func`
blorp/test/test_compiler/test_stage_10_backend/test_core_emit.brp:26608:1: error: expected declaration
help: start a function declaration with `func`
blorp/test/test_compiler/test_stage_10_backend/test_core_emit.brp:26608:17: error: expected declaration
help: start a function declaration with `func`
blorp/test/test_compiler/test_stage_10_backend/test_core_emit.brp:26608:29: error: expected `=` after top-level variable declaration
blorp/test/test_compiler/test_stage_10_backend/test_core_emit.brp:26608:29: error: expected expression
blorp/test/test_compiler/test_stage_10_backend/test_core_emit.brp:26608:38: error: expected `=` after top-level variable declaration
blorp/test/test_compiler/test_stage_10_backend/test_core_emit.brp:26609:17: error: expected declaration
help: start a function declaration with `func`
blorp/test/test_compiler/test_stage_10_backend/test_core_emit.brp:26609:21: error: expected declaration
help: start a function declaration with `func`
blorp/test/test_compiler/test_stage_10_backend/test_core_emit.brp:26609:33: error: expected `=` after top-level variable declaration
blorp/test/test_compiler/test_stage_10_backend/test_core_emit.brp:26609:33: error: expected expression
blorp/test/test_compiler/test_stage_10_backend/test_core_emit.brp:26609:42: error: expected `=` after top-level variable declaration
blorp/test/test_compiler/test_stage_10_backend/test_core_emit.brp:26611:5: error: expected declaration
help: start a function declaration with `func`
blorp/test/test_compiler/test_stage_10_backend/test_core_emit.brp:26611:5: error: expected declaration
help: start a function declaration with `func`
blorp/test/test_compiler/test_stage_10_backend/test_core_emit.brp:26611:5: error: expected declaration
help: start a function declaration with `func`
blorp/test/test_compiler/test_stage_10_backend/test_core_emit.brp:26614:1: error: expected `=` after top-level variable declaration
blorp/test/test_compiler/test_stage_10_backend/test_core_emit.brp:26614:1: error: expected expression
blorp/test/test_compiler/test_stage_10_backend/test_core_emit.brp:26614:1: error: expected declaration
help: start a function declaration with `func`
blorp/test/test_compiler/test_stage_10_backend/test_core_emit.brp:26627:1: error: expected declaration
help: start a function declaration with `func`
blorp/test/test_compiler/test_stage_10_backend/test_core_emit.brp:26627:13: error: expected declaration
help: start a function declaration with `func`
blorp/test/test_compiler/test_stage_10_backend/test_core_emit.brp:26627:25: error: expected `=` after top-level variable declaration
blorp/test/test_compiler/test_stage_10_backend/test_core_emit.brp:26627:25: error: expected expression
blorp/test/test_compiler/test_stage_10_backend/test_core_emit.brp:26627:34: error: expected `=` after top-level variable declaration
blorp/test/test_compiler/test_stage_10_backend/test_core_emit.brp:26628:13: error: expected declaration
help: start a function declaration with `func`
blorp/test/test_compiler/test_stage_10_backend/test_core_emit.brp:26628:17: error: expected declaration
help: start a function declaration with `func`
blorp/test/test_compiler/test_stage_10_backend/test_core_emit.brp:26628:29: error: expected `=` after top-level variable declaration
blorp/test/test_compiler/test_stage_10_backend/test_core_emit.brp:26628:29: error: expected expression
blorp/test/test_compiler/test_stage_10_backend/test_core_emit.brp:26628:38: error: expected `=` after top-level variable declaration
blorp/test/test_compiler/test_stage_10_backend/test_core_emit.brp:26629:13: error: expected declaration
help: start a function declaration with `func`
blorp/test/test_compiler/test_stage_10_backend/test_core_emit.brp:26629:17: error: expected declaration
help: start a function declaration with `func`
blorp/test/test_compiler/test_stage_10_backend/test_core_emit.brp:26629:29: error: expected `=` after top-level variable declaration
blorp/test/test_compiler/test_stage_10_backend/test_core_emit.brp:26629:29: error: expected expression
blorp/test/test_compiler/test_stage_10_backend/test_core_emit.brp:26629:38: error: expected `=` after top-level variable declaration
blorp/test/test_compiler/test_stage_10_backend/test_core_emit.brp:26631:5: error: expected declaration
help: start a function declaration with `func`
blorp/test/test_compiler/test_stage_10_backend/test_core_emit.brp:26631:5: error: expected declaration
help: start a function declaration with `func`
blorp/test/test_compiler/test_stage_10_backend/test_core_emit.brp:26634:1: error: expected `=` after top-level variable declaration
blorp/test/test_compiler/test_stage_10_backend/test_core_emit.brp:26634:1: error: expected expression
blorp/test/test_compiler/test_stage_10_backend/test_core_emit.brp:26634:1: error: expected declaration
help: start a function declaration with `func`
blorp/test/test_compiler/test_stage_10_backend/test_core_emit.brp:26640:1: error: expected declaration
help: start a function declaration with `func`
blorp/test/test_compiler/test_stage_10_backend/test_core_emit.brp:26640:13: error: expected declaration
help: start a function declaration with `func`
blorp/test/test_compiler/test_stage_10_backend/test_core_emit.brp:26640:25: error: expected `=` after top-level variable declaration
blorp/test/test_compiler/test_stage_10_backend/test_core_emit.brp:26640:25: error: expected expression
blorp/test/test_compiler/test_stage_10_backend/test_core_emit.brp:26640:34: error: expected `=` after top-level variable declaration
blorp/test/test_compiler/test_stage_10_backend/test_core_emit.brp:26641:13: error: expected declaration
help: start a function declaration with `func`
blorp/test/test_compiler/test_stage_10_backend/test_core_emit.brp:26641:17: error: expected declaration
help: start a function declaration with `func`
blorp/test/test_compiler/test_stage_10_backend/test_core_emit.brp:26641:29: error: expected `=` after top-level variable declaration
blorp/test/test_compiler/test_stage_10_backend/test_core_emit.brp:26641:29: error: expected expression
blorp/test/test_compiler/test_stage_10_backend/test_core_emit.brp:26641:38: error: expected `=` after top-level variable declaration
blorp/test/test_compiler/test_stage_10_backend/test_core_emit.brp:26642:13: error: expected declaration
help: start a function declaration with `func`
blorp/test/test_compiler/test_stage_10_backend/test_core_emit.brp:26642:17: error: expected declaration
help: start a function declaration with `func`
blorp/test/test_compiler/test_stage_10_backend/test_core_emit.brp:26642:29: error: expected `=` after top-level variable declaration
blorp/test/test_compiler/test_stage_10_backend/test_core_emit.brp:26642:29: error: expected expression
blorp/test/test_compiler/test_stage_10_backend/test_core_emit.brp:26642:38: error: expected `=` after top-level variable declaration
blorp/test/test_compiler/test_stage_10_backend/test_core_emit.brp:26644:5: error: expected declaration
help: start a function declaration with `func`
blorp/test/test_compiler/test_stage_10_backend/test_core_emit.brp:26644:5: error: expected declaration
help: start a function declaration with `func`
blorp/test/test_compiler/test_stage_10_backend/test_core_emit.brp:26647:1: error: expected `=` after top-level variable declaration
blorp/test/test_compiler/test_stage_10_backend/test_core_emit.brp:26647:1: error: expected expression
blorp/test/test_compiler/test_stage_10_backend/test_core_emit.brp:26647:1: error: expected declaration
help: start a function declaration with `func`
blorp/test/test_compiler/test_stage_10_backend/test_core_emit.brp:26652:47: error: expected newline before indented block
blorp/test/test_compiler/test_stage_10_backend/test_core_emit.brp:26652:47: error: expected indented function body
blorp/test/test_compiler/test_stage_10_backend/test_core_emit.brp:26652:56: error: expected expression
blorp/test/test_compiler/test_stage_10_backend/test_core_emit.brp:26652:60: error: expected expression
blorp/test/test_compiler/test_stage_10_backend/test_core_emit.brp:26672:1: error: expected declaration
help: start a function declaration with `func`
blorp/test/test_compiler/test_stage_10_backend/test_core_emit.brp:26672:37: error: expected declaration
help: start a function declaration with `func`
blorp/test/test_compiler/test_stage_10_backend/test_core_emit.brp:26672:49: error: expected `=` after top-level variable declaration
blorp/test/test_compiler/test_stage_10_backend/test_core_emit.brp:26672:49: error: expected expression
blorp/test/test_compiler/test_stage_10_backend/test_core_emit.brp:26672:58: error: expected `=` after top-level variable declaration
blorp/test/test_compiler/test_stage_10_backend/test_core_emit.brp:26673:37: error: expected declaration
help: start a function declaration with `func`
blorp/test/test_compiler/test_stage_10_backend/test_core_emit.brp:26673:49: error: expected `=` after top-level variable declaration
blorp/test/test_compiler/test_stage_10_backend/test_core_emit.brp:26673:49: error: expected expression
blorp/test/test_compiler/test_stage_10_backend/test_core_emit.brp:26673:58: error: expected `=` after top-level variable declaration
blorp/test/test_compiler/test_stage_10_backend/test_core_emit.brp:26674:37: error: expected declaration
help: start a function declaration with `func`
blorp/test/test_compiler/test_stage_10_backend/test_core_emit.brp:26674:41: error: expected declaration
help: start a function declaration with `func`
blorp/test/test_compiler/test_stage_10_backend/test_core_emit.brp:26674:53: error: expected `=` after top-level variable declaration
blorp/test/test_compiler/test_stage_10_backend/test_core_emit.brp:26674:53: error: expected expression
blorp/test/test_compiler/test_stage_10_backend/test_core_emit.brp:26674:62: error: expected `=` after top-level variable declaration
blorp/test/test_compiler/test_stage_10_backend/test_core_emit.brp:26675:29: error: expected declaration
help: start a function declaration with `func`
blorp/test/test_compiler/test_stage_10_backend/test_core_emit.brp:26675:29: error: expected declaration
help: start a function declaration with `func`
blorp/test/test_compiler/test_stage_10_backend/test_core_emit.brp:26675:29: error: expected declaration
help: start a function declaration with `func`
blorp/test/test_compiler/test_stage_10_backend/test_core_emit.brp:26675:30: error: expected declaration
help: start a function declaration with `func`
blorp/test/test_compiler/test_stage_10_backend/test_core_emit.brp:26676:1: error: expected declaration
help: start a function declaration with `func`
blorp/test/test_compiler/test_stage_10_backend/test_core_emit.brp:26677:21: error: expected declaration
help: start a function declaration with `func`
blorp/test/test_compiler/test_stage_10_backend/test_core_emit.brp:26677:21: error: expected declaration
help: start a function declaration with `func`
blorp/test/test_compiler/test_stage_10_backend/test_core_emit.brp:26677:21: error: expected declaration
help: start a function declaration with `func`
blorp/test/test_compiler/test_stage_10_backend/test_core_emit.brp:26677:21: error: expected declaration
help: start a function declaration with `func`
blorp/test/test_compiler/test_stage_10_backend/test_core_emit.brp:26677:22: error: expected declaration
help: start a function declaration with `func`
blorp/test/test_compiler/test_stage_10_backend/test_core_emit.brp:26678:1: error: expected declaration
help: start a function declaration with `func`
blorp/test/test_compiler/test_stage_10_backend/test_core_emit.brp:26680:5: error: expected declaration
help: start a function declaration with `func`
blorp/test/test_compiler/test_stage_10_backend/test_core_emit.brp:26680:5: error: expected declaration
help: start a function declaration with `func`
blorp/test/test_compiler/test_stage_10_backend/test_core_emit.brp:26680:5: error: expected declaration
help: start a function declaration with `func`
blorp/test/test_compiler/test_stage_10_backend/test_core_emit.brp:26680:5: error: expected declaration
help: start a function declaration with `func`
blorp/test/test_compiler/test_stage_10_backend/test_core_emit.brp:26680:5: error: expected declaration
help: start a function declaration with `func`
blorp/test/test_compiler/test_stage_10_backend/test_core_emit.brp:26683:1: error: expected `=` after top-level variable declaration
blorp/test/test_compiler/test_stage_10_backend/test_core_emit.brp:26683:1: error: expected expression
blorp/test/test_compiler/test_stage_10_backend/test_core_emit.brp:26683:1: error: expected declaration
help: start a function declaration with `func`
blorp/test/test_compiler/test_stage_10_backend/test_core_emit.brp:26688:47: error: expected newline before indented block
blorp/test/test_compiler/test_stage_10_backend/test_core_emit.brp:26688:47: error: expected indented function body
blorp/test/test_compiler/test_stage_10_backend/test_core_emit.brp:26688:56: error: expected expression
blorp/test/test_compiler/test_stage_10_backend/test_core_emit.brp:26688:60: error: expected expression
blorp/test/test_compiler/test_stage_10_backend/test_core_emit.brp:26706:1: error: expected declaration
help: start a function declaration with `func`
blorp/test/test_compiler/test_stage_10_backend/test_core_emit.brp:26706:33: error: expected declaration
help: start a function declaration with `func`
blorp/test/test_compiler/test_stage_10_backend/test_core_emit.brp:26706:45: error: expected `=` after top-level variable declaration
blorp/test/test_compiler/test_stage_10_backend/test_core_emit.brp:26706:45: error: expected expression
blorp/test/test_compiler/test_stage_10_backend/test_core_emit.brp:26706:54: error: expected `=` after top-level variable declaration
blorp/test/test_compiler/test_stage_10_backend/test_core_emit.brp:26707:33: error: expected declaration
help: start a function declaration with `func`
blorp/test/test_compiler/test_stage_10_backend/test_core_emit.brp:26707:45: error: expected `=` after top-level variable declaration
blorp/test/test_compiler/test_stage_10_backend/test_core_emit.brp:26707:45: error: expected expression
blorp/test/test_compiler/test_stage_10_backend/test_core_emit.brp:26707:54: error: expected `=` after top-level variable declaration
blorp/test/test_compiler/test_stage_10_backend/test_core_emit.brp:26708:33: error: expected declaration
help: start a function declaration with `func`
blorp/test/test_compiler/test_stage_10_backend/test_core_emit.brp:26708:45: error: expected `=` after top-level variable declaration
blorp/test/test_compiler/test_stage_10_backend/test_core_emit.brp:26708:45: error: expected expression
blorp/test/test_compiler/test_stage_10_backend/test_core_emit.brp:26708:54: error: expected `=` after top-level variable declaration
blorp/test/test_compiler/test_stage_10_backend/test_core_emit.brp:26709:33: error: expected declaration
help: start a function declaration with `func`
blorp/test/test_compiler/test_stage_10_backend/test_core_emit.brp:26709:37: error: expected declaration
help: start a function declaration with `func`
blorp/test/test_compiler/test_stage_10_backend/test_core_emit.brp:26709:49: error: expected `=` after top-level variable declaration
blorp/test/test_compiler/test_stage_10_backend/test_core_emit.brp:26709:49: error: expected expression
blorp/test/test_compiler/test_stage_10_backend/test_core_emit.brp:26709:58: error: expected `=` after top-level variable declaration
blorp/test/test_compiler/test_stage_10_backend/test_core_emit.brp:26710:25: error: expected declaration
help: start a function declaration with `func`
blorp/test/test_compiler/test_stage_10_backend/test_core_emit.brp:26710:25: error: expected declaration
help: start a function declaration with `func`
blorp/test/test_compiler/test_stage_10_backend/test_core_emit.brp:26710:25: error: expected declaration
help: start a function declaration with `func`
blorp/test/test_compiler/test_stage_10_backend/test_core_emit.brp:26710:26: error: expected declaration
help: start a function declaration with `func`
blorp/test/test_compiler/test_stage_10_backend/test_core_emit.brp:26711:1: error: expected declaration
help: start a function declaration with `func`
blorp/test/test_compiler/test_stage_10_backend/test_core_emit.brp:26712:17: error: expected declaration
help: start a function declaration with `func`
blorp/test/test_compiler/test_stage_10_backend/test_core_emit.brp:26712:17: error: expected declaration
help: start a function declaration with `func`
blorp/test/test_compiler/test_stage_10_backend/test_core_emit.brp:26712:17: error: expected declaration
help: start a function declaration with `func`
blorp/test/test_compiler/test_stage_10_backend/test_core_emit.brp:26712:17: error: expected declaration
help: start a function declaration with `func`
blorp/test/test_compiler/test_stage_10_backend/test_core_emit.brp:26712:18: error: expected declaration
help: start a function declaration with `func`
blorp/test/test_compiler/test_stage_10_backend/test_core_emit.brp:26713:1: error: expected declaration
help: start a function declaration with `func`
blorp/test/test_compiler/test_stage_10_backend/test_core_emit.brp:26715:5: error: expected declaration
help: start a function declaration with `func`
blorp/test/test_compiler/test_stage_10_backend/test_core_emit.brp:26715:5: error: expected declaration
help: start a function declaration with `func`
blorp/test/test_compiler/test_stage_10_backend/test_core_emit.brp:26715:5: error: expected declaration
help: start a function declaration with `func`
blorp/test/test_compiler/test_stage_10_backend/test_core_emit.brp:26715:5: error: expected declaration
help: start a function declaration with `func`
blorp/test/test_compiler/test_stage_10_backend/test_core_emit.brp:26718:1: error: expected `=` after top-level variable declaration
blorp/test/test_compiler/test_stage_10_backend/test_core_emit.brp:26718:1: error: expected expression
blorp/test/test_compiler/test_stage_10_backend/test_core_emit.brp:26718:1: error: expected declaration
help: start a function declaration with `func`
