
>> Tree statement and block legacy projection Tests
  [PASS] next line values match frozen layout and anchors
scan stopped or the old parser rejected: func f():
	value =
		if flag:
			1
		else:
			2
		+ 3
	1
func sibling(): 1

scan stopped or the old parser rejected: func f():
	value =
		match flag:
			True: 1
			False: 2
		+ 3
	1
func sibling(): 1

scan stopped or the old parser rejected: func f():
	value =
		if flag:
			1
		else:
			2
		- 3
	1
func sibling(): 1

scan stopped or the old parser rejected: func f():
	value =
		match flag:
			True: 1
			False: 2
		- 3
	1
func sibling(): 1

scan stopped or the old parser rejected: func f():
	value =
		if flag:
			1
		else:
			2
		* 3
	1
func sibling(): 1

scan stopped or the old parser rejected: func f():
	value =
		match flag:
			True: 1
			False: 2
		* 3
	1
func sibling(): 1

scan stopped or the old parser rejected: func f():
	var value =
		if flag:
			1
		else:
			2
		+ 3
	1
func sibling(): 1

scan stopped or the old parser rejected: func f():
	var value =
		match flag:
			True: 1
			False: 2
		+ 3
	1
func sibling(): 1

scan stopped or the old parser rejected: func f():
	var value =
		if flag:
			1
		else:
			2
		- 3
	1
func sibling(): 1

scan stopped or the old parser rejected: func f():
	var value =
		match flag:
			True: 1
			False: 2
		- 3
	1
func sibling(): 1

scan stopped or the old parser rejected: func f():
	var value =
		if flag:
			1
		else:
			2
		* 3
	1
func sibling(): 1

scan stopped or the old parser rejected: func f():
	var value =
		match flag:
			True: 1
			False: 2
		* 3
	1
func sibling(): 1

scan stopped or the old parser rejected: func f():
	value: Int =
		if flag:
			1
		else:
			2
		+ 3
	1
func sibling(): 1

scan stopped or the old parser rejected: func f():
	value: Int =
		match flag:
			True: 1
			False: 2
		+ 3
	1
func sibling(): 1

scan stopped or the old parser rejected: func f():
	value: Int =
		if flag:
			1
		else:
			2
		- 3
	1
func sibling(): 1

scan stopped or the old parser rejected: func f():
	value: Int =
		match flag:
			True: 1
			False: 2
		- 3
	1
func sibling(): 1

scan stopped or the old parser rejected: func f():
	value: Int =
		if flag:
			1
		else:
			2
		* 3
	1
func sibling(): 1

scan stopped or the old parser rejected: func f():
	value: Int =
		match flag:
			True: 1
			False: 2
		* 3
	1
func sibling(): 1

scan stopped or the old parser rejected: func f():
	value ?=
		if flag:
			1
		else:
			2
		+ 3
	1
func sibling(): 1

scan stopped or the old parser rejected: func f():
	value ?=
		match flag:
			True: 1
			False: 2
		+ 3
	1
func sibling(): 1

scan stopped or the old parser rejected: func f():
	value ?=
		if flag:
			1
		else:
			2
		- 3
	1
func sibling(): 1

scan stopped or the old parser rejected: func f():
	value ?=
		match flag:
			True: 1
			False: 2
		- 3
	1
func sibling(): 1

scan stopped or the old parser rejected: func f():
	value ?=
		if flag:
			1
		else:
			2
		* 3
	1
func sibling(): 1

scan stopped or the old parser rejected: func f():
	value ?=
		match flag:
			True: 1
			False: 2
		* 3
	1
func sibling(): 1

scan stopped or the old parser rejected: func f():
	value: Int ?=
		if flag:
			1
		else:
			2
		+ 3
	1
func sibling(): 1

scan stopped or the old parser rejected: func f():
	value: Int ?=
		match flag:
			True: 1
			False: 2
		+ 3
	1
func sibling(): 1

scan stopped or the old parser rejected: func f():
	value: Int ?=
		if flag:
			1
		else:
			2
		- 3
	1
func sibling(): 1

scan stopped or the old parser rejected: func f():
	value: Int ?=
		match flag:
			True: 1
			False: 2
		- 3
	1
func sibling(): 1

scan stopped or the old parser rejected: func f():
	value: Int ?=
		if flag:
			1
		else:
			2
		* 3
	1
func sibling(): 1

scan stopped or the old parser rejected: func f():
	value: Int ?=
		match flag:
			True: 1
			False: 2
		* 3
	1
func sibling(): 1

scan stopped or the old parser rejected: func f():
	value +=
		if flag:
			1
		else:
			2
		+ 3
	1
func sibling(): 1

scan stopped or the old parser rejected: func f():
	value +=
		match flag:
			True: 1
			False: 2
		+ 3
	1
func sibling(): 1

scan stopped or the old parser rejected: func f():
	value +=
		if flag:
			1
		else:
			2
		- 3
	1
func sibling(): 1

scan stopped or the old parser rejected: func f():
	value +=
		match flag:
			True: 1
			False: 2
		- 3
	1
func sibling(): 1

scan stopped or the old parser rejected: func f():
	value +=
		if flag:
			1
		else:
			2
		* 3
	1
func sibling(): 1

scan stopped or the old parser rejected: func f():
	value +=
		match flag:
			True: 1
			False: 2
		* 3
	1
func sibling(): 1

scan stopped or the old parser rejected: func f():
	values[0] =
		if flag:
			1
		else:
			2
		+ 3
	1
func sibling(): 1

scan stopped or the old parser rejected: func f():
	values[0] =
		match flag:
			True: 1
			False: 2
		+ 3
	1
func sibling(): 1

scan stopped or the old parser rejected: func f():
	values[0] =
		if flag:
			1
		else:
			2
		- 3
	1
func sibling(): 1

scan stopped or the old parser rejected: func f():
	values[0] =
		match flag:
			True: 1
			False: 2
		- 3
	1
func sibling(): 1

scan stopped or the old parser rejected: func f():
	values[0] =
		if flag:
			1
		else:
			2
		* 3
	1
func sibling(): 1

scan stopped or the old parser rejected: func f():
	values[0] =
		match flag:
			True: 1
			False: 2
		* 3
	1
func sibling(): 1

scan stopped or the old parser rejected: func f():
	_ =
		if flag:
			1
		else:
			2
		+ 3
	1
func sibling(): 1

scan stopped or the old parser rejected: func f():
	_ =
		match flag:
			True: 1
			False: 2
		+ 3
	1
func sibling(): 1

scan stopped or the old parser rejected: func f():
	_ =
		if flag:
			1
		else:
			2
		- 3
	1
func sibling(): 1

scan stopped or the old parser rejected: func f():
	_ =
		match flag:
			True: 1
			False: 2
		- 3
	1
func sibling(): 1

scan stopped or the old parser rejected: func f():
	_ =
		if flag:
			1
		else:
			2
		* 3
	1
func sibling(): 1

scan stopped or the old parser rejected: func f():
	_ =
		match flag:
			True: 1
			False: 2
		* 3
	1
func sibling(): 1

scan stopped or the old parser rejected: func f():
	(left, right) =
		if flag:
			1
		else:
			2
		+ 3
	1
func sibling(): 1

scan stopped or the old parser rejected: func f():
	(left, right) =
		match flag:
			True: 1
			False: 2
		+ 3
	1
func sibling(): 1

scan stopped or the old parser rejected: func f():
	(left, right) =
		if flag:
			1
		else:
			2
		- 3
	1
func sibling(): 1

scan stopped or the old parser rejected: func f():
	(left, right) =
		match flag:
			True: 1
			False: 2
		- 3
	1
func sibling(): 1

scan stopped or the old parser rejected: func f():
	(left, right) =
		if flag:
			1
		else:
			2
		* 3
	1
func sibling(): 1

scan stopped or the old parser rejected: func f():
	(left, right) =
		match flag:
			True: 1
			False: 2
		* 3
	1
func sibling(): 1

  [FAIL] next line control values continue operators
  [PASS] 100 nested concurrently for loops project every body
  [PASS] concurrently for names follow authored order
  [PASS] concurrently for matches the frozen parser
  [PASS] soft select binder names follow authored order
  [PASS] soft keyword binding heads match old parser
  [PASS] builtin values match frozen body contexts
  [PASS] opaque conversion values keep their own block anchor
  [PASS] flat tuple destructuring matches the old parser
  [PASS] body completion keeps written spellings and following owner
  [PASS] expression bodies match the old parser
  [PASS] leading dot chains match the old parser with siblings
  [PASS] 256 continued postfix links project by a loop
  [PASS] block statements match the old parser
  [PASS] declaration metadata matches the old parser
  [PASS] control flow matches the old parser
  [PASS] question bindings and tuple loops match the old parser
  [PASS] lambdas and local functions match the old parser
  [PASS] match statements match the old parser
  [PASS] control item entries match the old parser
  [PASS] control operator tails match the old parser
  [PASS] control expression values match the old parser
  [PASS] with resources match the old parser
  [PASS] concurrent blocks match the old parser
  [PASS] select arms match the old parser
  [PASS] debug blocks and detach match the old parser
  [PASS] nested block forms match the old parser
  [PASS] lambdas in block form headers match the old parser
  [PASS] multiline braced forms match the old parser
  [PASS] multiline braced globals and bodies match the old parser
  [PASS] multiline calls, lists, tuples and groupings match the old parser
  [PASS] block arguments inside brackets match the old parser
  [PASS] blocks in bracketed items follow the old anchor
  [PASS] blocks in block headers follow the old anchor
  [PASS] block indentation variants follow the old anchor
  [PASS] same line bodies and globals follow the old anchor
  [PASS] nested blocks match the old parser
  [PASS] trait default bodies match the old parser
  [PASS] implementation bodies match the old parser
  [PASS] several declarations match the old parser
  [PASS] string and character literals match the old parser
  [PASS] interpolated strings match the old parser
  [PASS] character escapes and raw pipe strings match the old parser
  [PASS] pipe strings project like the old parser
  [PASS] nested lambdas project to their depth
  [PASS] a 2000 link else if chain projects by a loop
  [PASS] 100 nested value ifs project
  [PASS] a 2000 arm match value projects every arm
  [PASS] 100 nested with blocks project
  [PASS] 100 nested concurrent blocks project
  [PASS] 100 nested debug blocks project
  [PASS] 100 nested selects project
  [PASS] a 2000 arm select projects every arm
  [PASS] 5000 statements project in order

1 of 55 tests failed
