
>> Blorp CLI wrapper Tests
  [PASS] CLI source models represent targets and files
  [PASS] generated root rejections preserve exact diagnostics
  [PASS] frontend graph uses configured std origin
  [PASS] parse CLI source with setup uses configured std identity
  [PASS] frontend graph uses embedded std without override
  [PASS] expand check targets discovers sorted directory sources
  [PASS] expand check targets preserves explicit file sources
  [PASS] expand check targets handles mixed file and directory targets
  [PASS] expand check targets preserves empty directory targets
  [PASS] expand check targets reports missing targets
  [PASS] run CLI returns frontend graph for multi-file check
  [PASS] run CLI returns frontend graph for directory check
  [PASS] run CLI check reports a parse failure before a graph exists
  [PASS] run CLI formats check source before read
  [PASS] run CLI no-format preserves check source
  [PASS] run CLI env no-format preserves check source
  [PASS] run CLI skips std check source formatting
  [PASS] run CLI formats directory check sources before batch parse
  [PASS] run CLI reports check format errors
  [PASS] run CLI reports missing check target
  [PASS] run CLI reports empty check directory
  [PASS] run CLI handles format help
  [PASS] run CLI handles top-level usage
  [PASS] run CLI handles embedded version
  [PASS] run CLI handles command help
  [PASS] run CLI handles package help
  [PASS] run CLI plans package command
  [PASS] run CLI builds compile source plan
  [PASS] run CLI discovers compile import source graph
  [PASS] run CLI preserves import spellings for same path
  [PASS] run CLI discovers package alias source graph
  [PASS] run CLI reports missing package cache
  [PASS] run CLI discovers pkg root source graph
  [PASS] run CLI carries config std context
  [PASS] run CLI formats compile source before parse
  [PASS] run CLI builds run source plan
  [PASS] run CLI formats run source before parse
  [PASS] run CLI compile reports a parse failure before a graph exists
  [PASS] run CLI run reports a parse failure before a graph exists
  [PASS] run CLI plans test command
  [PASS] run CLI plans purify command
  [PASS] run CLI plans LSP command
  [PASS] run CLI handles format errors

All 43 tests passed

>> Blorp CLI compile output Tests
  [PASS] compile typed summary reaches command output
  [PASS] allocation report returns without writing artifact

All 2 tests passed

>> Core source locations from graph lowering Tests
  [PASS] graph lowering gives distinct calls distinct temporary ids

All 1 tests passed

>> Operators on records without a written Equatable reach the derived impl Tests
  [PASS] record operators call derived equality

All 1 tests passed

>> Trait method calls and operators resolve to impl targets Tests
  [PASS] generic impl operators call trait default methods
  [PASS] equals method, call and == reach the written impl

All 2 tests passed

>> Legacy discovery adapter Tests
  [PASS] opaque globals complete and preserve written name order
  [PASS] float globals preserve checked full ast
  [PASS] mixed float globals preserve names
  [PASS] float global normalized digits rejected
  [PASS] integer globals preserve authored full ast
  [PASS] mixed atomic globals preserve names
  [PASS] integer global normalized digits rejected
  [PASS] name initialized globals completed syntax
  [PASS] name globals repeated and cross module names
  [FAIL] unsupported name globals preserve names
  [PASS] builtin globals reuse names without marker names
  [PASS] leading dot globals reuse existing names
  [PASS] name globals preserve earlier deferred owner
  [PASS] completed name global changed value
  [FAIL] trait structural header projection
  [FAIL] implementation structural header projection
  [FAIL] trait and implementation header names
  [FAIL] trait and implementation changed evidence
  [PASS] prefix comparison completed kind coverage
  [PASS] prefix comparison changed completed field and order
  [PASS] prefix comparison module documentation
  [FAIL] prefix comparison function boundaries
  [FAIL] function header projection rich authored and forward forms
  [FAIL] function header comparison independent structural mutations
  [FAIL] function header stop shared names across modules
  [PASS] prefix comparison private trait and implementation spans
  [PASS] prefix comparison incorrect deferred kind and spans
  [PASS] prefix comparison eof and missing boundaries
  [PASS] prefix comparison global forms
  [PASS] global header projection forms and rich types
  [PASS] global header comparison independent structural mutations
  [PASS] global header stop exact names across modules
  [PASS] function stop excludes later global header names
  [PASS] prefix comparison global declaration anchor
  [PASS] prefix comparison changed global header
  [PASS] global projection rejects invalid initializer cursors
  [FAIL] global initializer entry preserves layout and grouping
  [PASS] prefix comparison changed global initializer entry
  [PASS] prefix comparison rejected old parser
  [PASS] prefix comparison rejected stops
  [PASS] projection completed leaf order
  [PASS] projection import and foreign blocks
  [PASS] projection normalizes spaced import paths
  [PASS] projection documentation and visibility
  [PASS] projection shared names across modules
  [PASS] projection preseeded ids
  [PASS] projection deferred declaration stops
  [PASS] projection scan hard stops
  [PASS] projection no progress stop
  [PASS] projection invariant fail closed
  [PASS] union preview preserves rich parameters and all variant forms
  [PASS] union preview preserves shared payload type forms
  [PASS] fixed union preview preserves ordinary payload rules and source form
  [PASS] fixed union projection preserves private documentation and payloads
  [PASS] union and enum previews preserve eof blocks blank lines and newlines
  [PASS] union preview preserves wildcard parameter trivia json
  [PASS] union preview populates parameter bound variant and payload spellings
  [PASS] enum preview populates case spellings and has no parameters or payload fields
  [PASS] builtin type preview preserves three forms and rich generics
  [PASS] builtin type preview preserves absent empty parameters and terminal newlines
  [PASS] builtin type preview preserves all cleanup string forms and decoded contents
  [PASS] builtin type preview preserves wildcard parameter trivia JSON
  [PASS] builtin type preview populates generic identifier spellings and resource metadata
  [PASS] alias preview preserves both forms generics bounds and dimensions
  [PASS] alias preview preserves absent empty parameters and terminal newlines
  [PASS] alias preview preserves target forms and dimension authored bytes
  [PASS] alias preview populates parameter bound and target identifier spellings
  [PASS] alias preview preserves wildcard parameter trivia JSON
  [PASS] record preview preserves wildcard parameter trivia JSON
  [PASS] record preview preserves wildcard parameter spelling and span
  [PASS] record preview preserves generics, bounds and dimensions
  [PASS] record preview preserves empty parameter and field lists
  [PASS] record preview preserves shared field type forms
  [PASS] record preview populates generic identifier spellings
  [PASS] record preview rejects malformed parameters and fields
  [PASS] record preview marks outside declaration boundary unsupported
  [PASS] generic functions and bounds match
  [PASS] qualified bounds and supertraits match
  [PASS] dimensions, ranges and constraints match
  [PASS] function and tuple types match
  [PASS] impls and traits with methods match
  [PASS] unions, enums and variant payloads match
  [PASS] ordinary and fixed records match
  [PASS] record forms preview preserves fields, spans and source form
  [PASS] record forms preview preserves empty fields and trailing comma
  [PASS] record forms preview preserves nested and qualified types
  [PASS] record forms preview preserves tuple and function types
  [PASS] record forms preview preserves array, range and dimension types
  [PASS] record forms preview preserves literal digits after hash whitespace
  [PASS] record forms preview preserves literal digits after hash comment
  [PASS] record forms preview preserves variadic wildcard identifier spans
  [PASS] record forms preview populates authored identifier spellings
  [PASS] record forms preview rejects lexical and parser errors with diagnostics
  [PASS] both record forms preview marks outside declaration boundary unsupported
  [PASS] foreign blocks match
  [PASS] private declarations match
  [PASS] docstrings and the module docstring match
  [PASS] imports with aliases, selections and variants match
  [PASS] aliases, builtin and resource types and globals match
  [PASS] annotated functions match
  [PASS] parameter binders match
  [PASS] spans after non-ASCII text match
  [PASS] operators, calls and literals match
  [PASS] a parenthesized name keeps its own span
  [PASS] strings and interpolation match
  [PASS] brace forms match
  [PASS] leading dot chains after lambdas match
  [PASS] anchored if and match values and comments between branches match
  [PASS] loops and match cases match
  [PASS] every pattern kind matches
  [PASS] bindings, assignments, conversions, builtins and globals match
  [PASS] lambdas and local functions match
  [PASS] concurrency, select, with and debug forms match
  [PASS] bodies of documented traits, impls and private members match
  [PASS] escapes and braces around holes match
  [PASS] interpolation three levels deep is interpolated at every level
  [PASS] a deeply nested body is rebuilt without recursion
  [PASS] a concurrently loop without a limit is a malformed node
  [PASS] the comparison reports a changed field
  [PASS] modules are named as the existing front end names them
  [PASS] a native package module is named by its request
  [PASS] a table the parser left incomplete is an error, not a default
  [PASS] the graph has the modules, roots and edges of the sources
  [PASS] graph identifiers are spelled by the stage's name table
  [PASS] the stage's seed names equal the existing vocabulary

10 of 125 tests failed

>> Discovery stage as the CLI front end Tests
  [PASS] an unresolved import does not stop discovery
  [PASS] a parse error stops discovery and prints before an import problem
  [PASS] a syntax error in an import follows the root's in module order
  [PASS] a root that loaded nothing is reported first without a position
  [PASS] an internal error names the table, row and kind

All 5 tests passed

>> Discovery fuzzer regression cases Tests
  [PASS] a function with an arithmetic body
  [PASS] a block lambda closed by its call
  [PASS] an import with a symbol list
  [PASS] an indented declaration after a function is rejected
  [PASS] an unclosed parenthesis in a body is not accepted
  [PASS] a block lambda body not indented past its call is not accepted
  [PASS] a match opened inside a record field at the wrong indentation is not accepted
  [PASS] a match opened in an inline lambda at the wrong indentation is not accepted
  [PASS] KNOWN DEFECT (delete its known_defect when fixed): an import line ending in a colon projects an empty symbol list
  [PASS] KNOWN DEFECT (delete its known_defect when fixed): an import constructor list needs commas
  [PASS] KNOWN DEFECT (delete its known_defect when fixed): a trailing ?= binding in a block nested in a value if is not accepted
  [PASS] a comment-only function body agrees or safely stops

All 12 tests passed

>> Syntax nesting limit, legacy projection Tests
  [PASS] concurrently for projects at the limit
  [PASS] builtin markers project at the nesting limit
  [PASS] opaque conversions project at the combined limit
  [PASS] lists project at the limit
  [PASS] tuples project at the limit
  [PASS] groupings project at the limit
  [PASS] vectors project at the limit
  [PASS] call arguments project at the limit
  [PASS] subscripts project at the limit
  [PASS] record literals project at the limit
  [PASS] record updates project at the limit
  [PASS] dict literals project at the limit
  [PASS] expression-bodied lambdas project at the limit
  [PASS] not chains project at the limit
  [PASS] negation chains project at the limit
  [PASS] detach chains project at the limit
  [PASS] interpolation holes project
  [PASS] value ifs project at the limit
  [PASS] with blocks project at the limit
  [PASS] concurrent blocks project at the limit
  [PASS] debug blocks project at the limit
  [PASS] selects project at the limit
  [PASS] operand ifs project at the limit
  [PASS] block lambdas project at the limit
  [PASS] tuple types project at the limit
  [PASS] grouped types project at the limit
  [PASS] function types project at the limit
  [PASS] type arguments project at the limit
  [PASS] parenthesized dimensions project at the limit
  [PASS] dimension sums project at the limit
  [PASS] dimension products project at the limit
  [PASS] array suffixes project at the limit
  [PASS] constructor patterns project at the limit
  [PASS] tuple patterns project at the limit
  [PASS] list patterns project at the limit
  [PASS] if statement blocks project at the limit
  [PASS] while blocks project at the limit
  [PASS] for blocks project at the limit
  [PASS] local function bodies project at the limit
  [PASS] match blocks project at the limit
  [PASS] else blocks project at the limit
  [PASS] holes around brackets project at the limit
  [PASS] left spines project

All 43 tests passed

>> Tree statement and block legacy projection Tests
  [PASS] next line values match frozen layout and anchors
  [PASS] next line control values continue operators
  [PASS] 100 nested concurrently for loops project every body
  [PASS] concurrently for names follow authored order
  [PASS] concurrently for matches the frozen parser
  [PASS] soft select binder names follow authored order
  [PASS] soft keyword binding heads match old parser
  [PASS] builtin values match frozen body contexts
  [PASS] opaque conversion values keep their own block anchor
  [PASS] flat tuple destructuring matches the old parser
  [PASS] body completion keeps written spellings and following owner
  [PASS] expression bodies match the old parser
  [PASS] leading dot chains match the old parser with siblings
  [PASS] 256 continued postfix links project by a loop
  [PASS] block statements match the old parser
  [PASS] declaration metadata matches the old parser
  [PASS] control flow matches the old parser
  [PASS] question bindings and tuple loops match the old parser
  [PASS] lambdas and local functions match the old parser
  [PASS] match statements match the old parser
  [PASS] control item entries match the old parser
  [PASS] control operator tails match the old parser
  [PASS] control expression values match the old parser
  [PASS] with resources match the old parser
  [PASS] concurrent blocks match the old parser
  [PASS] select arms match the old parser
  [PASS] debug blocks and detach match the old parser
  [PASS] nested block forms match the old parser
  [PASS] lambdas in block form headers match the old parser
  [PASS] multiline braced forms match the old parser
  [PASS] multiline braced globals and bodies match the old parser
  [PASS] multiline calls, lists, tuples and groupings match the old parser
  [PASS] block arguments inside brackets match the old parser
  [PASS] blocks in bracketed items follow the old anchor
  [PASS] blocks in block headers follow the old anchor
  [PASS] block indentation variants follow the old anchor
  [PASS] same line bodies and globals follow the old anchor
  [PASS] nested blocks match the old parser
  [PASS] trait default bodies match the old parser
  [PASS] implementation bodies match the old parser
  [PASS] several declarations match the old parser
  [PASS] string and character literals match the old parser
  [PASS] interpolated strings match the old parser
  [PASS] character escapes and raw pipe strings match the old parser
  [PASS] pipe strings project like the old parser
  [PASS] nested lambdas project to their depth
  [PASS] a 2000 link else if chain projects by a loop
  [PASS] 100 nested value ifs project
  [PASS] a 2000 arm match value projects every arm
  [PASS] 100 nested with blocks project
  [PASS] 100 nested concurrent blocks project
  [PASS] 100 nested debug blocks project
  [PASS] 100 nested selects project
  [PASS] a 2000 arm select projects every arm
  [PASS] 5000 statements project in order

All 55 tests passed

>> Tree expression legacy projection Tests
  [PASS] soft keyword fields and frozen name atoms match old parser
  [PASS] builtin markers match frozen literal payloads
  [PASS] opaque conversions match full frozen type grammar
  [PASS] minted empty call retains raw AST
  [PASS] supported expression AST JSON parity
  [PASS] completed global full declaration parity
  [PASS] grouped integer preserves authored digits
  [PASS] missing integer token fails closed
  [PASS] names follow written order
  [PASS] postfix names follow written order
  [PASS] postfix integer provenance fails closed
  [PASS] parsed method chain survives dump and ID census
  [PASS] list names follow written order
  [PASS] 100 nested lists survive dump, census and projection
  [PASS] nested list dump text
  [PASS] mixed tuple and list dump text
  [PASS] mixed braced dump text
  [PASS] 100 alternating tuples and lists survive dump, census and projection
  [PASS] tuple names follow written order
  [PASS] braced names follow written order
  [PASS] 100 nested vectors survive dump, census and projection
  [PASS] nested records and dicts survive dump, census and projection
  [PASS] 3000 element list projects in order
  [PASS] control operand globals match the old AST JSON
  [PASS] deep postfix projection uses an iterative walk
  [PASS] deep binary projection uses an iterative walk

All 26 tests passed

>> Tree module projection to the frozen parser Tests
  [PASS] a module of every item kind matches the old parser
  [PASS] forward declarations match span for span
  [PASS] a forward declaration after its implementation
  [PASS] an empty module

All 4 tests passed

>> Tree rejected declaration differential Tests
  [PASS] malformed fixed bound pins deferred proof boundary
  [PASS] added help baseline difference is exact
  [PASS] inline advice baseline difference is exact
  [PASS] duplicate fields match raw legacy diagnostics
  [PASS] completed leaf rejections compare all diagnostic fields
  [PASS] recovery compares later declarations in diagnostic order
  [PASS] deferred owners never count as tree rejection proof
  [PASS] accepted leaf source is not rejection evidence

All 8 tests passed

>> rejected syntax rendering Tests
  [PASS] complete renderer covers every payload family
  [PASS] nesting limit wording
  [PASS] complete renderer keeps every diagnostic and position
  [PASS] rejected record keeps earlier field for rendering
  [PASS] rejected ordinary record keeps earlier field for rendering
  [PASS] rejected fixed record keeps earlier field for rendering
  [PASS] definition lookup rejects missing cross-module and forward references
  [PASS] definition lookup rejects wrong kind
  [PASS] rejection requires a diagnostic
  [PASS] every preview rejection keeps spelling lookup
  [PASS] parser rejects inexact line starts

All 11 tests passed

>> Rendered discovery diagnostics Tests
  [PASS] a tab advances the column to the next multiple of four
  [PASS] columns count bytes, not characters
  [PASS] the line is one-based
  [PASS] unknown escape renders the escaped character
  [PASS] an unprintable escaped byte renders as hex
  [PASS] integer overflow renders the literal digits
  [PASS] float overflow renders the literal digits
  [PASS] interpolation too deep renders the limit
  [PASS] an invalid UTF-8 byte renders as hex
  [PASS] an invisible character renders as its codepoint
  [PASS] a zero-width space renders as its codepoint
  [PASS] a visible non-ASCII character is quoted
  [PASS] a reserved keyword is named from the source
  [PASS] an unknown annotation is named
  [PASS] a duplicate concurrency parameter is named
  [PASS] an unknown concurrency parameter is named
  [PASS] an unresolved import names the import text
  [PASS] a case-mismatched import reads as the existing compiler prints it
  [PASS] a nested case mismatch respells only the differing components
  [PASS] an oversized source renders its length
  [PASS] too many sources names the limit one below the span field
  [PASS] an unresolved root names its path
  [PASS] a root in another case names the stored file
  [PASS] an unlistable directory names the import it could not check
  [PASS] an unreadable import names its path
  [PASS] an unreadable root names its path
  [PASS] a missing implicit module names it
  [PASS] an unlistable root directory names the root
  [PASS] the code lists are the declared codes
  [PASS] every code renders a message and a help line
  [PASS] an unterminated char literal in a hole is reported at the line break
  [PASS] a display is the position line then the help line
  [PASS] the construct names the text
  [PASS] every pinned missing token renders its message
  [PASS] the union field limit comes from the row

All 35 tests passed

>> Discovery lexer as a pure function Tests
  [PASS] the same text lexes to the same module whatever came before
  [PASS] a module interns only its own names
  [PASS] an identifier token carries its spelling's index
  [PASS] a keyword token has no spelling payload and adds no spelling
  [PASS] a dimension name shares the plain name's spelling
  [PASS] an integer literal is its checked magnitude
  [PASS] a float literal keeps its written digits
  [PASS] a string literal is its decoded text
  [PASS] literal payloads index the literals in token order
  [PASS] an integer above Int128 is reported with its digits
  [PASS] a float that is not finite is reported with its digits
  [PASS] an unexpected character is a diagnostic and lexing goes on
  [PASS] line starts are the offsets after each newline
  [PASS] an interpolated string is scanned into text and holes
  [PASS] an unclosed hole extends to the end of its string as in the existing compiler
  [PASS] a hole is lexed apart with the module's spellings
  [PASS] a hole keeps its own literals and diagnostics

All 17 tests passed

>> Discovery lexer Tests
  [PASS] indentation and comments match the existing lexer
  [PASS] lambda bodies inside brackets match the existing lexer
  [PASS] strings, escapes and interpolation match the existing lexer
  [PASS] pipe strings match the existing lexer
  [PASS] numbers and symbols match the existing lexer
  [PASS] docstrings match the existing lexer
  [PASS] dimension names match the existing lexer
  [PASS] char literals match the existing lexer
  [PASS] malformed input is reported as coded rows
  [PASS] keyword kinds follow the seeded vocabulary
  [PASS] name directly after hash is one dimension token and interns both spellings
  [PASS] hash before blank, digit or line end stays a symbol
  [PASS] hash forms match the existing lexer
  [PASS] keyword spelling is not an identifier
  [PASS] seeded name is reused, not appended
  [PASS] lexing a second source replaces the tokens and shares names
  [PASS] empty source lexes to end of file only
  [PASS] unknown escape records the escaped byte

All 18 tests passed

>> Discovery lexer allocations Tests
  [PASS] name interning and keyword setup allocations
  [PASS] symbols allocate managed tokens and matches
  [PASS] layout allocates managed tokens and name results
  [PASS] comments and blank lines allocate managed tokens and names
  [PASS] a new spelling allocates its text and a table copy
  [PASS] integers allocate their checked value
  [PASS] floats allocate their digits and value
  [PASS] strings allocate their text and value
  [PASS] dimension names allocate managed tokens and name results
  [PASS] raw strings allocate per literal
  [PASS] character literals allocate per literal
  [PASS] interpolated strings allocate their pieces

All 12 tests passed

>> Standalone alias preview Tests
  [PASS] both alias forms own metadata spans and source
  [PASS] empty parameter lists and terminal newlines are supported
  [PASS] missing opaque second keyword rejects with exact diagnostic
  [PASS] missing equal and target rejections pin diagnostic details
  [PASS] malformed parameters reject with exact construct and span
  [PASS] lexical diagnostics reject before alias recognition
  [PASS] other declarations headers and trailing material are unsupported

All 7 tests passed

>> Discovery body parser Tests
  [PASS] loop context belongs to the enclosing body after a nested body
  [PASS] a local function belongs to the module that holds it
  [PASS] recovery nodes are linked to their diagnostics
  [PASS] question bind in a concurrent task inside a loop is not a loop error
  [PASS] lambda and concurrent task bodies start outside every loop
  [PASS] question bind in a loop body is reported at the operator
  [PASS] question bind outside a loop body is accepted
  [PASS] break and continue outside a loop body are reported at the keyword
  [PASS] break and continue inside a loop body are accepted
  [PASS] non literal count diagnostic covers the whole value
  [PASS] concurrent block parameter rules
  [PASS] concurrently loop parameter rules
  [PASS] type ascription is reported and skipped without a node
  [PASS] type ascription in braces and without a type reports once
  [PASS] binary operators nest by precedence
  [PASS] postfix chains calls lambdas and leading dot continuations
  [PASS] statements bind assign and destructure
  [PASS] control flow constructs and match patterns
  [PASS] literals brackets conversions builtins and interpolation
  [PASS] lambda blocks and anchored if and match values
  [PASS] interpolation holes are parsed as nested expressions
  [PASS] concurrency counts are kept as integers
  [PASS] a count above Int range is rejected rather than saturated
  [PASS] a count that is not a positive literal is none
  [PASS] string patterns keep the form they were written in
  [PASS] holes nest to any depth and a brace in a nested string closes nothing
  [PASS] an unterminated char literal in a hole reports the string and recovers
  [PASS] a char literal in a hole is opaque to the hole scan
  [PASS] an unknown escape after a hole keeps its pair as text
  [PASS] local functions global values and trait default bodies get body rows
  [PASS] a named argument is rejected as an assignment inside a call
  [PASS] an assignment outside statement position is rejected at its operator
  [PASS] malformed bodies are reported with coded diagnostics

All 33 tests passed

>> Standalone builtin and resource type preview Tests
  [PASS] three forms preserve metadata spans parameters and source
  [PASS] absent empty parameters and terminal newlines are supported
  [PASS] missing resource type and markers reject with exact diagnostics
  [PASS] empty and numeric cleanup reject with exact diagnostic spans
  [PASS] lexical diagnostics reject before declaration recognition
  [PASS] other declarations headers and authored trailing material are unsupported

All 6 tests passed

>> Discovery declaration parser Tests
  [PASS] fixed union preserves source form and ordinary payloads
  [PASS] ordinals count each owner's rows from zero
  [PASS] a parameter holds the binder names its form has
  [PASS] function signatures type parameters and constraints
  [PASS] written types become type nodes
  [PASS] record spellings and their fields
  [PASS] unions enums and variant payloads
  [PASS] builtin resource alias and opaque types
  [PASS] globals and private declarations
  [PASS] traits with methods and supertraits
  [PASS] impls and their methods
  [PASS] qualified trait bounds and supertraits render with their qualifier
  [PASS] qualified bounds and supertraits have qualifier side rows
  [PASS] frozen tables read the qualifier of a bound or supertrait
  [PASS] qualified trait reference without a name is reported
  [PASS] foreign blocks bindings and c names
  [PASS] docstring before the first import block is the module documentation
  [PASS] docstring before a later import block is reported at the docstring
  [PASS] docstring and annotation before an import block report both
  [PASS] docstring before pure import block is reported at the docstring
  [PASS] docstring before a function is not module documentation
  [PASS] a second module documentation row for a module is reported
  [PASS] malformed declarations are reported and recovered
  [PASS] a repeated field name is reported once at the later field
  [PASS] a field given twice in a literal or update is reported at the second
  [PASS] missing field names do not repeat each other
  [PASS] a forward declaration is paired with a same-named function either side
  [PASS] a header without a body is reported at its name
  [PASS] a forward declaration needs its colon
  [PASS] a lexer error suppresses the forward declaration check
  [PASS] an earlier syntax error suppresses the forward declaration check

All 31 tests passed

>> Discovery lexed module bridge Tests
  [PASS] names are interned in token order with each dimension sigil after its name
  [PASS] an identifier token carries the name's row
  [PASS] literals are interned in token order and share equal text
  [PASS] an interpolated string's text pieces are interned where the string is
  [PASS] the interpolation payload indexes its bridged pieces
  [PASS] a hole's names are interned after the module's own
  [PASS] a second module shares names with the first
  [PASS] the second module's tokens replace the first's
  [PASS] lexer diagnostics reach the builder

All 9 tests passed

>> Discovery name spans Tests
  [PASS] a type parameter name is narrower than its bounds
  [PASS] a bound names its trait inside the qualified reference
  [PASS] a supertrait names its trait inside the qualified reference
  [PASS] an import names its path, alias and symbols
  [PASS] an import block ends at its closing dedent
  [PASS] a foreign argument names itself inside its value
  [PASS] a generic named type names itself inside its arguments
  [PASS] a qualified type names itself after its module
  [PASS] a bounded type names its parameter before its bounds
  [PASS] a variadic dimension names itself before its dots
  [PASS] a dimension name has its hash spelling
  [PASS] a field names itself after its receiver
  [PASS] a binding or assignment names its target before its value
  [PASS] a with or select binder names itself before its value
  [PASS] a typed lambda parameter names itself before its type
  [PASS] a pattern names its constructor and spread inside the pattern
  [PASS] an else keyword has its own span even after a comment
  [PASS] parentheses widen an expression but not a name

All 18 tests passed

>> Parser fixtures through discovery Tests
fixtures run: 778
  [PASS] every should_pass fixture parses without diagnostics
fixtures run: 170
  [PASS] every should_fail fixture matches its pin
  [PASS] should_pass failure names the fixture and lists the diagnostics
  [PASS] should_fail without a pin says how to add one
  [PASS] should_fail pin mismatch shows expected and actual
  [PASS] should_fail pin that matches passes
  [PASS] accepted pin fails when discovery reports a diagnostic
  [PASS] accepted pin holds when discovery reports nothing
  [PASS] accepted pin without a reason is an unknown code
  [PASS] discovery gap pin fails once discovery reports the problem
  [PASS] pending spec decision pin is a named skip
  [PASS] two pins conflict
  [PASS] pinned text that matches the stage passes
  [PASS] a fixture the existing runner does not run is named
  [PASS] a missing existing message says how to pin it
  [PASS] a missing existing position says how to pin it
  [PASS] different wording shows both texts and how to pin the difference
  [PASS] a named wording difference passes
  [PASS] a named difference that is not one is stale
  [PASS] a position difference needs a reason
  [PASS] a stated position difference passes
  [PASS] a position difference that is not one is stale
  [PASS] text is not checked for fixtures without a first diagnostic pin
  [PASS] invalid utf8 byte is pinned like a fixture
discovery diagnostic codes: 124
  [PASS] the enum block is read
  [PASS] the enum block matches the catalogue
codes pinned by legacy fixtures: 29; by new fixtures only: 77; uncoverable: 18
  [PASS] every diagnostic code has a fixture or a reason
  [PASS] uncoverable codes are codes and not covered

All 28 tests passed

>> Exact numeric token provenance Tests
  [PASS] authored integer digits survive exact grouping
  [PASS] extra or unbalanced tokens never supply literal digits
  [PASS] wrong source or partial span has no literal provenance

All 3 tests passed

>> Should-pass corpus construct coverage Tests
directories: 8; files read: 778; node kinds: 128 (exempt 3); token kinds: 98 (exempt 3)
  [PASS] the corpus covers every kind
  [PASS] every subdirectory of a corpus directory is listed

All 2 tests passed

>> Stop reasons of declined declarations Tests
operator after a control expression: declined as function operator-without-left-operand
  [FAIL] expression shapes are named
  [PASS] a soft keyword is a block only with the shape of one
operator after an else block: declined as function operator-without-left-operand
  [FAIL] statement shapes are named
  [PASS] the rollback is located at the construct
  [PASS] owners and globals decline with their own kind

2 of 5 tests failed

>> Syntax nesting limit Tests
  [PASS] concurrently for at the limit
  [PASS] concurrently for one past the limit
  [PASS] builtin markers are leaves at the nesting limit
  [PASS] opaque conversions and types at the combined limit
  [PASS] lists at the limit
  [PASS] lists one past the limit
  [PASS] tuples at the limit
  [PASS] tuples one past the limit
  [PASS] groupings at the limit
  [PASS] groupings one past the limit
  [PASS] vectors at the limit
  [PASS] vectors one past the limit
  [PASS] call arguments at the limit
  [PASS] call arguments one past the limit
  [PASS] subscripts at the limit
  [PASS] subscripts one past the limit
  [PASS] record literals at the limit
  [PASS] record literals one past the limit
  [PASS] record updates at the limit
  [PASS] record updates one past the limit
  [PASS] dict literals at the limit
  [PASS] dict literals one past the limit
  [PASS] expression-bodied lambdas at the limit
  [PASS] expression-bodied lambdas one past the limit
  [PASS] not chains at the limit
  [PASS] not chains one past the limit
  [PASS] negation chains at the limit
  [PASS] negation chains one past the limit
  [PASS] detach chains at the limit
  [PASS] detach chains one past the limit
  [PASS] holes are accepted up to the lexer cap
  [PASS] a hole around brackets at the limit
  [PASS] a hole around brackets one past the limit
  [PASS] nested holes around brackets add up
  [PASS] siblings do not accumulate depth
  [PASS] value ifs at the limit
  [PASS] value ifs one past the limit
  [PASS] with blocks at the limit
  [PASS] with blocks one past the limit
  [PASS] concurrent blocks at the limit
  [PASS] concurrent blocks one past the limit
  [PASS] debug blocks at the limit
  [PASS] debug blocks one past the limit
  [PASS] selects at the limit
  [PASS] selects one past the limit
  [PASS] operand ifs at the limit
  [PASS] operand ifs one past the limit
  [PASS] block lambdas at the limit
  [PASS] block lambdas one past the limit
  [PASS] tuple types at the limit
  [PASS] tuple types one past the limit
  [PASS] grouped types at the limit
  [PASS] grouped types one past the limit
  [PASS] function types at the limit
  [PASS] function types one past the limit
  [PASS] parenthesized dimensions at the limit
  [PASS] parenthesized dimensions one past the limit
  [PASS] dimension sums at the limit
  [PASS] dimension sums one past the limit
  [PASS] dimension products at the limit
  [PASS] dimension products one past the limit
  [PASS] array suffixes at the limit
  [PASS] array suffixes one past the limit
  [PASS] tuple patterns at the limit
  [PASS] tuple patterns one past the limit
  [PASS] list patterns at the limit
  [PASS] list patterns one past the limit
  [PASS] if statement blocks at the limit
  [PASS] if statement blocks one past the limit
  [PASS] while blocks at the limit
  [PASS] while blocks one past the limit
  [PASS] for blocks at the limit
  [PASS] for blocks one past the limit
  [PASS] match blocks at the limit
  [PASS] match blocks one past the limit
  [PASS] else blocks at the limit
  [PASS] else blocks one past the limit
  [PASS] local function bodies at the limit
  [PASS] local function bodies one past the limit
  [PASS] the diagnostic is located at the refused token
  [PASS] the diagnostic of a rejected declaration is located
  [PASS] left spines and chains do not count

All 82 tests passed

>> Direct tree alias declaration leaf Tests
  [PASS] both forms mint parameters then target then alias
  [PASS] absent and written empty parameters preserve metadata
  [PASS] target shapes end at trailing keyword
  [PASS] missing second keyword uses form specific construct and continues
  [PASS] missing name rejects before target
  [PASS] reserved name rejects before parameters
  [PASS] malformed parameters reject before target
  [PASS] missing equal parses target before rejecting declaration
  [PASS] missing and malformed target preserve type recovery
  [PASS] unexpected trailing name remains untouched

All 10 tests passed

>> Tree statements, blocks and function bodies Tests
  [PASS] next line pipe value has real span and postorder ids
  [PASS] 100 nested concurrently for loops
  [PASS] invalid concurrently for rolls back every child
  [PASS] concurrently for completes and censuses ids
  [PASS] tuple destructuring with unread value rolls back binders and spellings
  [PASS] soft keyword assignment mints target before value
  [PASS] flat tuple destructuring mints only binders and value
  [PASS] tuple destructuring does not admit other targets or keyword tokens
  [PASS] grouped thread counts issue no expression ids
  [PASS] only the outer terminal subscript is an assignment place
  [PASS] comment-only body stops without diagnostics or body ids
  [PASS] conditional inside parentheses owns else but leaves later stray else
  [PASS] multiline parenthesized body owns anchor close and following layout
  [PASS] leading dot postfix continuation stays in inline body
  [PASS] multiple else if continuations stay in one completed body
  [PASS] stray else after nonconditional body remains outside completed body
  [PASS] indented nested body preserves authored span and layout interval
  [PASS] inline block continuation at function anchor remains one body
  [PASS] inline body consumes owned newline and preserves next declaration
  [PASS] ids follow source order and the function comes last
  [PASS] a function body is complete syntax with an exact census
  [PASS] leading dots preserve siblings and owners
  [PASS] closed chains preserve unary siblings and nested levels
  [PASS] 256 continued postfix links have an exact census
  [PASS] unsupported bodies roll back exactly
  [PASS] types and patterns are minted in source order
  [PASS] interpolation holes are minted in source order
  [PASS] owner methods are minted in source order
  [PASS] an owner with an unsupported body keeps only its header ids
  [PASS] lambda and local function ids follow source order
  [PASS] nested lambdas
  [PASS] break and continue are supported only inside loops
  [PASS] else if links are minted inner before outer
  [PASS] the scan stops at a deferred function
  [PASS] 5000 statements
  [PASS] 2000 link else if chain
  [PASS] control expression operands complete and their continuations defer
  [PASS] long control operator chain survives dump and census
  [PASS] control operator tail rollback preserves entry
  [PASS] standalone control operator tail rollback preserves entry
  [PASS] control value ids follow source order
  [PASS] 100 nested value ifs
  [PASS] 40 nested operand ifs
  [PASS] 2000 link else if value
  [PASS] 2000 arm match value
  [PASS] with ids follow source order
  [PASS] concurrent ids follow source order
  [PASS] select ids follow source order
  [PASS] debug and detach ids follow source order
  [PASS] select value ids follow source order
  [PASS] unsupported block forms roll back exactly
  [PASS] block forms follow the enclosing loop scope
  [PASS] 100 nested with blocks
  [PASS] 100 nested concurrent blocks
  [PASS] 100 nested debug blocks
  [PASS] 100 nested selects
  [PASS] 2000 arm select

All 57 tests passed

>> Direct tree builtin and resource type leaf Tests
  [PASS] three forms mint parameters then definition and preserve cursor
  [PASS] absent and written empty parameters preserve metadata
  [PASS] cleanup accepts quoted raw pipe and raw pipe strings
  [PASS] missing type equal and marker continue without cascades
  [PASS] missing reserved names and malformed parameters stop early
  [PASS] plain arguments stop at first close newline or eof
  [PASS] resource cleanup errors preserve existing recovery

All 7 tests passed

>> Single declaration previews and explicit initializer handoffs Tests
  [PASS] fixed union route preserves prefix and ordinary grammar
  [PASS] fixed union malformed headers match table diagnostics
  [PASS] union forms reject type parameters at existing preview boundary
  [PASS] completed routes and keyword priorities
  [PASS] public import foreign and private recovery
  [PASS] function preview and owners read in full
  [PASS] prefix diagnostics own declaration rejection
  [PASS] private documentation pure metadata
  [PASS] fixed exact spelling and generic parameters
  [PASS] globals are read or handed back at their initializer
  [PASS] explicit routes before reserved bindings
  [PASS] error eof progress
  [PASS] sequential completed leaves isolate prefixes

All 13 tests passed

>> Direct declaration prefix metadata and function header composition Tests
  [PASS] rejected prefix preserves following function
  [PASS] defaults leave introducer untouched
  [PASS] documentation and known annotations preserve authored metadata
  [PASS] all known annotations and repetition preserve order
  [PASS] private annotations and repeated pure compose
  [PASS] pre private annotation reports before complete body rejection
  [PASS] unknown annotations do not count and pure resets start
  [PASS] annotation newline ownership changes after private
  [PASS] private and pure do not skip newlines
  [PASS] missing annotation names recover one authored token
  [PASS] annotation arguments stop at first close newline or eof
  [PASS] second docstring and doc after annotation remain authored material
  [PASS] documented annotated import reports in order without dispatch
  [PASS] rich documented forward header composes existing children
  [PASS] inline and indented bodies attach after prefix metadata
  [PASS] sequential function parses do not leak metadata

All 16 tests passed

>> Bounded tree operator expressions Tests
  [PASS] unread lambda holes restore names and ids
  [PASS] unread soft value and block roots preserve entry
  [PASS] frozen keyword name atoms mint token spans
  [PASS] builtin static marker has no hole ids
  [PASS] builtin marker errors reject without trial ids
  [PASS] builtin marker metadata has no nesting cost
  [PASS] builtin rollback discards its leaf ids
  [PASS] builtin marker is one leaf without literal ids
  [PASS] opaque conversion recovered type is never accepted
  [PASS] opaque conversions mint type then value then owner
  [PASS] opaque conversion unsupported values restore entry
  [PASS] opaque conversion rejection preserves diagnostics without ids
  [PASS] grouped block lambda boundary classification
  [PASS] rejected lambda call discards trial definitions
  [PASS] direct expression keeps the caller boundary
  [PASS] precedence and postorder ids
  [PASS] string and character literals
  [PASS] string literals keep form and text
  [PASS] character escapes
  [PASS] pipe interpolation is multiline
  [PASS] interpolation holes in source order
  [PASS] grouping keeps identity and token name span
  [PASS] logical and range forms
  [PASS] detach is a prefix operator
  [PASS] unsupported exact rollback
  [PASS] rejected expression has no ids
  [PASS] postfix source order and spans
  [PASS] leading dots keep postorder ids and spans
  [PASS] malformed continued calls report without ids
  [PASS] postfix rejection diagnostic and no ids
  [PASS] 2000 call left spine
  [PASS] 100 nested call arguments
  [PASS] list source order and spans
  [PASS] empty list
  [PASS] list is an atom
  [PASS] list rejection diagnostic and no ids
  [PASS] 100 nested lists
  [PASS] tuple source order and spans
  [PASS] tuple arity shapes
  [PASS] grouping is never a tuple
  [PASS] tuple rejection diagnostics and no ids
  [PASS] 100 alternating tuples and lists
  [PASS] 100 nested tuples
  [PASS] braced forms and their shapes
  [PASS] multiline brackets and their shapes
  [PASS] blocks in brackets follow the anchor
  [PASS] multiline braced source order
  [PASS] multiline braced rejection lines
  [PASS] braced source order and spans
  [PASS] dict entries issue key then value
  [PASS] braced rejection diagnostics and no ids
  [PASS] braced forms nest in each other
  [PASS] 5000 term left spine

All 53 tests passed

>> Complete foreign blocks with frozen declaration recovery Tests
  [PASS] one child consumes dedent and preserves following declaration
  [PASS] duplicate arbitrary attributes preserve order payloads and spans
  [PASS] plain pipe source layout preserves frozen rejection
  [PASS] raw pipe attribute payload preserves leading space
  [PASS] pipe attribute token contract preserves checked payload and source fields
  [PASS] empty attribute parentheses are rejected then children continue
  [PASS] argument errors preserve order spans and progress
  [PASS] trailing comma is accepted and missing close runs all expectations
  [PASS] missing colon newline and indent do not skip signature
  [PASS] unknown items make progress and later child gets first id
  [PASS] rejected child does not mint parent before later valid child
  [PASS] two children mint ids in order without block or argument ids
  [PASS] annotation newline and trailing body tokens compose child recovery
  [PASS] foreign func and pure report full start and consume one token
  [PASS] supplied documentation anchor extends span without metadata
  [PASS] direct leaf tolerates prior diagnostic but prefix composition rejects delta
  [PASS] eof fallback matches frozen header recovery
  [PASS] grouped return child keeps written span while block owns dedent

All 18 tests passed

>> Direct complete foreign functions Tests
  [PASS] plain signature completes definition without body ids
  [PASS] grouped return span ends at inner type after consuming close
  [PASS] missing arrow still consumes authored c name
  [PASS] invalid c name consumes one invalid token
  [PASS] private annotations and purity attach with exact spans
  [PASS] unknown annotation has no attachment diagnostic
  [PASS] annotation newline is left for downstream expectations
  [PASS] invalid names and parameters recover through return and c name
  [PASS] malformed return type recovery still consumes c name
  [PASS] source reachable plain raw and raw pipe c names
  [PASS] pipe token contract preserves checked payload and source fields
  [PASS] real pipe layout is rejected without skipping newline
  [PASS] interpolated character and documentation c names are rejected
  [PASS] generic constraints and body colon remain for block owner
  [PASS] rich children complete before function definition
  [PASS] sequential leaves mint definitions in order without metadata leak

All 16 tests passed

>> Direct tree function heads and body entry Tests
  [PASS] successful head stops at body entry
  [PASS] body follows the tokens after its colon
  [PASS] bracket in function name preserves declared name recovery
  [PASS] rich forward header composes metadata parameters return constraints
  [PASS] function header preserves authored body colon span
  [PASS] forward colon at eof and newline preserves following cursor
  [PASS] missing colon before indented body reports header and skips body
  [PASS] malformed headers reject at bounded grammar boundary

All 8 tests passed

>> Direct global headers and deferred initializer entry Tests
  [PASS] constant and typed headers preserve initializer token
  [PASS] private mutable prefix attaches without minting global
  [PASS] bare and typed underscore are written names
  [PASS] purity is ignored and documentation is preserved
  [PASS] reserved and invalid names still reach initializer entry
  [PASS] malformed type recovery consumes equal then checks it again
  [PASS] missing equal leaves value token for m4
  [PASS] prefix diagnostic rejects composition but leaf accepts earlier diagnostics
  [PASS] eof and newline are untouched initializer entries
  [PASS] rich type mints children before parent without global or value ids

All 10 tests passed

>> Global initializers read by the declaration scan Tests
  [PASS] checked float digits and id order
  [PASS] float rich header and comment boundary
  [PASS] checked integer magnitude and id order
  [PASS] integer rich header and comment boundary
  [PASS] name initializer mints use expression then global
  [PASS] rich header ids precede value and completed owner
  [PASS] comments preserve unconsumed boundary
  [PASS] continued global fields preserve spans and ids
  [PASS] scan preserves deferred mint
  [PASS] out of range literal leaves initializer unread
  [PASS] missing initializer at end of source is rejected at the end
  [PASS] prefix diagnostic cannot complete global
  [PASS] unsupported initializer preserves authoritative state

All 13 tests passed

>> Implementation method heads and body entry Tests
  [PASS] leading else keeps missing-body diagnostic
  [PASS] authored colon at eof requires body
  [PASS] rich signature annotation and child IDs
  [PASS] annotations skip newlines and retain anchor
  [PASS] unknown annotation has no attachment diagnostic
  [PASS] private documentation and nonfunction method gate
  [PASS] bad names parameters recover through body
  [PASS] colonless header body-required recovery
  [PASS] missing colon consumes indent and keeps sibling
  [PASS] method heads and completed bodies preserve siblings
  [PASS] sequential isolation and existing diagnostics

All 11 tests passed

>> Implementations read in full and frozen header recovery Tests
  [PASS] private documentation receiver and child IDs
  [PASS] empty region layout recovery preserves sibling
  [PASS] grouped and function receivers
  [PASS] punctuation and layout omissions
  [PASS] single trait reference quirks
  [PASS] unsupported missing-body children continue
  [PASS] missing indent consumes siblings
  [PASS] dedent and eof owner span
  [PASS] prefix purity and annotation rejection
  [PASS] unread body declines the implementation with its header
  [PASS] diagnostic before an unread body rejects the implementation
  [PASS] earlier start and existing diagnostic

All 12 tests passed

>> Import block ownership and frozen recovery Tests
  [PASS] paths aliases selections and child IDs
  [PASS] keyword dedent extent and sibling
  [PASS] header layout omissions
  [PASS] malformed path then valid import
  [PASS] blank lines and nested selections
  [PASS] unsupported children make progress
  [PASS] alias and selection leaf recovery
  [PASS] eof closing and keyword fallback
  [PASS] unindented paths consumed through eof
  [PASS] existing diagnostic tolerance

All 10 tests passed

>> Direct tree import parser Tests
  [PASS] invalid current directory prefix reports start then skips line
  [PASS] relative import keeps alias and constructor selections
  [PASS] a diagnostic rejects the whole import
  [PASS] reserved alias consumed without diagnostic cascade

All 4 tests passed

>> Tree module assembly and forward pairing Tests
  [PASS] every kind of item assembles in source order
  [PASS] an empty module assembles
  [PASS] a forward declaration paired after it assembles
  [PASS] a forward declaration paired before it assembles
  [PASS] two forward declarations share one private body
  [PASS] a private unpaired forward declaration rejects the module
  [PASS] an unpaired forward declaration rejects the module
  [PASS] every unpaired forward declaration is reported
  [PASS] a lexer diagnostic rejects before declaration scan and pairing
  [PASS] lexer diagnostics keep order before a conversion body
  [PASS] an unread body leaves the module unassembled
  [PASS] a rejected declaration leaves the module unassembled
  [PASS] 2000 functions and forward declarations
  [PASS] the definitions index holds each function at its id
  [PASS] an assembled module dumps
  [PASS] every assembled corpus module passes the census

All 16 tests passed

>> Bounded module declaration evidence and explicit scan stops Tests
  [PASS] fixed union scan keeps children and sibling ids
  [PASS] expression scan operator global then function
  [PASS] expression scan unsupported control argument exact handoff
  [PASS] expression scan vector missing its comma exact handoff
  [PASS] expression scan postfix global and record boundary
  [PASS] expression scan list global and record boundary
  [PASS] expression scan tuple global and record boundary
  [PASS] expression scan braced global and record boundary
  [PASS] empty blank comment eof
  [PASS] completed order and newlines
  [PASS] module and declaration documentation
  [PASS] bodies are read in source order
  [PASS] global hard stop retains prior previews
  [PASS] rejected global preserves initializer
  [PASS] generic fixed record scan completes
  [PASS] rejected declaration sibling boundary
  [PASS] lexical diagnostic retained at eof
  [PASS] unpaired forward completes without final pairing

All 18 tests passed

>> Module leading documentation and declaration attachment Tests
  [PASS] single doc text span and import cursor
  [PASS] malformed import still recognizes module doc
  [PASS] comments follow emitted lexer tokens
  [PASS] declaration starters and prefixes decline
  [PASS] lone double and absent docs
  [PASS] lexical diagnostic and count preservation
  [PASS] module doc dispatch matches frozen entry
  [PASS] function doc attaches later import doc diagnoses

All 8 tests passed

>> Direct tree parse input boundary Tests
  [PASS] reserved declared and ordinary names report empty start without IDs
  [PASS] previous content diagnostic ignores consumed lexical layout
  [PASS] malformed spelling payload is an input error
  [PASS] parser diagnostics rejected at lexical bridge
  [PASS] spellings from another module rejected even when payload fits

All 5 tests passed

>> Direct tree pattern parser Tests
  [PASS] names are uses and wildcards mint no name
  [PASS] signed numbers keep checked magnitudes and spans
  [PASS] string forms keep decoded values
  [PASS] characters and booleans are values
  [PASS] constructor children complete before parent
  [PASS] qualified constructor keeps both name uses
  [PASS] tuple bounds have precise shapes
  [PASS] list spread declares a binder or discards
  [PASS] alternatives mint one parent after all children
  [PASS] tuple errors pin legacy diagnostic spans
  [PASS] minus requires a checked number
  [PASS] missing spread target is reported at the cursor
  [PASS] interpolation is rejected at the pattern start
  [PASS] missing pattern preserves the enclosing delimiter
  [PASS] qualified constructor rejects a reserved keyword
  [PASS] rejected integer keeps only lexical overflow
  [PASS] negative rejected integer consumes its number
  [PASS] rejected float keeps only lexical overflow
  [PASS] negative rejected float consumes its number
  [PASS] rejected integer requires lexer diagnostic
  [PASS] rejected float requires lexer diagnostic
  [PASS] rejected integer rejects float overflow diagnostic
  [PASS] rejected float rejects integer overflow diagnostic
  [PASS] rejected integer rejects different reported digits
  [PASS] rejected float rejects different reported digits
  [PASS] rejected integer requires matching diagnostic span
  [PASS] rejected float requires matching diagnostic span

All 27 tests passed

>> Receiver type contexts and frozen recovery Tests
  [PASS] rich bounds dimensions and source IDs
  [PASS] qualified nested receiver propagation
  [PASS] grouped bound root versus argument IDs
  [PASS] grouping existing receiver keeps type ID
  [PASS] tuple and function parameter bounds
  [PASS] empty function returns grouped bound
  [PASS] pure function parameter and result context
  [PASS] dimension and rejected bounded suffix
  [PASS] malformed bounds preserve exact recovery
  [PASS] ordinary rejection and bare root colon

All 10 tests passed

>> Direct tree ordinary and fixed record declarations Tests
  [PASS] fixed record accepts generic managed fields
  [PASS] both spellings allow empty fields and leave next token
  [PASS] both spellings keep spans child order and trailing comma
  [PASS] visibility and documentation are preserved
  [PASS] duplicate field rejects declaration and identifies first field
  [PASS] missing open brace rejects at next token
  [PASS] dimension tokens are rejected as declaration names
  [PASS] dimension tokens are rejected as field names
  [PASS] invalid integer field name recovers without diagnostic cascade
  [PASS] missing field names do not report false duplicate
  [PASS] unparameterized reserved names keep existing boundary
  [PASS] reserved field names reject and preserve following token

All 12 tests passed

>> Direct tree ordinary record declaration leaf Tests
  [PASS] reserved record name rejects before parameters
  [PASS] dimension record name rejects before fields
  [PASS] soft keyword record and field names are preserved
  [PASS] generic record mints parameters fields and record in order
  [PASS] absent and written empty parameters preserve metadata
  [PASS] malformed parameters reject without entering fields
  [PASS] dimension bounds reject with ordered parameter diagnostics
  [PASS] duplicate field reports after its type diagnostic
  [PASS] missing braces use ordinary record constructs
  [PASS] missing colon and comma preserve recovery cursor
  [PASS] missing names reject without diagnostic cascades

All 11 tests passed

>> Direct tree reusable signature grammar Tests
  [PASS] invalid tuple names keep authored two and five slot arity
  [PASS] missing tuple close arity span includes current token fallback
  [PASS] signature rejects missing return type with authored cursor
  [PASS] parameter shapes spans and completion order
  [PASS] empty and multiline trailing comma parameters
  [PASS] signature preserves purity keyword name and rich return
  [PASS] signature without return ends at closing parenthesis
  [PASS] constraints mint arithmetic children before parents
  [PASS] absent constraints preserve cursor and issue no ids
  [PASS] parameter delimiters names and type errors preserve recovery
  [PASS] invalid tuple arities reject without constructing small tuple
  [PASS] singleton tuple type rejects but grouping and function types do not
  [PASS] constraint errors preserve order and dimensions
  [PASS] rejection uses only new diagnostic delta

All 14 tests passed

>> Trait method heads and completed default-body boundaries Tests
  [PASS] leading else keeps missing-body diagnostic
  [PASS] abstract header frozen endpoint and purity
  [PASS] grouped return consumes close without extending header
  [PASS] where remains for trait owner
  [PASS] bad names and parameters consume authored suffix
  [PASS] unsupported prefixes recover and generics remain
  [PASS] authored colon requires promised body
  [PASS] parameter children keep IDs without parent
  [PASS] completed default bodies preserve sibling boundaries
  [PASS] sequential methods do not leak state
  [PASS] direct leaf tolerates existing diagnostics

All 11 tests passed

>> Traits read in full and frozen declaration recovery Tests
  [PASS] supertraits preserve qualifiers duplicates and cursor
  [PASS] type parameter children keep source IDs
  [PASS] two abstracts own dedent and child IDs
  [PASS] documentation private and pure prefix contract
  [PASS] owner header errors preserve recovery
  [PASS] supertrait recovery and suffix quirks
  [PASS] layout failures preserve continuation
  [PASS] rejected and unsupported children remain unfiltered
  [PASS] default body then abstract method in source order
  [PASS] unread default body declines the trait with its header
  [PASS] diagnostic before an unread body rejects the trait
  [PASS] direct entry anchor and existing diagnostic

All 12 tests passed

>> Direct tree type parameter parser Tests
  [PASS] dimension bound rejection precedes missing trait diagnostic
  [PASS] empty bound keeps the close for the list
  [PASS] qualified bound missing trait keeps the close
  [PASS] missing bound after plus keeps the close
  [PASS] missing comma leaves the next name current
  [PASS] bare hash reports dimension then consumes close
  [PASS] literal dimension head leaves number current
  [PASS] standalone discard is not a type parameter
  [PASS] reserved trait reference reports expected name
  [PASS] eof after open requires only the close
  [PASS] mixed third bound reports only missing trait
  [PASS] invalid delimiter head consumes one token before missing close
  [PASS] reserved declared keyword reports empty start span
  [PASS] soft keyword is an allowed type parameter name
  [PASS] parameters mint binders and bound uses in source order
  [PASS] absent parameters preserve cursor
  [PASS] written empty parameters keep bracket span
  [PASS] trailing comma keeps one parameter
  [PASS] dimension bounds report at colon and recover through following parameter
  [PASS] wildcard dimension span covers trivia
  [PASS] missing close at eof reports type parameter construct

All 21 tests passed

>> Direct tree type parser Tests
  [PASS] rejected integer type argument keeps only lexical overflow
  [PASS] hash rejected integer dimension consumes its number
  [PASS] parenthesized rejected integer dimension consumes its number
  [PASS] missing inner generic close preserves last argument span
  [PASS] parenthesized type supports dimension array suffix
  [PASS] empty array suffix requires argument and pins both diagnostics
  [PASS] spaced dimension sigil preserves name at empty span
  [PASS] bare name is not a dimension and stays current
  [PASS] array suffix rejects types once at last argument span
  [PASS] dimension atom leaves array suffix for caller
  [PASS] range atom leaves array suffix for caller
  [PASS] function dimension return leaves array suffix for caller
  [PASS] missing generic close recovers function return suffix on outer type
  [PASS] missing array close preserves nested argument span and colon
  [PASS] ordinary type leaves the body colon for its caller
  [PASS] nested types complete children before parent
  [PASS] dimension arguments make an array type
  [PASS] void and pure function types are distinct
  [PASS] parenthesized dimension keeps frozen arrow rejection
  [PASS] range accepts parenthesized dimension expression
  [PASS] bare soft keyword is not a type
  [PASS] qualified special type names are rejected
  [PASS] missing bracket reports expected token at empty span

All 23 tests passed

>> Direct tree union and enum declaration leaves Tests
  [PASS] invalid union name recovers its payload without cascades
  [PASS] invalid enum name preserves authored parentheses diagnostic and payload
  [PASS] missing name parenthesis recovers payload at original delimiter
  [PASS] generic union mints payloads variants and parent in order
  [PASS] enum boolean and soft keyword cases mint before parent
  [PASS] eof blocks and blank indented lines preserve children
  [PASS] header diagnostics preserve missing indent continuation
  [PASS] missing names malformed parameters and tokens reject
  [PASS] enum parentheses and payloads reject at case name
  [PASS] missing right paren and bounded payload keep type recovery
  [PASS] enum brackets remain authored body material
  [PASS] payload limit accepts boundary and reports overflow once after recovery

All 12 tests passed

>> Standalone union and enum previews Tests
  [PASS] fixed union accepts ordinary payload and parameter grammar
  [PASS] rich union preserves metadata spans parameters variants and source
  [PASS] enum boolean and soft cases preserve metadata spans and source
  [PASS] eof blocks blank lines and terminal newlines are supported
  [PASS] missing colon and enum parentheses reject with exact diagnostics
  [PASS] payload overflow rejects once at original variant name
  [PASS] lexical diagnostics reject before recognition
  [PASS] headers other forms multiple declarations and trailing material unsupported

All 8 tests passed

>> Discovery module graph Tests
  [PASS] modules load roots first, then imports breadth first
  [PASS] import cycle and shared import load each module once
  [PASS] duplicate roots and a missing root
  [PASS] requests resolve by kind and unresolved imports are rows
  [PASS] an import request text built from its structure is the text the source wrote
  [PASS] import spelled in another case is a case mismatch, not a second module
  [PASS] a module imported twice is one module and a case variant is a mismatch
  [PASS] an exactly spelled source wins over a variant
  [PASS] a root spelled in another case is a root case mismatch
  [PASS] respelled import text replaces the differently spelled components
  [PASS] an unlistable directory is reported, not trusted
  [PASS] a component the listing lacks is trusted to the provider
  [PASS] bare request prefers the standard library over a local module
  [PASS] import items, symbols, variants and aliases are rows
  [PASS] malformed import headers are diagnostic rows of their module
  [PASS] malformed import items report each problem
  [PASS] identical inputs produce identical tables
  [PASS] module import blocks are contiguous and in module order
  [PASS] source too large to span is rejected with a row
  [PASS] implicit modules load after the roots and before any import
  [PASS] a root that is an implicit module is not loaded twice
  [PASS] a missing implicit module is a diagnostic row
  [PASS] the test runtime is an implicit module when testing
  [PASS] a source that exists but cannot be read is an unreadable diagnostic
  [PASS] more sources than a span can number report too many sources
  [PASS] a seed spelled in another case is a missing implicit module
  [PASS] an unreadable seed is an unreadable diagnostic

All 27 tests passed

>> Embedded standard library provider Tests
  [PASS] embedded modules exist and read under the embedded root
  [PASS] other paths are the wrapped provider's
  [PASS] a directory lists its files and subdirectories sorted, once each
  [PASS] a directory the library does not hold is absent, and others are delegated
  [PASS] a module name is recovered from its path under the root
  [PASS] discovery loads the standard library from the embedded texts
  [PASS] an embedded import spelled in another case is a case mismatch

All 7 tests passed

>> Overlay source provider Tests
  [PASS] the overlay text wins over the wrapped provider
  [PASS] an overlay file exists without being on disk
  [PASS] a directory lists the wrapped names and the overlay files once each
  [PASS] a directory only the overlay holds is listed
  [PASS] discovery reads a root that is only in the overlay
  [PASS] a diagnostic in a root names the path the caller gave
  [PASS] a root spelled in another case is still a case mismatch

All 7 tests passed

>> Source package lookup Tests
  [PASS] a root placed in a source package imports like a package module
  [PASS] a root placed in the standard library resolves only there
  [PASS] a root placed in a native package is that package
  [PASS] an alias resolves to an exported package module
  [PASS] a module the package does not export does not resolve through its alias
  [PASS] an alias wins over the standard library and a local module
  [PASS] a request no alias names falls back to the standard library, then local
  [PASS] a package imports its own modules by bare name before the standard library
  [PASS] a package cannot import a module beside it that is not its own
  [PASS] a package relative import stays inside the package and keeps its origin
  [PASS] a user relative import is not confined to a package
  [PASS] a source package module cannot import a native package
  [PASS] a standard library module cannot import a native package
  [PASS] a package name that only starts like another is not internal to it
  [PASS] a native package relative import keeps the native package
  [PASS] a native package module resolves bare requests like user code
  [PASS] a native and a source package with one name are two packages

All 17 tests passed

>> Discovery checked literal values Tests
  [PASS] small integers keep their value
  [PASS] leading zeros are written digits, not value
  [PASS] integers around the Int boundary are exact
  [PASS] the Int128 maximum is accepted and one more is not
  [PASS] the maximum with leading zeros is still accepted
  [PASS] longer integers are rejected
  [PASS] a slice of a longer text is read by its bounds
  [PASS] a decimal float keeps its written digits
  [PASS] a decimal float rejects malformed digits
  [PASS] a decimal float accepts a whole number of digits
  [PASS] a decimal float rejects a value that is not finite
  [PASS] a positive count is one or more within Int
  [PASS] parent steps are one or more

All 13 tests passed

>> Discovery syntax id census Tests
  [PASS] standalone bound and function result retain all IDs
  [PASS] standalone bound census catches dropped and duplicate uses
  [PASS] a module with every form holds each id once
  [PASS] an id minted twice by a stale mint is reported
  [PASS] a node dropped after it was built is reported
  [PASS] a node of another module is reported
  [PASS] a count taken before the last mint is reported
  [PASS] a five thousand term sum is walked
  [PASS] a two thousand call method chain is walked
  [PASS] a two thousand deep else if chain is walked

All 10 tests passed

>> Discovery syntax id mint Tests
  [PASS] each family counts from zero within its module
  [PASS] an id carries the module of its mint
  [PASS] the largest module index round trips
  [PASS] the else if, hole and place take expression ids
  [PASS] a node is numbered after its parts
  [PASS] issued counts every family
  [PASS] definitions are indexed at their ids
  [PASS] imports are indexed at their ids

All 8 tests passed

>> Discovery per-module spellings Tests
  [PASS] a new table has no spellings
  [PASS] a spelling interns once and reads back
  [PASS] a keyword used as a name interns at first occurrence
  [PASS] the id carries its module
  [PASS] a spelling is not readable against another module's table
  [PASS] two tables that diverged each intern a spelling once under their own ids
  [PASS] a met spelling returns the same table and its id
  [PASS] a text is found by its slice and read by index
  [PASS] many spellings survive growing the slot table

All 9 tests passed

>> Discovery syntax dump Tests
  [PASS] unions keep their written form
  [PASS] standalone bounded type retains outer ID and bound uses
  [PASS] function result retains standalone bounded type
  [PASS] binary alternatives keep both operands in order
  [PASS] dimension alternatives keep both operands in order
  [PASS] compound alternatives keep the target before the value
  [PASS] quadruple keeps all four elements in order
  [PASS] logical alternatives keep their operands
  [PASS] from opaque keeps its type before its value
  [PASS] pipe interpolation keeps text and hole in order
  [PASS] raw pipe string keeps its form and text
  [PASS] annotation alternatives keep their order and spans
  [PASS] every issued id is in the dump
  [PASS] records keep their written form
  [PASS] an expression dumps its ids, spans and names
  [PASS] text is quoted on one line
  [PASS] a declaration dumps its members one level in
  [PASS] an else if chain stays at one depth
  [PASS] a five thousand term sum dumps every term

All 19 tests passed

>> Discovery parser and bridge allocation budgets Tests
  [PASS] bridging repeated names copies no table
  [PASS] bridging repeated literals copies no table
  [PASS] bridging repeated rejected integers copies no table
  [PASS] bridging repeated rejected floats copies no table
  [PASS] bridging repeated interpolations copies no table
  [PASS] parsing repeated expression statements copies no table
  [PASS] parsing repeated blocks and calls copies no table
  [PASS] parsing repeated matches and patterns copies no table
  [PASS] parsing repeated selects copies no table
  [PASS] parsing repeated concurrent blocks copies no table
  [PASS] parsing repeated lambdas copies no table
  [PASS] parsing repeated interpolations copies no table
  [PASS] parsing repeated record literals and updates copies no table
  [PASS] parsing repeated loops copies no table
  [PASS] parsing repeated question binds copies no table
  [PASS] parsing repeated function declarations copies no table
  [PASS] parsing repeated type declarations copies no table
  [PASS] parsing repeated trait and impl declarations copies no table
  [PASS] parsing repeated imports copies no table
  [PASS] parsing repeated collection literals copies no table
  [PASS] parsing repeated tuple list and qualified patterns copies no table
  [PASS] parsing repeated with scopes copies no table
  [PASS] parsing repeated conversions and builtins copies no table
  [PASS] parsing repeated bindings and local functions copies no table
  [PASS] parsing repeated postfix chains and unary operators copies no table
  [PASS] parsing repeated written types copies no table
  [PASS] parsing repeated foreign blocks copies no table
  [PASS] parsing repeated supertraits copies no table
  [PASS] appending rows copies no table

All 29 tests passed

>> Discovery table invariants Tests
  [PASS] well-formed builder has no violations
  [PASS] a body node with a name always narrower than it needs a name span
  [PASS] an untyped lambda parameter is its name alone
  [PASS] an if with an else branch needs its else keyword
  [PASS] an else keyword belongs to an if with an else branch
  [PASS] an else keyword of a missing node is a dangling reference
  [PASS] else keywords of one node twice are reported
  [PASS] a bound name outside its reference is reported
  [PASS] a name inside its reference is accepted
  [PASS] an import path outside its import is reported
  [PASS] a name span of a missing node is a dangling reference
  [PASS] a name span on a node without a separate name is reported
  [PASS] name spans of one node twice are reported
  [PASS] a dimension name needs its hash spelling
  [PASS] a dimension name row must spell the sigil and the name
  [PASS] a named type with arguments needs a name span
  [PASS] qualifier of a missing bound is a dangling reference
  [PASS] bound with two qualifiers is reported
  [PASS] bound qualifiers out of bound order are reported
  [PASS] supertrait with two qualifiers is reported
  [PASS] bound qualifier outside its bound is reported
  [PASS] supertrait qualifier outside its supertrait is reported
  [PASS] qualifier inside its bound is accepted
  [PASS] qualifier span past the end of its source is reported
  [PASS] empty builder has no violations
  [PASS] definition naming a missing module is a dangling reference
  [PASS] node whose child is not appended first is reported
  [PASS] body root in another module is reported
  [PASS] moved seeded name is reported
  [PASS] intern index pointing at the wrong row is reported
  [PASS] source text without a source row is reported
  [PASS] freeze refuses a violating builder when checking
  [PASS] freeze seals a well-formed builder
  [PASS] freeze drops the transient tokens
  [PASS] span naming a missing source is reported
  [PASS] a recovery node must name a diagnostic of its own module
  [PASS] a row holding no span is a span outside the sources
  [PASS] local function node naming a top-level function is reported
  [PASS] name payload naming no name is a dangling reference
  [PASS] literal payload naming no literal is a dangling reference
  [PASS] codepoint payload outside unicode is reported
  [PASS] definition payload naming no definition is a dangling reference
  [PASS] a node with a child count its kind forbids is reported
  [PASS] node no row references is reported
  [PASS] node that is two nodes child is reported
  [PASS] second body for a definition is reported
  [PASS] root loading a missing module is a dangling reference
  [PASS] a rejected root naming a missing path is a dangling reference
  [PASS] function without signature is reported
  [PASS] span past the end of its source is reported
  [PASS] freeze keeps each text table in its own field
  [PASS] a construct diagnostic has no violation
  [PASS] a diagnostic naming no name is reported
  [PASS] a diagnostic naming a name is accepted
  [PASS] a diagnostic naming no import is reported
  [PASS] a diagnostic naming no stored path is reported

All 56 tests passed

>> Discovery module load allocation budgets Tests
  [PASS] parsing repeated expression statements copies no table
  [PASS] parsing repeated blocks and calls copies no table
  [PASS] parsing repeated matches and patterns copies no table
  [PASS] parsing repeated selects copies no table
  [PASS] parsing repeated concurrent blocks copies no table
  [PASS] parsing repeated lambdas copies no table
  [PASS] parsing repeated interpolations copies no table
  [PASS] parsing repeated record literals and updates copies no table
  [PASS] parsing repeated loops copies no table
  [PASS] parsing repeated question binds copies no table
  [PASS] parsing repeated function declarations copies no table
  [PASS] parsing repeated type declarations copies no table
  [PASS] parsing repeated trait and impl declarations copies no table
  [PASS] parsing repeated imports copies no table
  [PASS] parsing repeated collection literals copies no table
  [PASS] parsing repeated tuple list and qualified patterns copies no table
  [PASS] parsing repeated with scopes copies no table
  [PASS] parsing repeated conversions and builtins copies no table
  [PASS] parsing repeated bindings and local functions copies no table
  [PASS] parsing repeated postfix chains and unary operators copies no table
  [PASS] parsing repeated written types copies no table
  [PASS] parsing repeated foreign blocks copies no table
  [PASS] parsing repeated supertraits copies no table
  [PASS] appending rows copies no table

All 24 tests passed

>> Discovery seeded name vocabulary Tests
  [PASS] ids match the compiler seeded vocabulary
  [PASS] empty builder seeds every spelling at its position
  [PASS] seeded spellings are distinct
  [PASS] every seeded name constant names its spelling
  [PASS] discovery only spellings follow the shared vocabulary

All 5 tests passed

>> Discovery builder openings Tests
  [PASS] a module has no row until it closes
  [PASS] a module row spans the rows appended between open and close
  [PASS] an import has no row until it closes over its items
  [PASS] an import item row holds its variants from the open
  [PASS] a foreign block has no row until it closes
  [PASS] closing a definition changes only its span
  [PASS] import path parts are the rows appended between open and close
  [PASS] a foreign block row holds the arguments appended after it opened
  [PASS] a module closes around nested definitions and members
  [PASS] a root holds the module it loaded
  [PASS] an implicit request holds the diagnostic that rejected it

All 11 tests passed

>> Blorp CLI frontend boundaries Tests
  [PASS] frontend policy permits debug calls while erasing debug blocks
  [PASS] early stop returns the requested Core snapshot
  [PASS] timed compile reports eight phase labels
  [PASS] timed compile reports one row per pass
  [PASS] timed compile type error reports typed frontend only
  [PASS] timed compile early stop reports reached phases
  [PASS] timed compile late stop reports reached phases
  [PASS] timing disabled reports no phase rows
  [PASS] allocation report stops before backend phases
  [PASS] real compile threads a populated module table to late Core

All 10 tests passed

>> Shared source graph context Tests
  [PASS] rejects conflicting project contexts
  [PASS] names a relatively imported module by its working-directory path
  [PASS] names a relatively imported module the same from a relative root
  [PASS] keeps the absolute name of a module outside the working directory
  [PASS] retains finalized root import rewrites
  [PASS] keeps interpolation-hole spellings for a finalized root
  [PASS] publishes a finalized root's hole spelling after a raw file without new spellings
  [PASS] publishes a finalized root's hole spelling after a raw file with new spellings
  [PASS] indexes every finalized root's identifiers into the graph name table

All 9 tests passed

>> Blorp lint Tests
  [PASS] lint message reads the identifier spelling from the context
  [PASS] lint CLI parses human defaults
  [PASS] lint CLI parses JSON and failure mode
  [PASS] lint CLI rejects unknown format
  [PASS] lint CLI rejects unknown rule suppression
  [PASS] single-field record finding has stable contract
  [PASS] single-field record near misses are not reported
  [PASS] lint findings are sorted by position
  [PASS] lint execution renders human and failure status
  [PASS] lint execution renders versioned JSON
  [PASS] lint rule suppression filters before failure status
  [PASS] lint type error is atomic and emits empty JSON
  [PASS] lint directory uses canonical multi-root identities
  [PASS] structural rules report exact declaration kinds
  [PASS] structural rule near misses are not reported
  [PASS] pure no-parameter function reports exact finding
  [PASS] pure no-parameter near misses are not reported
  [PASS] pure no-parameter computation is not reported
  [PASS] pure no-parameter aggregate value is reported
  [PASS] generated module is not linted
  [PASS] pure no-parameter callback is suppressed
  [PASS] immediate Option match reports parameter span
  [PASS] immediate Option match ignores unrelated match and question bind
  [PASS] immediate Option match selects exact parameter
  [PASS] immediate Option match reports impl method
  [PASS] list lookup inside loop reports direct iteration
  [PASS] loop lookup suggestions distinguish zip and windows
  [PASS] loop lookup suggests enumerate when index is used
  [PASS] list lookup outside loop is not reported
  [PASS] list subscript outside loop is not reported
  [PASS] nested loop lookup uses enclosing context
  [PASS] get inside loop is reported
  [PASS] manual while list iteration reports loop span
  [PASS] unrelated while bound is not manual list iteration
  [PASS] repeated list lookup reports second lookup
  [PASS] filter accumulator reports exact classification
  [PASS] accumulator read during construction is not reported
  [PASS] map and filter_map accumulators are classified
  [PASS] private constant parameter reports exact finding
  [PASS] private parameter with multiple values is not reported
  [PASS] private parameter called with loop binder is unknown
  [PASS] shadowed name is not forwarded as caller parameter
  [PASS] user-defined collection names are not standard list operations
  [PASS] forwarded boolean constant reaches fixed point with provenance

All 44 tests passed

>> Purify command Tests
  [PASS] rewrite inserts pure at each candidate offset

All 1 tests passed

>> Blorp-owned aggregate suite candidate effect Tests
  [PASS] executes retained passing suite
  [PASS] returns assertion failure without parsing output
  [PASS] enforces capture limit
  [PASS] returns compile failure
  [PASS] retains debug blocks like production test harnesses
  [PASS] honors pending interruption before compilation
  [PASS] cancels active host compilation
  [PASS] cancels cold runtime cache preparation
  [PASS] falls back after runtime cache failure
  [PASS] cancels active native execution

All 10 tests passed

>> Compiler CLI Test Plan Tests Tests
  [PASS] mixed plan retains one graph after source removal
  [PASS] invocation plan retains paths until batch parsing
  [PASS] main module retains doctest plan
  [PASS] graph root has the canonical path and name discovery chose
  [PASS] wrong-typed tests binding reaches typechecker
  [PASS] TestSuite identity accepts aliases and qualified imports
  [PASS] aggregate artifact keeps configured timeout
  [PASS] leak-checked batch timeout scales with source count
  [PASS] leak baseline materializes directly and retains repeat

All 9 tests passed
