
>> Tree statements, blocks and function bodies Tests
  [PASS] tuple destructuring with unread value rolls back binders and spellings
  [PASS] soft keyword assignment mints target before value
  [PASS] flat tuple destructuring mints only binders and value
  [PASS] tuple destructuring does not admit other targets or keyword tokens
  [PASS] grouped thread counts issue no expression ids
  [PASS] only the outer terminal subscript is an assignment place
  [PASS] comment-only body stops without diagnostics or body ids
  [PASS] conditional inside parentheses owns else but leaves later stray else
  [PASS] multiline parenthesized body owns anchor close and following layout
  [PASS] leading dot postfix continuation stays in inline body
  [PASS] multiple else if continuations stay in one completed body
  [PASS] stray else after nonconditional body remains outside completed body
  [PASS] indented nested body preserves authored span and layout interval
  [PASS] inline block continuation at function anchor remains one body
  [PASS] inline body consumes owned newline and preserves next declaration
  [PASS] ids follow source order and the function comes last
  [PASS] a function body is complete syntax with an exact census
  [PASS] leading dots preserve siblings and owners
  [PASS] closed chains preserve unary siblings and nested levels
  [PASS] 256 continued postfix links have an exact census
  [PASS] unsupported bodies roll back exactly
  [PASS] types and patterns are minted in source order
  [PASS] interpolation holes are minted in source order
  [PASS] owner methods are minted in source order
  [PASS] an owner with an unsupported body keeps only its header ids
  [PASS] lambda and local function ids follow source order
  [PASS] nested lambdas
  [PASS] break and continue are supported only inside loops
  [PASS] else if links are minted inner before outer
  [PASS] the scan stops at a deferred function
  [PASS] 5000 statements
  [PASS] 2000 link else if chain
  [PASS] control expression operands complete and their continuations defer
  [PASS] long control operator chain survives dump and census
  [PASS] control operator tail rollback preserves entry
  [PASS] standalone control operator tail rollback preserves entry
  [PASS] control value ids follow source order
  [PASS] 100 nested value ifs
  [PASS] 40 nested operand ifs
  [PASS] 2000 link else if value
  [PASS] 2000 arm match value
  [PASS] with ids follow source order
  [PASS] concurrent ids follow source order
  [PASS] select ids follow source order
  [PASS] debug and detach ids follow source order
  [PASS] select value ids follow source order
  [PASS] unsupported block forms roll back exactly
  [PASS] block forms follow the enclosing loop scope
  [PASS] 100 nested with blocks
  [PASS] 100 nested concurrent blocks
  [PASS] 100 nested debug blocks
  [PASS] 100 nested selects
  [PASS] 2000 arm select

All 53 tests passed

>> Bounded tree operator expressions Tests
  [PASS] unread lambda holes restore names and ids
  [PASS] unread soft value and block roots preserve entry
  [PASS] frozen keyword name atoms mint token spans
  [PASS] builtin static marker has no hole ids
  [PASS] builtin marker errors reject without trial ids
  [PASS] builtin marker metadata has no nesting cost
  [PASS] builtin rollback discards its leaf ids
  [PASS] builtin marker is one leaf without literal ids
  [PASS] opaque conversion recovered type is never accepted
  [PASS] opaque conversions mint type then value then owner
  [PASS] opaque conversion unsupported values restore entry
  [PASS] opaque conversion rejection preserves diagnostics without ids
  [PASS] grouped block lambda boundary classification
  [PASS] rejected lambda call discards trial definitions
  [PASS] direct expression keeps the caller boundary
  [PASS] precedence and postorder ids
  [PASS] string and character literals
  [PASS] string literals keep form and text
  [PASS] character escapes
  [PASS] pipe interpolation is multiline
  [PASS] interpolation holes in source order
  [PASS] grouping keeps identity and token name span
  [PASS] logical and range forms
  [PASS] detach is a prefix operator
  [PASS] unsupported exact rollback
  [PASS] rejected expression has no ids
  [PASS] postfix source order and spans
  [PASS] leading dots keep postorder ids and spans
  [PASS] malformed continued calls report without ids
  [PASS] postfix rejection diagnostic and no ids
  [PASS] 2000 call left spine
  [PASS] 100 nested call arguments
  [PASS] list source order and spans
  [PASS] empty list
  [PASS] list is an atom
  [PASS] list rejection diagnostic and no ids
  [PASS] 100 nested lists
  [PASS] tuple source order and spans
  [PASS] tuple arity shapes
  [PASS] grouping is never a tuple
  [PASS] tuple rejection diagnostics and no ids
  [PASS] 100 alternating tuples and lists
  [PASS] 100 nested tuples
  [PASS] braced forms and their shapes
  [PASS] multiline brackets and their shapes
  [PASS] blocks in brackets follow the anchor
  [PASS] multiline braced source order
  [PASS] multiline braced rejection lines
  [PASS] braced source order and spans
  [PASS] dict entries issue key then value
  [PASS] braced rejection diagnostics and no ids
  [PASS] braced forms nest in each other
  [PASS] 5000 term left spine

All 53 tests passed

>> Tree statement and block legacy projection Tests
  [PASS] soft select binder names follow authored order
  [PASS] soft keyword binding heads match old parser
  [PASS] builtin values match frozen body contexts
  [PASS] opaque conversion values keep their own block anchor
  [PASS] flat tuple destructuring matches the old parser
  [PASS] body completion keeps written spellings and following owner
  [PASS] expression bodies match the old parser
  [PASS] leading dot chains match the old parser with siblings
  [PASS] 256 continued postfix links project by a loop
  [PASS] block statements match the old parser
  [PASS] declaration metadata matches the old parser
  [PASS] control flow matches the old parser
  [PASS] question bindings and tuple loops match the old parser
  [PASS] lambdas and local functions match the old parser
  [PASS] match statements match the old parser
  [PASS] control operator tails match the old parser
  [PASS] control expression values match the old parser
  [PASS] with resources match the old parser
  [PASS] concurrent blocks match the old parser
  [PASS] select arms match the old parser
  [PASS] debug blocks and detach match the old parser
  [PASS] nested block forms match the old parser
  [PASS] lambdas in block form headers match the old parser
  [PASS] multiline braced forms match the old parser
  [PASS] multiline braced globals and bodies match the old parser
  [PASS] multiline calls, lists, tuples and groupings match the old parser
  [PASS] block arguments inside brackets match the old parser
  [PASS] blocks in bracketed items follow the old anchor
  [PASS] blocks in block headers follow the old anchor
  [PASS] block indentation variants follow the old anchor
  [PASS] same line bodies and globals follow the old anchor
  [PASS] nested blocks match the old parser
  [PASS] trait default bodies match the old parser
  [PASS] implementation bodies match the old parser
  [PASS] several declarations match the old parser
  [PASS] string and character literals match the old parser
  [PASS] interpolated strings match the old parser
  [PASS] character escapes and raw pipe strings match the old parser
  [PASS] pipe strings project like the old parser
  [PASS] nested lambdas project to their depth
  [PASS] a 2000 link else if chain projects by a loop
  [PASS] 100 nested value ifs project
  [PASS] a 2000 arm match value projects every arm
  [PASS] 100 nested with blocks project
  [PASS] 100 nested concurrent blocks project
  [PASS] 100 nested debug blocks project
  [PASS] 100 nested selects project
  [PASS] a 2000 arm select projects every arm
  [PASS] 5000 statements project in order

All 49 tests passed

>> Tree expression legacy projection Tests
  [PASS] soft keyword fields and frozen name atoms match old parser
  [PASS] builtin markers match frozen literal payloads
  [PASS] opaque conversions match full frozen type grammar
  [PASS] minted empty call retains raw AST
  [PASS] supported expression AST JSON parity
  [PASS] completed global full declaration parity
  [PASS] grouped integer preserves authored digits
  [PASS] missing integer token fails closed
  [PASS] names follow written order
  [PASS] postfix names follow written order
  [PASS] postfix integer provenance fails closed
  [PASS] parsed method chain survives dump and ID census
  [PASS] list names follow written order
  [PASS] 100 nested lists survive dump, census and projection
  [PASS] nested list dump text
  [PASS] mixed tuple and list dump text
  [PASS] mixed braced dump text
  [PASS] 100 alternating tuples and lists survive dump, census and projection
  [PASS] tuple names follow written order
  [PASS] braced names follow written order
  [PASS] 100 nested vectors survive dump, census and projection
  [PASS] nested records and dicts survive dump, census and projection
  [PASS] 3000 element list projects in order
  [PASS] control operand globals match the old AST JSON
  [PASS] deep postfix projection uses an iterative walk
  [PASS] deep binary projection uses an iterative walk

All 26 tests passed

>> Syntax nesting limit Tests
  [PASS] builtin markers are leaves at the nesting limit
  [PASS] opaque conversions and types at the combined limit
  [PASS] lists at the limit
  [PASS] lists one past the limit
  [PASS] tuples at the limit
  [PASS] tuples one past the limit
  [PASS] groupings at the limit
  [PASS] groupings one past the limit
  [PASS] vectors at the limit
  [PASS] vectors one past the limit
  [PASS] call arguments at the limit
  [PASS] call arguments one past the limit
  [PASS] subscripts at the limit
  [PASS] subscripts one past the limit
  [PASS] record literals at the limit
  [PASS] record literals one past the limit
  [PASS] record updates at the limit
  [PASS] record updates one past the limit
  [PASS] dict literals at the limit
  [PASS] dict literals one past the limit
  [PASS] expression-bodied lambdas at the limit
  [PASS] expression-bodied lambdas one past the limit
  [PASS] not chains at the limit
  [PASS] not chains one past the limit
  [PASS] negation chains at the limit
  [PASS] negation chains one past the limit
  [PASS] detach chains at the limit
  [PASS] detach chains one past the limit
  [PASS] holes are accepted up to the lexer cap
  [PASS] a hole around brackets at the limit
  [PASS] a hole around brackets one past the limit
  [PASS] nested holes around brackets add up
  [PASS] siblings do not accumulate depth
  [PASS] value ifs at the limit
  [PASS] value ifs one past the limit
  [PASS] with blocks at the limit
  [PASS] with blocks one past the limit
  [PASS] concurrent blocks at the limit
  [PASS] concurrent blocks one past the limit
  [PASS] debug blocks at the limit
  [PASS] debug blocks one past the limit
  [PASS] selects at the limit
  [PASS] selects one past the limit
  [PASS] operand ifs at the limit
  [PASS] operand ifs one past the limit
  [PASS] block lambdas at the limit
  [PASS] block lambdas one past the limit
  [PASS] tuple types at the limit
  [PASS] tuple types one past the limit
  [PASS] grouped types at the limit
  [PASS] grouped types one past the limit
  [PASS] function types at the limit
  [PASS] function types one past the limit
  [PASS] parenthesized dimensions at the limit
  [PASS] parenthesized dimensions one past the limit
  [PASS] dimension sums at the limit
  [PASS] dimension sums one past the limit
  [PASS] dimension products at the limit
  [PASS] dimension products one past the limit
  [PASS] array suffixes at the limit
  [PASS] array suffixes one past the limit
  [PASS] tuple patterns at the limit
  [PASS] tuple patterns one past the limit
  [PASS] list patterns at the limit
  [PASS] list patterns one past the limit
  [PASS] if statement blocks at the limit
  [PASS] if statement blocks one past the limit
  [PASS] while blocks at the limit
  [PASS] while blocks one past the limit
  [PASS] for blocks at the limit
  [PASS] for blocks one past the limit
  [PASS] match blocks at the limit
  [PASS] match blocks one past the limit
  [PASS] else blocks at the limit
  [PASS] else blocks one past the limit
  [PASS] local function bodies at the limit
  [PASS] local function bodies one past the limit
  [PASS] the diagnostic is located at the refused token
  [PASS] the diagnostic of a rejected declaration is located
  [PASS] left spines and chains do not count

All 80 tests passed

>> Syntax nesting limit, legacy projection Tests
  [PASS] builtin markers project at the nesting limit
  [PASS] opaque conversions project at the combined limit
  [PASS] lists project at the limit
  [PASS] tuples project at the limit
  [PASS] groupings project at the limit
  [PASS] vectors project at the limit
  [PASS] call arguments project at the limit
  [PASS] subscripts project at the limit
  [PASS] record literals project at the limit
  [PASS] record updates project at the limit
  [PASS] dict literals project at the limit
  [PASS] expression-bodied lambdas project at the limit
  [PASS] not chains project at the limit
  [PASS] negation chains project at the limit
  [PASS] detach chains project at the limit
  [PASS] interpolation holes project
  [PASS] value ifs project at the limit
  [PASS] with blocks project at the limit
  [PASS] concurrent blocks project at the limit
  [PASS] debug blocks project at the limit
  [PASS] selects project at the limit
  [PASS] operand ifs project at the limit
  [PASS] block lambdas project at the limit
  [PASS] tuple types project at the limit
  [PASS] grouped types project at the limit
  [PASS] function types project at the limit
  [PASS] type arguments project at the limit
  [PASS] parenthesized dimensions project at the limit
  [PASS] dimension sums project at the limit
  [PASS] dimension products project at the limit
  [PASS] array suffixes project at the limit
  [PASS] constructor patterns project at the limit
  [PASS] tuple patterns project at the limit
  [PASS] list patterns project at the limit
  [PASS] if statement blocks project at the limit
  [PASS] while blocks project at the limit
  [PASS] for blocks project at the limit
  [PASS] local function bodies project at the limit
  [PASS] match blocks project at the limit
  [PASS] else blocks project at the limit
  [PASS] holes around brackets project at the limit
  [PASS] left spines project

All 42 tests passed
