{
  "schema_version": 1,
  "mode": "plan",
  "selection": {
    "sources": [
      "blorp/src/compiler/discovery_tree_projection.brp"
    ],
    "suites": [
      "blorp/test/test_compiler/test_stage_04_modules/test_discovery_adapter.brp",
      "blorp/test/test_compiler/test_stage_04_modules/test_discovery_fuzz_cases.brp",
      "blorp/test/test_compiler/test_stage_04_modules/test_syntax_nesting_projection.brp",
      "blorp/test/test_compiler/test_stage_04_modules/test_tree_body_projection.brp",
      "blorp/test/test_compiler/test_stage_04_modules/test_tree_expression_projection.brp",
      "blorp/test/test_compiler/test_stage_04_modules/test_tree_module_projection.brp",
      "blorp/test/test_compiler/test_stage_04_modules/test_tree_rejected_declaration_differential.brp"
    ],
    "checks": []
  },
  "changed_tests": [
    "blorp/test/test_compiler/test_stage_04_modules/test_discovery_adapter.brp",
    "blorp/test/test_compiler/test_stage_04_modules/test_syntax_nesting_projection.brp",
    "blorp/test/test_compiler/test_stage_04_modules/test_tree_body_projection.brp",
    "blorp/test/test_compiler/test_stage_04_modules/test_tree_expression_projection.brp"
  ],
  "source_label": "Changed production source",
  "focused_action": [
    [
      "make"
    ],
    [
      "bin/blorp",
      "test",
      "--timeout",
      "180",
      "blorp/test/test_compiler/test_stage_04_modules/test_discovery_adapter.brp",
      "blorp/test/test_compiler/test_stage_04_modules/test_discovery_fuzz_cases.brp",
      "blorp/test/test_compiler/test_stage_04_modules/test_syntax_nesting_projection.brp",
      "blorp/test/test_compiler/test_stage_04_modules/test_tree_body_projection.brp",
      "blorp/test/test_compiler/test_stage_04_modules/test_tree_expression_projection.brp",
      "blorp/test/test_compiler/test_stage_04_modules/test_tree_module_projection.brp",
      "blorp/test/test_compiler/test_stage_04_modules/test_tree_rejected_declaration_differential.brp"
    ]
  ],
  "recommendations": [
    "scripts/test compiler-new-parity"
  ],
  "recommendation_authority": "manifest broad_gate",
  "hand_back": {
    "scope": "broad",
    "tree_paths": [
      "blorp/src/compiler/discovery_tree_projection.brp",
      "blorp/src/compiler_new/stage_01_discovery/parse/parse_state.brp",
      "blorp/src/compiler_new/stage_01_discovery/parse/stop_reason.brp",
      "blorp/src/compiler_new/stage_01_discovery/parse/tree_body_parser.brp",
      "blorp/src/compiler_new/stage_01_discovery/parse/tree_expression_parser.brp",
      "blorp/src/compiler_new/stage_01_discovery/parse/tree_global_parser.brp",
      "blorp/src/compiler_new/stage_01_discovery/parse/tree_value_layout.brp",
      "blorp/src/compiler_new/stage_01_discovery/syntax/dump.brp",
      "blorp/src/compiler_new/stage_01_discovery/syntax/id_census.brp",
      "blorp/test/test_compiler/test_stage_04_modules/test_discovery_adapter.brp",
      "blorp/test/test_compiler/test_stage_04_modules/test_syntax_nesting_projection.brp",
      "blorp/test/test_compiler/test_stage_04_modules/test_tree_body_projection.brp",
      "blorp/test/test_compiler/test_stage_04_modules/test_tree_expression_projection.brp",
      "blorp/test/test_compiler_new/support/syntax_samples.brp",
      "blorp/test/test_compiler_new/test_stage_01_discovery/test_parse/test_stop_reasons.brp",
      "blorp/test/test_compiler_new/test_stage_01_discovery/test_parse/test_syntax_nesting.brp",
      "blorp/test/test_compiler_new/test_stage_01_discovery/test_parse/test_tree_body_parser.brp",
      "blorp/test/test_compiler_new/test_stage_01_discovery/test_parse/test_tree_expression_parser.brp",
      "blorp/test/test_compiler_new/test_stage_01_discovery/test_parse/test_tree_global_parser.brp",
      "blorp/test/test_compiler_new/test_stage_01_discovery/test_parse/test_tree_implementation_parser.brp",
      "blorp/test/test_compiler_new/test_stage_01_discovery/test_parse/test_tree_module_assembly.brp",
      "blorp/test/test_compiler_new/test_stage_01_discovery/test_parse/test_tree_trait_parser.brp"
    ],
    "production_paths": [
      "blorp/src/compiler_new/stage_01_discovery/syntax/expressions.brp"
    ],
    "unprovable": null,
    "commands": [
      "scripts/test compiler-new compiler-new-parity compiler-blorp"
    ]
  }
}
