Compiler phase timings
source_discovery	656.552 ms
typed_frontend	2707.716 ms
core_lowering	995.995 ms
early_core	2508.127 ms
  lower	0.002 ms
  debug	19.87 ms
  prune_early	18.406 ms
  desugar	77.163 ms
  mono	1072.828 ms
  synth	10.502 ms
  match	181.03 ms
  trait_resolve	228.645 ms
  prune_after_trait_resolve	220.171 ms
  resolve	219.5 ms
  std_inline	91.725 ms
  tailrec	16.186 ms
  fuse_string	120.692 ms
  fuse_collection	139.742 ms
  fuse_parallel_tensor	56.726 ms
  fuse_tensor_update	34.83 ms
runtime_projection	445.471 ms
  tuple_flatten	94.165 ms
late_core	4720.618 ms
  adapt_function_refs	110.047 ms
  tensor_specialize_specialize_fused	113.007 ms
  hash_key_callbacks	2.373 ms
  resolve_backend_match_fused	320.027 ms
  dce	223.906 ms
  consume_specialize	142.152 ms
  static_string_literals	140.311 ms
  record_update_ownership	105.816 ms
  dict_literal_ownership	35.307 ms
  ownership_perceus_fused	2407.744 ms
  reuse	65.144 ms
  closure	140.7 ms
  resource_management	54.001 ms
  fairness	46.446 ms
  prepare	190.814 ms
  prepared_reuse	36.836 ms
backend_emission	1050.901 ms
artifact_construction	0.436 ms
phase_total	13085.816 ms
outer_total	13288.751 ms
BLORP_R0_CENSUS generated_box_calls=2133784 coreparam_make=295205 perceusglobal_make=3178 nested_coreparam_site=3178
BLORP_R0_BOX_SITE id=37 calls=5273
BLORP_R0_BOX_SITE id=41 calls=1652
BLORP_R0_BOX_SITE id=43 calls=2578
BLORP_R0_BOX_SITE id=44 calls=331
BLORP_R0_BOX_SITE id=57 calls=76256
BLORP_R0_BOX_SITE id=58 calls=20918
BLORP_R0_BOX_SITE id=61 calls=81
BLORP_R0_BOX_SITE id=64 calls=20715
BLORP_R0_BOX_SITE id=66 calls=619
BLORP_R0_BOX_SITE id=67 calls=3434
BLORP_R0_BOX_SITE id=68 calls=510
BLORP_R0_BOX_SITE id=69 calls=4
BLORP_R0_BOX_SITE id=70 calls=9900
BLORP_R0_BOX_SITE id=73 calls=17668
BLORP_R0_BOX_SITE id=74 calls=112111
BLORP_R0_BOX_SITE id=75 calls=1
BLORP_R0_BOX_SITE id=85 calls=88
BLORP_R0_BOX_SITE id=88 calls=143409
BLORP_R0_BOX_SITE id=89 calls=5408
BLORP_R0_BOX_SITE id=90 calls=60
BLORP_R0_BOX_SITE id=100 calls=144737
BLORP_R0_BOX_SITE id=101 calls=58253
BLORP_R0_BOX_SITE id=104 calls=26
BLORP_R0_BOX_SITE id=105 calls=23
BLORP_R0_BOX_SITE id=106 calls=2467
BLORP_R0_BOX_SITE id=108 calls=1246
BLORP_R0_BOX_SITE id=109 calls=193207
BLORP_R0_BOX_SITE id=223 calls=37135
BLORP_R0_BOX_SITE id=270 calls=2578
BLORP_R0_BOX_SITE id=272 calls=5633
BLORP_R0_BOX_SITE id=273 calls=534
BLORP_R0_BOX_SITE id=274 calls=44238
BLORP_R0_BOX_SITE id=275 calls=212818
BLORP_R0_BOX_SITE id=276 calls=132
BLORP_R0_BOX_SITE id=277 calls=42
BLORP_R0_BOX_SITE id=278 calls=922
BLORP_R0_BOX_SITE id=279 calls=35322
BLORP_R0_BOX_SITE id=280 calls=35322
BLORP_R0_BOX_SITE id=281 calls=35322
BLORP_R0_BOX_SITE id=282 calls=24126
BLORP_R0_BOX_SITE id=283 calls=3390
BLORP_R0_BOX_SITE id=284 calls=163
BLORP_R0_BOX_SITE id=285 calls=31284
BLORP_R0_BOX_SITE id=286 calls=17076
BLORP_R0_BOX_SITE id=288 calls=12009
BLORP_R0_BOX_SITE id=289 calls=3930
BLORP_R0_BOX_SITE id=290 calls=7
BLORP_R0_BOX_SITE id=291 calls=298
BLORP_R0_BOX_SITE id=292 calls=401
BLORP_R0_BOX_SITE id=293 calls=12062
BLORP_R0_BOX_SITE id=294 calls=11053
BLORP_R0_BOX_SITE id=295 calls=30
BLORP_R0_BOX_SITE id=296 calls=9
BLORP_R0_BOX_SITE id=297 calls=83
BLORP_R0_BOX_SITE id=298 calls=73
BLORP_R0_BOX_SITE id=299 calls=1
BLORP_R0_BOX_SITE id=301 calls=429
BLORP_R0_BOX_SITE id=306 calls=19398
BLORP_R0_BOX_SITE id=312 calls=119281
BLORP_R0_BOX_SITE id=313 calls=192
BLORP_R0_BOX_SITE id=315 calls=9963
BLORP_R0_BOX_SITE id=316 calls=71010
BLORP_R0_BOX_SITE id=320 calls=9023
BLORP_R0_BOX_SITE id=321 calls=15642
BLORP_R0_BOX_SITE id=322 calls=5184
BLORP_R0_BOX_SITE id=323 calls=258
BLORP_R0_BOX_SITE id=326 calls=40
BLORP_R0_BOX_SITE id=327 calls=298
BLORP_R0_BOX_SITE id=329 calls=24126
BLORP_R0_BOX_SITE id=330 calls=1
BLORP_R0_BOX_SITE id=331 calls=17076
BLORP_R0_BOX_SITE id=335 calls=96
BLORP_R0_BOX_SITE id=336 calls=58
BLORP_R0_BOX_SITE id=340 calls=6255
BLORP_R0_BOX_SITE id=341 calls=298
BLORP_R0_BOX_SITE id=342 calls=863
BLORP_R0_BOX_SITE id=343 calls=2578
BLORP_R0_BOX_SITE id=345 calls=111414
BLORP_R0_BOX_SITE id=347 calls=78435
BLORP_R0_BOX_SITE id=349 calls=2147
BLORP_R0_BOX_SITE id=351 calls=5493
BLORP_R0_BOX_SITE id=353 calls=350
BLORP_R0_BOX_SITE id=355 calls=9260
BLORP_R0_BOX_SITE id=356 calls=6
BLORP_R0_BOX_SITE id=357 calls=50442
BLORP_R0_BOX_SITE id=359 calls=74702
BLORP_R0_BOX_SITE id=362 calls=71
BLORP_R0_BOX_SITE id=363 calls=71
BLORP_R0_BOX_SITE id=364 calls=596
BLORP_R0_BOX_SITE id=366 calls=608
BLORP_R0_BOX_SITE id=368 calls=5216
BLORP_R0_BOX_SITE id=369 calls=28013
BLORP_R0_BOX_SITE id=371 calls=1701
BLORP_R0_BOX_SITE id=373 calls=88696
BLORP_R0_BOX_SITE id=374 calls=27526
