
>> Blorp compiler collection and stream specialization Tests
  [PASS] list allocation uses concrete layout
  [PASS] erased key marker preserves managed record ownership
  [PASS] erased key marker releases stack option box
  [PASS] erased key marker releases Int128 box
  [PASS] erased key marker is void for pointer and word keys
  [PASS] stale pointer cast of Float is reboxed
  [PASS] list allocation alias enum uses registry layout
  [PASS] erased stack Result metadata is canonicalized
  [PASS] box and unbox metadata is canonicalized
  [PASS] managed void-slot box becomes a borrowed cast
  [PASS] hash container constructor dispatch
  [PASS] int128 hash container constructor dispatch
  [PASS] immediate dict constructor refinement and boxing
  [PASS] set add boxes only the element
  [PASS] set add refines empty constructor
  [PASS] non-void-slot collection calls remain unboxed
  [PASS] dict get and Channel receive Option dispatch
  [PASS] already-specialized dict get boxes primitive key
  [FAIL] unknown dict get suffix stays unboxed
  [FAIL] dict get suffix requires matching Option payload
  [FAIL] typed dict get wrong arity stays unboxed
  [PASS] intrinsic dict get name stays unboxed
  [PASS] dict get primitive widths share key boxing
  [PASS] dict get payload and Option aliases keep key boxing
  [PASS] generic dict get preserves boxed and unspecialized payloads
  [PASS] dict get repeated specialization keeps one key box
  [PASS] dict get managed key remains borrowed
  [PASS] generic dict get evaluates map before fresh key box
  [PASS] nullable managed Option runtime renames
  [PASS] stream repeat, map, and unfold layouts
  [PASS] stream scalar and managed-state layouts
  [PASS] stream Option dispatch
  [PASS] parallel filter-map dispatch and fallback
  [PASS] collection map release metadata
  [PASS] fold release metadata and raw result

3 of 35 tests failed
