error: Foreign function 'ordinary_native_tag' cannot defensively copy parameter 'value' of type OrdinaryChoice in default foreign mode
error: Foreign function 'fixed_native_tag' cannot defensively copy parameter 'value' of type FixedChoice in default foreign mode
error: Equality requires an implementation of Equatable for OrdinaryChoice at blorp/test/runtime/types/test_fieldless_union_scalar_bridge.brp:39:13
error: Logical operation requires Bool operands, got Bool and Void
error: Equality requires an implementation of Equatable for OrdinaryChoice at blorp/test/runtime/types/test_fieldless_union_scalar_bridge.brp:39:48
error: Logical operation requires Bool operands, got Void and Void
error: Equality requires an implementation of Equatable for FixedChoice at blorp/test/runtime/types/test_fieldless_union_scalar_bridge.brp:40:13
error: Logical operation requires Bool operands, got Void and Void
error: Equality requires an implementation of Equatable for FixedChoice at blorp/test/runtime/types/test_fieldless_union_scalar_bridge.brp:40:42
error: Logical operation requires Bool operands, got Void and Void
error: Logical operation requires Bool operands, got Void and Bool
error: Type OrdinaryChoice does not implement trait Equatable (required by equal_through_bound)
error: Logical operation requires Bool operands, got Void and Bool
error: Type FixedChoice does not implement trait Equatable (required by equal_through_bound)
error: Logical operation requires Bool operands, got Void and Bool
error: Function 'test_default_equality' returns wrong type
    expected: Bool  (declared return type)
       found: Void  (body expression)
error: Type OrdinaryChoice does not implement trait Hashable (required by hash_through_bound)
    help: Dict keys and Set elements are compared by value, so `OrdinaryChoice` must implement Equatable and Hashable over the same fields: `implements Equatable for OrdinaryChoice` (define `equals`) and `implements Hashable for OrdinaryChoice` (define `hash`, for example `hash_combine(self.x.hash(), self.y.hash())`)
error: Type OrdinaryChoice does not implement trait Hashable (required by hash)
error: Type FixedChoice does not implement trait Hashable (required by hash_through_bound)
    help: Dict keys and Set elements are compared by value, so `FixedChoice` must implement Equatable and Hashable over the same fields: `implements Equatable for FixedChoice` (define `equals`) and `implements Hashable for FixedChoice` (define `hash`, for example `hash_combine(self.x.hash(), self.y.hash())`)
error: Type FixedChoice does not implement trait Hashable (required by hash)
error: Type OrdinaryChoice does not implement trait Hashable (required by key_collections)
    help: Dict keys and Set elements are compared by value, so `OrdinaryChoice` must implement Equatable and Hashable over the same fields: `implements Equatable for OrdinaryChoice` (define `equals`) and `implements Hashable for OrdinaryChoice` (define `hash`, for example `hash_combine(self.x.hash(), self.y.hash())`)
error: Type FixedChoice does not implement trait Hashable (required by key_collections)
    help: Dict keys and Set elements are compared by value, so `FixedChoice` must implement Equatable and Hashable over the same fields: `implements Equatable for FixedChoice` (define `equals`) and `implements Hashable for FixedChoice` (define `hash`, for example `hash_combine(self.x.hash(), self.y.hash())`)
