Native slot acquired.

>> Compiler dimension solver Tests
  [PASS] equivalent sum products solve
  [PASS] exact constant division solves
  [PASS] single dim variable binding
  [PASS] single meta binding
  [PASS] uses meta bindings
  [PASS] foreign-session meta does not read same-slot binding
  [PASS] contradiction and stuck are distinct
  [PASS] linear binding can keep symbolic remainder
  [PASS] opaque division distinguishes meta from type variable spelling
  [PASS] special factor permutation and multiplicity
  [PASS] opaque division equivalent after operand normalization
  [PASS] opaque type distinguishes type variable display spelling
  [PASS] symbolic meta binding reconstructs opaque division
  [PASS] special terms commute and distribute
  [PASS] meta binding choice is independent of sum order
  [PASS] nested opaque division preserves meta identity
  [PASS] symbolic binding values are equivalent across opaque term order
  [PASS] named binding choice is independent of opaque term order
  [FAIL] dimension kind solves without sigil
  [FAIL] ordinary kind does not solve from sigil
  [FAIL] same spelling kinds bind without cancelling
  [FAIL] meta binding preserves no-sigil dimension kind
  [FAIL] meta binding preserves sigil-looking ordinary kind
  [FAIL] named isolation keeps ordinary remainder
  [FAIL] mixed candidates prefer meta and preserve kinds
  [PASS] opaque ordinary factors commute and keep multiplicity

7 of 26 tests failed
