PASS: benchmark_float_consumes_result.brp
PASS: blorp_backend_parallel_bool_layout.brp
PASS: blorp_backend_value_record_construct.brp
PASS: compile_time_erases_builder_functions.brp
PASS: concurrently_loop_limit_bounds_active_tasks.brp
PASS: dict_set_fast_path.brp
PASS: foreign_string_pure_borrows.brp
PASS: global_constant_static_float_list.brp
PASS: global_constant_static_tuple.brp
PASS: list_fold_inline_get.brp
PASS: option_expression_fusion.brp
PASS: parallel_map_runtime.brp
PASS: select_stack_result_receive_cleanup.brp
PASS: string_pipeline_length_fusion.brp
PASS: tailrec_list_spread_loop.brp
PASS: tensor_add_scaled_update_fusion.brp
PASS: tls_write_borrows_bytes.brp
PASS: tuple_return_call_sroa.brp
PASS: vector_float_sum_raw_storage.brp
PASS: vector_struct_get_or_inline_storage.brp
PASS: benchmark_int_consumes_result.brp
PASS: blorp_backend_parallel_filter.brp
PASS: blorp_backend_value_record_range.brp
PASS: compile_time_erases_heap_builders.brp
PASS: concurrently_loop_owned_iterable_cleanup.brp
PASS: dim_constant_fold.brp
PASS: forward_range_loop.brp
PASS: global_constant_static_float_tuple.brp
PASS: http_resource_server_response_cleanup.brp
PASS: list_get_inline_blorp_backend.brp
PASS: option_generated_stack.brp
PASS: record_field_forward_union.brp
PASS: stack_result_match_scrutinee_cleanup.brp
PASS: string_pipeline_materialized_replace_fusion.brp
PASS: tailrec_unmanaged_loop.brp
PASS: tensor_alloc_typed_storage.brp
PASS: tuple_immediate_field_sroa.brp
PASS: udp_datagram_stream_terminal.brp
PASS: vector_for_in_raw_storage.brp
PASS: websocket_receive_stack_result_cleanup.brp
PASS: blorp_backend_dce.brp
PASS: blorp_backend_primitive_runtime_builtin.brp
PASS: builtin_return_cast.brp
PASS: compile_time_intrinsic_specs_materialized.brp
PASS: concurrently_loop_owned_task_spawn.brp
PASS: enum_set_fast_path.brp
PASS: function_ref_uses_selected_import_def_id.brp
PASS: global_constant_static_generic_record.brp
PASS: imported_main_function_symbol.brp
PASS: list_hof_no_capture_inline.brp
PASS: option_int_stack.brp
PASS: resource_cleanup_body_question_bind.brp
PASS: stmt_level_if_else.brp
PASS: string_pipeline_reverse_materialization_fusion.brp
PASS: tcp_chunks_stream_terminal.brp
PASS: tensor_get_or_callsite_inline.brp
PASS: tuple_immediate_match_sroa.brp
PASS: udp_send_to_wait_borrows_bytes.brp
PASS: vector_int_dot_raw_storage.brp
PASS: websocket_send_binary_borrows_bytes.brp
PASS: blorp_backend_default_final_core_subset.brp
PASS: blorp_backend_print_int.brp
PASS: channel_iter_stack_result_consumes_box.brp
PASS: compile_time_materialized.brp
PASS: concurrently_loop_void_tail_discards_results.brp
PASS: fallible_stream_find_boxed_option.brp
PASS: generic_range_refinements.brp
PASS: global_constant_static_generic_union.brp
PASS: line_length_limits.brp
PASS: list_inline_layout.brp
PASS: option_nullable_managed.brp
PASS: resource_cleanup_break_continue.brp
PASS: stream_for_loop.brp
PASS: string_pipeline_window_materialization_fusion.brp
PASS: tcp_connections_concurrent_iteration_cleanup.brp
PASS: tensor_known_subscript_direct_raw.brp
PASS: tuple_local_access_sroa.brp
PASS: union_enum_payload_match.brp
PASS: vector_int_fill_raw_storage.brp
PASS: blorp_backend_forward_function_decl.brp
PASS: blorp_backend_scalar_builtin_call.brp
PASS: channel_recv_timeout_attempt_status_raw.brp
PASS: compile_time_private_intermediate_erased.brp
PASS: core_dce_prunes_unused_function.brp
PASS: fixed_qualified_builtin_dispatch.brp
PASS: generic_union_concrete_layout_identity.brp
PASS: global_constant_static_int_list.brp
PASS: list_addable_trait_dispatch.brp
PASS: list_inline_mutation_fast_path.brp
PASS: option_nullable_stream.brp
PASS: resource_cleanup_cancellation.brp
PASS: stream_map_result_layout.brp
PASS: string_producer_escape_materializes.brp
PASS: tcp_connections_for_iteration_cleanup.brp
PASS: tensor_loop_views_direct.brp
PASS: tuple_local_destructure_sroa.brp
PASS: vector_alias_for_in_runtime_reader.brp
PASS: vector_int_op_specific_kernels.brp
PASS: blorp_backend_hash_container_construct.brp
PASS: blorp_backend_stack_option_list_construct.brp
PASS: channel_seal_runtime_name.brp
PASS: compile_time_private_runtime_reference_materialized.brp
PASS: core_dce_prunes_unused_impl_method.brp
PASS: foreign_bytes_default_copies.brp
PASS: global_constant_erases_builder_call.brp
PASS: global_constant_static_record.brp
PASS: list_append_fresh_tuple_inline.brp
PASS: list_multi_spread_lengths.brp
PASS: option_primitive_stack.brp
PASS: resource_cleanup_metadata.brp
PASS: stream_repeat_result_layout.brp
PASS: string_replace_exact_alloc.brp
PASS: tcp_connections_resource_source_borrows_listener.brp
PASS: tensor_nd_fill_typed_storage.brp
PASS: tuple_local_if_sroa.brp
PASS: vector_arithmetic_simd_dispatch.brp
PASS: vector_int_set_raw_storage.brp
PASS: blorp_backend_hash_owned_builtins.brp
PASS: blorp_backend_string_concat.brp
PASS: channel_send_attempt_stack_result_temp_cleanup.brp
PASS: concurrent_block_channel_record_tail_cleanup.brp
PASS: core_dce_prunes_unused_type_decl.brp
PASS: foreign_bytes_no_copy_borrows.brp
PASS: global_constant_float16_ctfe_rounding.brp
PASS: global_constant_static_record_list.brp
PASS: list_append_managed_param_blorp_backend.brp
PASS: list_option_int_inline_stack.brp
PASS: option_sized_int_stack.brp
PASS: resource_cleanup_writer_metadata.brp
PASS: stream_unfold_result_state_layout.brp
PASS: string_split_exact_alloc.brp
PASS: tcp_lines_stream_terminal.brp
PASS: tensor_proven_loop_raw_load.brp
PASS: tuple_local_managed_sroa.brp
PASS: vector_float32_sum_raw_storage.brp
PASS: vector_int_sum_raw_storage.brp
PASS: blorp_backend_imported_scalar_global.brp
PASS: blorp_backend_tcp_port_value_raw.brp
PASS: channel_send_attempt_status_primitive_payload.brp
PASS: concurrent_max_threads_local_window.brp
PASS: dict_contains_fast_path.brp
PASS: foreign_bytes_pure_borrows.brp
PASS: global_constant_graph_immortalization.brp
PASS: global_constant_static_stack_result.brp
PASS: list_append_option_param_unknown_storage.brp
PASS: matrix_parallel_pipeline_fusion.brp
PASS: option_stack_result_nested_match.brp
PASS: resource_file_text_operations.brp
PASS: string_copy_bytes_memcpy_only.brp
PASS: string_split_single_byte_specialized.brp
PASS: tcp_qualified_write_borrows_bytes.brp
PASS: tensor_raw_view_loop.brp
PASS: tuple_local_match_literal_sroa.brp
PASS: vector_float_dot_raw_storage.brp
PASS: vector_known_for_in_direct_storage.brp
PASS: blorp_backend_intrinsic_call.brp
PASS: blorp_backend_tuple_construct.brp
PASS: channel_try_recv_attempt_status_raw.brp
PASS: concurrent_task_result_alias_canonical.brp
PASS: dict_entries_fast_path.brp
PASS: foreign_string_default_copies.brp
PASS: global_constant_static_float16_list.brp
PASS: global_constant_static_string.brp
PASS: list_concurrent_uses_concurrently_loop_core.brp
PASS: matrix_vector_dispatch.brp
PASS: parallel_filter_map_runtime.brp
PASS: reverse_range_loop_keeps_step.brp
PASS: string_literal_helper_reuse.brp
PASS: string_unicode_case_runtime.brp
PASS: tcp_resource_read_cancellation_cleanup.brp
PASS: time_runtime_helpers.brp
PASS: tuple_local_match_rhs_sroa.brp
PASS: vector_float_minmax.brp
PASS: vector_parallel_map_inline_result_layout.brp
PASS: blorp_backend_list_for_each.brp
PASS: blorp_backend_union_construct.brp
PASS: compile_time_collection_materialized.brp
PASS: concurrent_timeout_deadline_helpers.brp
PASS: dict_get_or_fast_path.brp
PASS: foreign_string_no_copy_borrows.brp
PASS: global_constant_static_float32_list.brp
PASS: global_constant_static_string_list.brp
PASS: list_concurrent_with_timeout_uses_concurrently_loop_core.brp
PASS: nullary_constructor_cross_root_collision.brp
PASS: parallel_filter_map_stack_fallback.brp
PASS: select_channel_timer_wait.brp
PASS: string_literal_nul_length.brp
PASS: tailrec_list_spread_block_loop.brp
PASS: tcp_write_borrows_bytes.brp
PASS: tls_chunks_stream_terminal.brp
PASS: tuple_local_match_sroa.brp
PASS: vector_float_scalar_specific_kernels.brp
PASS: vector_parallel_pipeline_fusion.brp

Results: 193 passed, 0 failed

═══ Compiler Tool Fixtures (format/purify) ═══

Compiler Tests (in-process, 10 workers, 30s child timeout)

PASS: [format/should_pass] block_header_expression_multiline.brp
PASS: [format/should_pass] comments.brp
PASS: [format/should_pass] formatter_regressions.brp
PASS: [format/should_pass] leading_dot_chain.brp
PASS: [format/should_pass] method_chain_block_lambda.brp
PASS: [format/should_pass] record_update.brp
PASS: [format/should_pass] var_decl.brp
PASS: [format/should_fail] list_record_literal.brp
PASS: [format/should_fail] wrapped_string_literals.brp
PASS: [purify/should_not_purify] builtin_func.brp
PASS: [purify/should_not_purify] pure_impure_overload_pair.brp
PASS: [format/should_pass] collection_call_arg_indentation.brp
PASS: [format/should_pass] comments_preserve_text.brp
PASS: [format/should_pass] function_overloads.brp
PASS: [format/should_pass] line_width_breaking.brp
PASS: [format/should_pass] multiline_lambda_args.brp
PASS: [format/should_pass] resource_annotations.brp
PASS: [format/should_pass] vector_tensor_shape.brp
PASS: [format/should_fail] logical_condition_multiline.brp
PASS: [format/should_error] bad_keyword.brp
PASS: [purify/should_not_purify] concurrent_block.brp
PASS: [purify/should_not_purify] unknown_function.brp
PASS: [format/should_pass] comment_body.brp
PASS: [format/should_pass] comments_with_imports.brp
PASS: [format/should_pass] generics.brp
PASS: [format/should_pass] list_record_literal.brp
PASS: [format/should_pass] nested_collection_tuple_indentation.brp
PASS: [format/should_pass] signature_breaking.brp
PASS: [format/should_pass] wrapped_string_literals.brp
PASS: [format/should_fail] logical_value_multiline.brp
PASS: [format/should_error] missing_colon.brp
PASS: [purify/should_not_purify] concurrently_loop.brp
PASS: [purify/should_rewrite] annotated_function.brp
PASS: [format/should_pass] comment_import_sort.brp
PASS: [format/should_pass] control_flow_block_spacing.brp
PASS: [format/should_pass] html_builder.brp
PASS: [format/should_pass] list_vector.brp
PASS: [format/should_pass] nested_expr.brp
PASS: [format/should_pass] simple_func.brp
PASS: [format/should_fail] bad_blank_lines.brp
PASS: [format/should_fail] long_import_line.brp
PASS: [format/should_error] unclosed_bracket.brp
PASS: [purify/should_not_purify] detach.brp
PASS: [purify/should_rewrite] docstring_mentions_func.brp
PASS: [format/should_pass] comment_import_trailing.brp
PASS: [format/should_pass] debug_block.brp
PASS: [format/should_pass] if_condition_chain_multiline.brp
PASS: [format/should_pass] logical_condition_multiline.brp
PASS: [format/should_pass] nested_inline_lambda_call_argument.brp
PASS: [format/should_pass] string_types.brp
PASS: [format/should_fail] bad_indent.brp
PASS: [format/should_fail] missing_blank_lines.brp
PASS: [format/should_error] unclosed_paren.brp
PASS: [purify/should_not_purify] global_mutation.brp
PASS: [purify/should_rewrite] mutual_recursion.brp
PASS: [format/should_pass] comment_interp.brp
PASS: [format/should_pass] doctest_formatting.brp
PASS: [format/should_pass] impl_block.brp
PASS: [format/should_pass] logical_value_multiline.brp
PASS: [format/should_pass] nested_multiline_list_items.brp
PASS: [format/should_pass] top_level_vars.brp
PASS: [format/should_fail] bad_spacing.brp
PASS: [format/should_fail] nested_collection_tuple_indentation.brp
PASS: [format/should_error] unterminated_string.brp
PASS: [purify/should_not_purify] hof_exemption.brp
PASS: [purify/should_rewrite] preserve_comments_no_prelude.brp
PASS: [format/should_pass] comment_multiline_block.brp
PASS: [format/should_pass] expression_ascription.brp
PASS: [format/should_pass] import_trailing_comments.brp
PASS: [format/should_pass] long_import_alias_multiline.brp
PASS: [format/should_pass] operator_precedence.brp
PASS: [format/should_pass] trailing_comma.brp
PASS: [format/should_fail] block_header_expression_multiline.brp
PASS: [format/should_fail] nested_inline_lambda_call_argument.brp
PASS: [purify/should_purify] private_helper.brp
PASS: [purify/should_not_purify] impure_builtins.brp
PASS: [format/should_pass] comment_sections.brp
PASS: [format/should_pass] for_while.brp
PASS: [format/should_pass] imports.brp
PASS: [format/should_pass] long_import_colon_multiline.brp
PASS: [format/should_pass] question_bind.brp
PASS: [format/should_pass] trait_super.brp
PASS: [format/should_fail] collection_call_arg_indentation.brp
PASS: [format/should_fail] record_multiline_layout.brp
PASS: [purify/should_purify] pure_callback.brp
PASS: [purify/should_not_purify] impure_callback_alias_param.brp
PASS: [format/should_pass] comment_trailing.brp
PASS: [format/should_pass] foreign_block.brp
PASS: [format/should_pass] lambda.brp
PASS: [format/should_pass] long_import_multiline.brp
PASS: [format/should_pass] record_multiline_layout.brp
PASS: [format/should_pass] two_method_chain_multiline.brp
PASS: [format/should_fail] control_flow_block_spacing.brp
PASS: [format/should_fail] two_method_chain_inline.brp
PASS: [purify/should_purify] returns_impure_closure.brp
PASS: [purify/should_not_purify] impure_callback_param.brp
PASS: [format/should_pass] comment_types.brp
PASS: [format/should_pass] foreign_block_comment.brp
PASS: [format/should_pass] lambda_flat.brp
PASS: [format/should_pass] match_expr.brp
PASS: [format/should_pass] record_union.brp
PASS: [format/should_pass] type_alias.brp
PASS: [format/should_fail] if_condition_chain_multiline.brp
PASS: [format/should_fail] unsorted_imports.brp
PASS: [purify/should_purify] simple_pure.brp
PASS: [purify/should_not_purify] non_ident_callee.brp

BLORP_GATE_RESULT gate=compiler_deep_tools status=PASS passed=106 failed=0 tests=106
All 106 compiler tests passed

═══ Compiler Blorp TestSuites (.brp) ═══

PASS: compiler/blorp/tests/test_codegen_intrinsic_renderer.brp
PASS: compiler/blorp/tests/test_codegen_prepared_backend_renderer.brp
PASS: compiler/blorp/tests/test_codegen_prepared_constructor_renderer.brp
PASS: compiler/blorp/tests/test_codegen_prepared_list_renderer.brp
PASS: compiler/blorp/tests/test_codegen_prepared_tensor_renderer.brp
PASS: compiler/blorp/tests/test_codegen_prepared_tuple_renderer.brp
PASS: compiler/blorp/tests/test_compiler_artifact_json.brp
PASS: compiler/blorp/tests/test_compiler_bridge.brp
PASS: compiler/blorp/tests/test_compiler_bridge_protocol.brp
PASS: compiler/blorp/tests/test_compiler_builtins.brp
PASS: compiler/blorp/tests/test_compiler_cli.brp
PASS: compiler/blorp/tests/test_compiler_cli_args.brp
PASS: compiler/blorp/tests/test_compiler_context.brp
PASS: compiler/blorp/tests/test_compiler_core_clone.brp
PASS: compiler/blorp/tests/test_compiler_core_closure.brp
PASS: compiler/blorp/tests/test_compiler_core_consume_specialize.brp
PASS: compiler/blorp/tests/test_compiler_core_dce.brp
PASS: compiler/blorp/tests/test_compiler_core_desugar.brp
PASS: compiler/blorp/tests/test_compiler_core_emit.brp
PASS: compiler/blorp/tests/test_compiler_core_emit_type_layout.brp
PASS: compiler/blorp/tests/test_compiler_core_fairness.brp
PASS: compiler/blorp/tests/test_compiler_core_ffi_boundary.brp
PASS: compiler/blorp/tests/test_compiler_core_flatten.brp
PASS: compiler/blorp/tests/test_compiler_core_json.brp
PASS: compiler/blorp/tests/test_compiler_core_list_layout.brp
PASS: compiler/blorp/tests/test_compiler_core_lower.brp
PASS: compiler/blorp/tests/test_compiler_core_ownership.brp
PASS: compiler/blorp/tests/test_compiler_core_perceus.brp
PASS: compiler/blorp/tests/test_compiler_core_pipeline.brp
PASS: compiler/blorp/tests/test_compiler_core_prepare.brp
PASS: compiler/blorp/tests/test_compiler_core_resolve.brp
PASS: compiler/blorp/tests/test_compiler_core_resource.brp
PASS: compiler/blorp/tests/test_compiler_ctfe_global_eval.brp
PASS: compiler/blorp/tests/test_compiler_ctfe_globals.brp
PASS: compiler/blorp/tests/test_compiler_ctfe_ir.brp
PASS: compiler/blorp/tests/test_compiler_ctfe_materialize.brp
PASS: compiler/blorp/tests/test_compiler_ctfe_pattern.brp
PASS: compiler/blorp/tests/test_compiler_ctfe_value.brp
PASS: compiler/blorp/tests/test_compiler_ctfe_value_ops.brp
PASS: compiler/blorp/tests/test_compiler_diagnostic.brp
PASS: compiler/blorp/tests/test_compiler_imports.brp
PASS: compiler/blorp/tests/test_compiler_infer.brp
PASS: compiler/blorp/tests/test_compiler_lexer.brp
PASS: compiler/blorp/tests/test_compiler_module_surface.brp
PASS: compiler/blorp/tests/test_compiler_module_type_identity.brp
PASS: compiler/blorp/tests/test_compiler_parse_diagnostic.brp
PASS: compiler/blorp/tests/test_compiler_parsed_ast.brp
PASS: compiler/blorp/tests/test_compiler_parser.brp
PASS: compiler/blorp/tests/test_compiler_refinement.brp
PASS: compiler/blorp/tests/test_compiler_source.brp
PASS: compiler/blorp/tests/test_compiler_source_ast_finalize.brp
PASS: compiler/blorp/tests/test_compiler_token.brp
PASS: compiler/blorp/tests/test_compiler_type.brp
PASS: compiler/blorp/tests/test_compiler_type_json.brp
PASS: compiler/blorp/tests/test_compiler_type_metadata.brp
PASS: compiler/blorp/tests/test_compiler_type_resolution.brp
PASS: compiler/blorp/tests/test_compiler_type_widening.brp
PASS: compiler/blorp/tests/test_compiler_typecheck_bridge.brp
PASS: compiler/blorp/tests/test_compiler_typecheck_decl.brp
PASS: compiler/blorp/tests/test_compiler_typecheck_impl_decl.brp
PASS: compiler/blorp/tests/test_compiler_typecheck_impl_defaults.brp
PASS: compiler/blorp/tests/test_compiler_typecheck_resource_decl.brp
PASS: compiler/blorp/tests/test_compiler_typecheck_state.brp
PASS: compiler/blorp/tests/test_compiler_typecheck_types.brp
PASS: compiler/blorp/tests/test_compiler_typed_ast_json.brp
PASS: compiler/blorp/tests/test_core_error_format.brp
PASS: compiler/blorp/tests/test_core_fairness_policy.brp
PASS: compiler/blorp/tests/test_core_profile_format.brp
PASS: compiler/blorp/tests/test_core_stage_manifest.brp
PASS: compiler/blorp/tests/test_core_trait_resolve_diagnostics.brp
PASS: compiler/blorp/tests/test_language_surface_manifest.brp
FAIL: combined TestSuite run-all harness (exit code 118)
FAIL: combined TestSuite run-all harness (exit code 106)

Results: 1494 passed, 0 failed (1494 tests)
BLORP_GATE_RESULT gate=compiler_deep_blorp status=FAIL passed=1494 failed=0 tests=1494
