wrote /private/tmp/blorp-ranked-tensor-reader-resource/comparison/resource-candidate-self.json

baseline : ranked-tensor-baseline-self @ unknown
candidate: ranked-tensor-candidate-self @ unknown
input    : 2ee201fb5cb7  program=self
output C : IDENTICAL (83981861 vs 83981861 bytes)

metric                                               baseline        candidate     delta
----------------------------------------------------------------------------------------
allocs source_discovery_start                             650              650    +0.00%
allocs source_discovery_complete                   17,023,955       17,023,955    +0.00%
allocs typed_frontend_start                                 5                5    +0.00%
allocs typed_frontend_complete                     36,739,786       36,739,786    +0.00%
allocs core_lowering_input_ready                            8                8    +0.00%
allocs core_lowering_complete                      17,678,052       17,678,052    +0.00%
allocs pass_lower_complete                                 64               64    +0.00%
allocs pass_debug_complete                            137,279          137,279    +0.00%
allocs pass_prune_early_complete                      166,758          166,758    +0.00%
allocs pass_desugar_complete                        1,417,920        1,417,920    +0.00%
allocs pass_mono_complete                          27,366,340       27,366,340    +0.00%
allocs pass_synth_complete                            224,165          224,165    +0.00%
allocs pass_match_complete                          5,794,734        5,794,734    +0.00%
allocs pass_trait_resolve_complete                  4,972,543        4,972,543    +0.00%
allocs pass_prune_after_trait_resolve_complete        2,355,092        2,355,092    +0.00%
allocs pass_resolve_complete                        3,784,568        3,784,568    +0.00%
allocs pass_std_inline_complete                     1,997,647        1,997,647    +0.00%
allocs pass_tailrec_complete                          179,686          179,686    +0.00%
allocs pass_fuse_string_complete                    2,649,363        2,649,363    +0.00%
allocs pass_fuse_collection_complete                3,092,253        3,092,253    +0.00%
allocs pass_fuse_parallel_tensor_complete           1,336,164        1,336,164    +0.00%
allocs pass_fuse_tensor_update_complete                44,350           44,350    +0.00%
allocs early_core_complete                                  7                7    +0.00%
allocs pass_tuple_flatten_complete                  8,041,597        8,041,597    +0.00%
allocs runtime_projection_complete                    995,599          995,599    +0.00%
allocs pass_adapt_function_refs_complete            1,998,585        1,998,585    +0.00%
allocs pass_tensor_specialize_specialize_fused_complete        1,806,226        1,806,226    +0.00%
allocs pass_hash_key_callbacks_complete                 3,777            3,777    +0.00%
allocs pass_resolve_backend_match_fused_complete        3,597,834        3,597,834    +0.00%
allocs pass_dce_complete                            2,673,920        2,673,920    +0.00%
allocs pass_consume_specialize_complete             2,018,619        2,018,619    +0.00%
allocs pass_static_string_literals_complete         1,656,763        1,656,763    +0.00%
allocs pass_record_update_ownership_complete        1,783,155        1,783,155    +0.00%
allocs pass_record_literal_order_complete           1,468,802        1,468,802    +0.00%
allocs pass_dict_literal_ownership_complete           135,425          135,425    +0.00%
allocs pass_ownership_perceus_fused_complete       57,631,396       57,631,396    +0.00%
allocs pass_reuse_complete                            855,988          855,988    +0.00%
allocs pass_closure_complete                        2,503,988        2,503,988    +0.00%
allocs pass_resource_management_complete              334,652          334,652    +0.00%
allocs pass_fairness_complete                         173,311          173,311    +0.00%
allocs pass_prepare_complete                          933,114          933,114    +0.00%
allocs pass_prepared_reuse_complete                   412,839          412,839    +0.00%
allocs cleanup_plan_complete                        1,265,091        1,265,091    +0.00%
allocs cancellation_plan_complete                  10,798,427       10,798,427    +0.00%
allocs late_core_complete                                   5                5    +0.00%
allocs backend_emission_complete                   17,027,579       17,027,579    +0.00%
allocs artifact_construction_complete                      76               76    +0.00%
allocs TOTAL                                      245,078,157      245,078,157    +0.00%
instructions retired (min)                    228,752,978,176  228,938,404,430    +0.08%
output bytes                                       83,981,861       83,981,861    +0.00%
peak RSS bytes                                  2,206,859,264    2,204,958,720    -0.09%

