wrote /private/tmp/blorp-ranked-tensor-reader-resource/comparison/resource-baseline-self.json
{
  "schema": 2,
  "label": "ranked-tensor-baseline-self",
  "timestamp": "2026-10-08T04:19:49+00:00",
  "host": "MacBook-Air-4.local",
  "machine": "arm64",
  "compiler_path": "/private/tmp/blorp-dict-get-reader-resource/comparison/blorp-stage2",
  "compiler_sha256": "0de63d8215e2600a6c4123fc97b554189f066a64a0918b8e0fe6a2db6d361cd2",
  "diagnostic_compiler_path": "/private/tmp/blorp-dict-get-reader-resource/comparison/blorp-stage2-diagnostic",
  "diagnostic_compiler_sha256": "5950a64a26fd267486193e331445e2704f9c02599104b762b908460aa8fd1a62",
  "compiler_rev": "unknown",
  "compiler_dirty": null,
  "compiler_build_status": "unknown (compiler not inside a repo checkout)",
  "toolchain": {
    "cc_version": "Apple clang version 21.0.0 (clang-2100.3.34.2)",
    "compiler_version": [
      "blorp 0.0.1",
      "commit: 2ee201fb5cb7-dirty",
      "target: aarch64-apple-darwin",
      "channel: local",
      "dirty: true",
      "compiled_by: self-2ee201fb5cb7",
      "optimization: cli=-O2 runtime=-O2",
      "split: 8",
      "cc: Apple clang version 21.0.0 (clang-2100.3.34.2)",
      "memory_diagnostics: 0",
      "",
      ""
    ],
    "compiled_by": "self-2ee201fb5cb7",
    "optimization": "cli=-O2 runtime=-O2",
    "commit": "2ee201fb5cb7-dirty",
    "target": "aarch64-apple-darwin",
    "split": "8",
    "cc": "Apple clang version 21.0.0 (clang-2100.3.34.2)",
    "memory_diagnostics": "0"
  },
  "diagnostic_toolchain": {
    "cc_version": "Apple clang version 21.0.0 (clang-2100.3.34.2)",
    "compiler_version": [
      "blorp 0.0.1",
      "commit: 2ee201fb5cb7-dirty",
      "target: aarch64-apple-darwin",
      "channel: local",
      "dirty: true",
      "compiled_by: self-2ee201fb5cb7",
      "optimization: cli=-O2 runtime=-O2",
      "split: 8",
      "cc: Apple clang version 21.0.0 (clang-2100.3.34.2)",
      "memory_diagnostics: 1",
      "",
      ""
    ],
    "compiled_by": "self-2ee201fb5cb7",
    "optimization": "cli=-O2 runtime=-O2",
    "commit": "2ee201fb5cb7-dirty",
    "target": "aarch64-apple-darwin",
    "split": "8",
    "cc": "Apple clang version 21.0.0 (clang-2100.3.34.2)",
    "memory_diagnostics": "1"
  },
  "compiler_stage": 1,
  "stage2_built_by_bin_blorp_sha256": null,
  "c_optimization": "-O2",
  "input_rev": "2ee201fb5cb74e8a7b4f3d068a143d8d71dd2bad",
  "input_dir": "$TMPDIR_CANONICAL/blorp-perf-input/2ee201fb5cb74e8a7b4f3d068a143d8d71dd2bad",
  "program": "self",
  "samples": 3,
  "output_sha256": "9f304f4b6c1b0911ff95bc9df3cbc3c6346bb6811b6cf69cae742861bd352e0c",
  "output_bytes": 83981861,
  "total_allocations": 245078157,
  "instructions_retired": {
    "min": 228752978176,
    "median": 228767036774,
    "samples": [
      228836767509,
      228752978176,
      228767036774
    ]
  },
  "wall_seconds": {
    "min": 15.37,
    "median": 15.42,
    "samples": [
      15.37,
      15.42,
      16.27
    ]
  },
  "peak_rss_bytes": 2206859264,
  "phases_ms": {
    "source_discovery": 1027.304,
    "typed_frontend": 3011.868,
    "core_lowering": 1036.852,
    "early_core": 2884.85,
    "runtime_projection": 485.748,
    "late_core": 5428.238,
    "backend_emission": 1126.702,
    "artifact_construction": 0.496,
    "phase_total": 14982.568,
    "outer_total": 15198.031
  }
}
  source_discovery_start               allocs +         650
  source_discovery_complete            allocs +  17,023,955
  typed_frontend_start                 allocs +           5
  typed_frontend_complete              allocs +  36,739,786
  core_lowering_input_ready            allocs +           8
  core_lowering_complete               allocs +  17,678,052
  pass_lower_complete                  allocs +          64
  pass_debug_complete                  allocs +     137,279
  pass_prune_early_complete            allocs +     166,758
  pass_desugar_complete                allocs +   1,417,920
  pass_mono_complete                   allocs +  27,366,340
  pass_synth_complete                  allocs +     224,165
  pass_match_complete                  allocs +   5,794,734
  pass_trait_resolve_complete          allocs +   4,972,543
  pass_prune_after_trait_resolve_complete allocs +   2,355,092
  pass_resolve_complete                allocs +   3,784,568
  pass_std_inline_complete             allocs +   1,997,647
  pass_tailrec_complete                allocs +     179,686
  pass_fuse_string_complete            allocs +   2,649,363
  pass_fuse_collection_complete        allocs +   3,092,253
  pass_fuse_parallel_tensor_complete   allocs +   1,336,164
  pass_fuse_tensor_update_complete     allocs +      44,350
  early_core_complete                  allocs +           7
  pass_tuple_flatten_complete          allocs +   8,041,597
  runtime_projection_complete          allocs +     995,599
  pass_adapt_function_refs_complete    allocs +   1,998,585
  pass_tensor_specialize_specialize_fused_complete allocs +   1,806,226
  pass_hash_key_callbacks_complete     allocs +       3,777
  pass_resolve_backend_match_fused_complete allocs +   3,597,834
  pass_dce_complete                    allocs +   2,673,920
  pass_consume_specialize_complete     allocs +   2,018,619
  pass_static_string_literals_complete allocs +   1,656,763
  pass_record_update_ownership_complete allocs +   1,783,155
  pass_record_literal_order_complete   allocs +   1,468,802
  pass_dict_literal_ownership_complete allocs +     135,425
  pass_ownership_perceus_fused_complete allocs +  57,631,396
  pass_reuse_complete                  allocs +     855,988
  pass_closure_complete                allocs +   2,503,988
  pass_resource_management_complete    allocs +     334,652
  pass_fairness_complete               allocs +     173,311
  pass_prepare_complete                allocs +     933,114
  pass_prepared_reuse_complete         allocs +     412,839
  cleanup_plan_complete                allocs +   1,265,091
  cancellation_plan_complete           allocs +  10,798,427
  late_core_complete                   allocs +           5
  backend_emission_complete            allocs +  17,027,579
  artifact_construction_complete       allocs +          76
