
>> Bounded tree operator expressions Tests
  [FAIL] opaque conversions mint type then value then owner
  [FAIL] opaque conversion unsupported values restore entry
  [FAIL] opaque conversion rejection preserves diagnostics without ids
  [PASS] grouped block lambda boundary classification
  [PASS] rejected lambda call discards trial definitions
  [PASS] direct expression keeps the caller boundary
  [PASS] precedence and postorder ids
  [PASS] string and character literals
  [PASS] string literals keep form and text
  [PASS] character escapes
  [PASS] pipe interpolation is multiline
  [PASS] interpolation holes in source order
  [PASS] grouping keeps identity and token name span
  [PASS] logical and range forms
  [PASS] detach is a prefix operator
  [PASS] unsupported exact rollback
  [PASS] rejected expression has no ids
  [PASS] postfix source order and spans
  [PASS] leading dots keep postorder ids and spans
  [PASS] malformed continued calls report without ids
  [PASS] postfix rejection diagnostic and no ids
  [PASS] 2000 call left spine
  [PASS] 100 nested call arguments
  [PASS] list source order and spans
  [PASS] empty list
  [PASS] list is an atom
  [PASS] list rejection diagnostic and no ids
  [PASS] 100 nested lists
  [PASS] tuple source order and spans
  [PASS] tuple arity shapes
  [PASS] grouping is never a tuple
  [PASS] tuple rejection diagnostics and no ids
  [PASS] 100 alternating tuples and lists
  [PASS] 100 nested tuples
  [PASS] braced forms and their shapes
  [PASS] multiline brackets and their shapes
  [PASS] blocks in brackets follow the anchor
  [PASS] multiline braced source order
  [PASS] multiline braced rejection lines
  [PASS] braced source order and spans
  [PASS] dict entries issue key then value
  [PASS] braced rejection diagnostics and no ids
  [PASS] braced forms nest in each other
  [PASS] 5000 term left spine

3 of 44 tests failed

>> Tree expression legacy projection Tests
  [FAIL] opaque conversions match full frozen type grammar
  [PASS] minted empty call retains raw AST
  [PASS] supported expression AST JSON parity
  [PASS] completed global full declaration parity
  [PASS] grouped integer preserves authored digits
  [PASS] missing integer token fails closed
  [PASS] names follow written order
  [PASS] postfix names follow written order
  [PASS] postfix integer provenance fails closed
  [PASS] parsed method chain survives dump and ID census
  [PASS] list names follow written order
  [PASS] 100 nested lists survive dump, census and projection
  [PASS] nested list dump text
  [PASS] mixed tuple and list dump text
  [PASS] mixed braced dump text
  [PASS] 100 alternating tuples and lists survive dump, census and projection
  [PASS] tuple names follow written order
  [PASS] braced names follow written order
  [PASS] 100 nested vectors survive dump, census and projection
  [PASS] nested records and dicts survive dump, census and projection
  [PASS] 3000 element list projects in order
  [PASS] control operand globals match the old AST JSON
  [PASS] deep postfix projection uses an iterative walk
  [PASS] deep binary projection uses an iterative walk

1 of 24 tests failed
