
>> Blorp compiler Core emit Tests
  [PASS] emit empty program artifact shape
  [PASS] emit foreign includes before declarations
  [PASS] emit foreign default Bytes call copies and releases
  [PASS] emit function inventory comment
  [PASS] emit main return int literal
  [PASS] emit main with source args uses C entrypoint signature
  [PASS] emit profiled main uses runtime-owned exit report
  [PASS] profile is enabled before dynamic global initializers
  [PASS] emit profile disabled omits hooks
  [PASS] emit prepared program boundary
  [PASS] emit unsupported global returns structured error
  [PASS] emit identity function with Int param
  [PASS] emit profiled named function
  [PASS] production emit projects symbol but preserves profile label
  [PASS] user call uses projected symbol and unprojected fallback
  [PASS] non-simple user call uses projected symbol
  [PASS] compact emit shortens generated temporary names
  [PASS] compact emit shortens helper-routed temporary names
  [PASS] resolved Some user call is not suppressed
  [PASS] profile IDs are dense in declaration order
  [PASS] profile ID order matches metadata and function bodies
  [PASS] profile IDs have no fixed function ceiling
  [PASS] profile plan empty selection emits no profile data
  [PASS] profile plan is deterministic and excludes bodyless functions
  [PASS] calls profile selects module without timing probes
  [PASS] exact profile selects canonical function identity
  [PASS] exact profile selector preserves composite module identity
  [PASS] profile rejects unknown selectors before emission
  [PASS] production emit escapes preserved compact foreign name
  [PASS] emit closure param function signature
  [PASS] emit closure call expression
  [PASS] emit closure call stack Result retains unboxed payload
  [PASS] emit static closure create
  [PASS] emit captured closure create
  [PASS] emit float captured closure create
  [PASS] emit StackResult capture retains and releases
  [PASS] emit Float32 closure capture uses legacy slot encoding
  [PASS] emit Float16 closure capture uses legacy slot encoding
  [PASS] emit string captured closure create
  [PASS] emit nullable Option String captured closure create
  [PASS] emit nullable Option List Int captured closure create
  [PASS] emit stack Option Int captured closure create
  [PASS] emit managed record captured closure create
  [PASS] emit managed record and string closure uses owned pointer slots
  [PASS] emit tensor captured closure create
  [PASS] emit channel captured closure create
  [PASS] emit raw pointer captured closure create
  [PASS] emit raw pointer tuple closure body
  [PASS] emit if expression as ternary
  [PASS] emit statement condition if
  [PASS] emit list handoff nullable Option capture condition
  [PASS] emit binary add expression
  [PASS] emit set equality expression
  [PASS] emit fixed binary expressions
  [PASS] emit binary divide expression is infallible
  [PASS] emit float divide expression preserves ieee semantics
  [PASS] emit binary modulo expression is infallible
  [PASS] emit unary negate expression
  [PASS] emit unary negate preserves narrow integer width
  [PASS] emit unary negate negative literal expression
  [PASS] emit unary not expression
  [PASS] emit cast expression
  [PASS] emit primitive box expression
  [PASS] emit Int128 box expression
  [PASS] emit stack Result box expression
  [PASS] emit resource scope cleans up value body
  [PASS] emit resource cleanup exit before break
  [PASS] string literal dispatch preserves loop break target
  [PASS] emit releasing match without cancellation omits cleanup slot
  [PASS] emit float literal expression
  [PASS] emit nonfinite float literal expressions
  [PASS] emit char literal expression
  [PASS] emit sized scalar function signature
  [PASS] emit unsigned sized scalar return
  [PASS] emit unmanaged tailrec loop
  [PASS] emit profiled tailrec loop balances direct return
  [PASS] emit tailrec literal match loop
  [PASS] emit tailrec list-spread loop
  [PASS] emit range for loop with dynamic step
  [PASS] emit forward only range for loop
  [PASS] emit range for loop with statement end bound
  [PASS] emit unsupported function diagnostic names failing child
  [PASS] emit foreign-reachable record escapes reserved member names
  [PASS] emit generic construct of builtin variant is unsupported
  [PASS] emit Range value for loop
  [PASS] emit literal match expression
  [PASS] emit literal match fail fallback
  [PASS] emit string literal match expression
  [PASS] emit string literal match length dispatch
  [PASS] string literal match length dispatch eligibility
  [PASS] emit tailrec string literal match length dispatch
  [PASS] emit literal match fallback binding
  [PASS] emit logical and expression
  [PASS] emit logical or expression
  [PASS] emit deep logical expression is stack bounded
  [PASS] emit deep left logical expression is stack bounded
  [PASS] emit deep simple logical expression is stack bounded
  [PASS] emit escaped string literal
  [PASS] emit NUL string literal with explicit length
  [PASS] emit unicode string literal escapes bytes
  [PASS] emit simple user call expression
  [PASS] emit function forward declarations
  [PASS] emit intrinsic call expression
  [PASS] emit prepared list ensure intrinsic calls
  [PASS] emit scalar builtin call expression
  [PASS] emit string equality builtin call expression
  [PASS] emit direct runtime builtin call shapes
  [PASS] emit direct runtime list layout arity contract
  [PASS] emit custom dict with capacity call
  [PASS] emit tensor parallel inline struct layout metadata
  [PASS] emit fallible stream collect bridge
  [PASS] emit fallible stream find nested option bridge
  [PASS] emit managed channel allocation initializes elem release
  [PASS] emit callbacks for channels with allocated boxed storage
  [PASS] emit channel attempt wrappers use prepared backend
  [PASS] scalar channel send attempts use issued tag constants
  [PASS] scalar channel attempts reject missing variants and receive
  [PASS] emit RecvAttempt value-record storage release mask
  [PASS] emit channel send attempt retains boxed temp
  [PASS] emit stack Result box retains actual returned value
  [PASS] emit channel send retains boxed temp
  [PASS] emit raw scalar tensor get unchecked
  [PASS] emit statement-shaped binary operand
  [PASS] emit owned argument protection across later checkpoint
  [PASS] emit nullable option construction
  [PASS] emit nullable option statement list payload
  [PASS] emit statement list call argument
  [PASS] emit statement field inline struct list element
  [PASS] emit statement tuple elements
  [PASS] emit nullable option constructor match
  [PASS] emit constructor payload string literal length dispatch
  [PASS] emit stack option constructor match
  [PASS] emit boxed stack Option native payload without case context
  [PASS] emit boxed stack Option enum payload uses projected type
  [PASS] emit constructor payload literal match
  [PASS] emit boxed Result payload literal match
  [PASS] emit stack Result constructor match
  [PASS] emit boxed Option stack Result constructor match
  [PASS] emit boxed Option stack Result from list match
  [PASS] emit stack Result void payload match
  [PASS] emit Bool constructor match
  [PASS] emit noncancelling constructor match without scrutinee cleanup
  [PASS] emit inert constructor match omits only scrutinee cleanup
  [PASS] emit cancelling constructor match retains scrutinee cleanup
  [PASS] emit inert length match omits only scrutinee cleanup
  [PASS] emit cancelling accessor match retains scrutinee cleanup
  [PASS] emit stack Result task closure return uses stack Result box
  [PASS] emit task copy managed record keeps pointer slots
  [PASS] emit stack Result construction
  [PASS] emit boxed Result construction
  [PASS] emit stack Result Option payload boxes stack Option
  [PASS] emit stack Result tuple payload with statement body
  [PASS] emit generated stack Option typedefs
  [PASS] emit managed record fields use forward declarations
  [PASS] emit bounded range stack Option
  [PASS] emit void stack Option payload
  [PASS] emit builtin Option constructors through prepare
  [PASS] emit stack Option raw boxed primitive payload
  [PASS] emit managed record nullable Option payload
  [PASS] emit reserved C identifier
  [PASS] emit predefined C macro identifier
  [PASS] emit reserved C function identifier
  [PASS] emit static scalar global
  [PASS] emit literal string global uses static pool
  [PASS] emit static inline int list global
  [PASS] emit owned heap record global
  [PASS] emit heap record reuse with unique and fresh paths
  [PASS] emit sparse heap record update mutates only replacement fields
  [PASS] emit sparse heap record update honors every release policy
  [PASS] emit multiple sparse record update sites remain site local
  [PASS] emit owned heap record list global
  [PASS] emit owned tuple global
  [PASS] emit static float tuple global
  [PASS] emit owned stack Result globals
  [PASS] emit owned generic union global
  [PASS] emit union reuse constructor helper
  [PASS] emit core pipeline runs union reuse
  [PASS] emit static nonfinite float globals
  [PASS] emit static 64-bit edge globals
  [PASS] emit mutable scalar global
  [PASS] emit dynamic global init
  [PASS] emit dynamic global init function prototypes
  [PASS] emit owned const dict global
  [PASS] emit owned const erased union global
  [PASS] emit static closure forward decl
  [PASS] emit noncancelling task closure without moved capture cleanup
  [PASS] emit moved task capture cleanup uses legacy slots
  [PASS] emit moved StackResult capture cleanup
  [PASS] emit resource scope takes over moved task capture cleanup
  [PASS] emit tuple construct and field access
  [PASS] emit managed record tuple construct
  [PASS] emit stack Result tuple construct
  [PASS] emit stack Result tuple field retains borrowed value
  [PASS] emit statement stack Result tuple construct
  [PASS] emit managed tuple construct
  [PASS] emit float tuple construct
  [PASS] emit pointer tuple field access
  [PASS] emit float tuple field access
  [PASS] emit stack Option tuple field access
  [PASS] emit managed builtin tuple field access
  [PASS] emit stack Option tuple field match
  [PASS] emit nullable Option tuple field match
  [PASS] emit nullable Option tuple field match from generated let
  [PASS] emit nullable Option tuple field match from tuple scrutinee
  [PASS] emit inline Option list construct
  [PASS] emit boxed struct value uses temp
  [PASS] emit pointer list retain and set
  [PASS] emit managed record list retain uses runtime policy
  [PASS] emit list retain uses prepared value ownership
  [PASS] emit raw stack Result list retain
  [PASS] emit raw pointer list retain uses runtime policy
  [PASS] emit raw managed record list retain uses runtime policy
  [PASS] emit inline list get and unbox
  [PASS] emit inline float list get and unbox
  [PASS] emit inline Option list get and unbox
  [PASS] emit inline Option list for loop
  [PASS] emit inline scalar list for loop
  [PASS] emit statement iterable list for loop
  [PASS] emit string for loop
  [PASS] emit dict key for loop
  [PASS] emit dict pair for loop
  [PASS] emit set for loop
  [PASS] emit stream for loop
  [PASS] emit resource source for loop
  [PASS] emit resource source concurrently loop
  [PASS] emit structured borrow task remains unsupported
  [PASS] emit owned resource source concurrently loop cleans source
  [PASS] emit detach
  [PASS] emit channel stack Result for loop
  [PASS] emit channel managed value for loop
  [PASS] emit select channel timer wait
  [PASS] emit select stack Result receive cleanup
  [PASS] emit list length match with spread binding
  [PASS] emit union payload list length match uses payload root
  [PASS] emit union payload list length expr uses bound scrutinee
  [PASS] emit owned list literal length match releases scrutinee
  [PASS] emit inline list set
  [PASS] emit inline float list set
  [PASS] emit inline list swap
  [PASS] emit pointer list set statement value
  [PASS] emit list handoff reuse expression
  [PASS] emit inline scalar list handoff set
  [PASS] emit list handoff store statement value
  [PASS] emit string byte operations
  [PASS] emit string byte write with ordered intrinsic
  [PASS] emit tensor raw operations
  [PASS] emit tensor raw write materializes ordered value
  [PASS] emit tensor raw fill unboxes scalar value
  [PASS] emit tensor managed record literal
  [PASS] emit tensor boxed literal release policy
  [PASS] emit tensor managed record pointer read retains child
  [PASS] emit tensor managed record get checked
  [PASS] emit tensor managed record get_or shape
  [PASS] emit tensor managed record set nullable
  [PASS] emit tensor managed record checked set
  [PASS] emit direct runtime managed record tensor helpers
  [PASS] emit direct runtime boxed Int128 fill owns elements
  [PASS] emit direct runtime tensor set consumes owned receiver
  [PASS] emit direct runtime consumes owned non-first argument
  [PASS] emit direct string tensor fill and set
  [PASS] emit borrowed runtime result as borrowed call argument
  [PASS] emit owned raw runtime result cast as managed call argument
  [PASS] emit ranked tensor checked get injects static shape
  [PASS] standalone ranked getters preserve all ABIs
  [PASS] standalone ranked getters sequence receiver before read
  [PASS] standalone ranked getters reject incompatible parts
  [PASS] standalone ranked getter lookalikes preserve emission rejection
  [PASS] pipeline ranked getters preserve runtime projection
  [PASS] standalone ranked unboxes follow explicit scalar kind
  [PASS] pipeline ranked struct unbox uses validated parts
  [PASS] emit unbox statement-shaped stream fold
  [PASS] emit tensor packed fill
  [PASS] emit tensor packed matrix checked set
  [PASS] emit Float16 tensor set does not release immediate box
  [PASS] emit tensor managed record for loop
  [PASS] emit tensor runtime read for loop
  [PASS] emit tensor raw scalar for loop
  [PASS] emit tensor row slice for loop
  [PASS] emit tensor boxed for loop
  [PASS] emit tensor row slice then hash container constructors
  [PASS] emit hash container constructors
  [PASS] emit dict constructor consumes owned entries
  [PASS] emit managed value dict constructors initialize release
  [PASS] emit dict get int builtin call
  [PASS] emit dict get managed record builtin call
  [PASS] emit dict remove builtin call
  [PASS] emit set add builtin call
  [PASS] emit drop release policies
  [PASS] emit let cleanup tracks owned bytes
  [PASS] emit discard assignment borrows then drops string
  [PASS] emit discard assignment releases owned string
  [PASS] emit discarded scalar expression is explicit
  [PASS] emit borrow let string alias has no cleanup
  [PASS] emit let direct return transfers owned bytes
  [PASS] emit noncancelling let alias return without source cleanup
  [PASS] emit cancelling let alias return tracks only the alias
  [PASS] emit loop var assignment rearms cleanup slot
  [PASS] emit owned parameter slot pushed at entry
  [PASS] emit owned parameter without cancellation point has no slot
  [PASS] emit owned parameter handed on before cancellation has no slot
  [PASS] emit borrowed parameter has no slot operations
  [PASS] emit owned parameter moved into tuple has no slot
  [PASS] emit local moved into tuple pops before park
  [PASS] emit moved reference dup alias gives back the source unit
  [PASS] emit moved reference alias after suspension pops the source
  [PASS] emit moved reference constructor pops the source after building
  [PASS] emit moved reference constructor before suspension tracks only the result
  [PASS] emit let user call transfers owned bytes
  [PASS] emit let user call transfer pops cleanup at call site
  [PASS] emit noncancelling let transfer tail without alias cleanup
  [PASS] emit compiler-owned result temp is hygienic
  [PASS] emit tuple literal preparation
  [PASS] emit managed record construct expression
  [PASS] emit managed record constructor ignores reserved source field
  [PASS] emit internal managed record Boolean-tail order
  [PASS] emit managed record construct statement field
  [PASS] emit statement-shaped managed record field access
  [PASS] emit managed record literal preparation
  [PASS] emit managed record range expression
  [PASS] emit heap record declaration and field access
  [PASS] emit heap record Boolean field storage
  [PASS] emit internal heap record byte enum field storage
  [PASS] emit native snapshot copyout owns managed result
  [PASS] emit foreign heap record preserves field order
  [PASS] emit reserved source record field names use ordinals
  [PASS] emit runtime-reserved source member names use ordinals
  [PASS] emit heap record construct expression
  [PASS] emit enum declaration and typed function
  [PASS] emit constructor match expression
  [PASS] emit constructor match with let scrutinee
  [PASS] emit union declaration and constructor
  [PASS] emit self-recursive union destructor is iterative
  [PASS] emit union Int128 boxed payload destroy
  [PASS] emit constructor match with union payload binding
  [PASS] emit nullable union match after drop
  [PASS] emit nullable singleton union from list get
  [PASS] emit erased union with managed payload
  [PASS] emit erased union with nullary singleton
  [PASS] emit boxed Option constructor
  [PASS] emit let binding statement
  [PASS] emit let binding from statement RHS
  [PASS] emit statement RHS scopes reused inner names
  [PASS] emit void statement RHS scopes reused inner names
  [PASS] emit binary operands scope reused inner names
  [PASS] emit union payloads scope reused inner names
  [PASS] emit union payloads in source order
  [PASS] emit record fields in source order
  [PASS] emit call arguments in source order
  [PASS] emit mixed simple and complex call arguments in source order
  [PASS] emit intrinsic call arguments in source order
  [PASS] emit direct runtime call arguments in source order
  [PASS] emit borrowed tuple projection call without release
  [PASS] emit builtin call arguments in source order
  [PASS] emit foreign call arguments in source order
  [PASS] emit closure call arguments in source order
  [PASS] emit ordered closure Void argument without invalid declaration
  [PASS] emit static literal ordering temp without allocation
  [PASS] emit static literal let without cancellation cleanup
  [PASS] emit single-effect intrinsic argument without nested failure
  [PASS] emit read before effectful argument in source order
  [PASS] emit union reuse payloads scope reused inner names
  [PASS] emit void let as statement sequence
  [PASS] emit discard let without binding declaration
  [PASS] emit assignment statement
  [PASS] emit while statement
  [PASS] emit break and continue statements
  [PASS] emit local variable has cleanup slot but definition value does not
  [PASS] emit sequence statement before return
  [PASS] emit statement if with result temp
  [PASS] emit nested statement if with distinct temps
  [PASS] emit let collection equality consumes cleanup
  [PASS] emit cow field take empties unique source slot

All 372 tests passed
