PROBE receiver
PROBE RESULT OK
/* Blorp final Core C artifact */
#include <limits.h>
#include <math.h>
#include <stdint.h>
#include <stdio.h>
#include <stdlib.h>
#include <string.h>

typedef struct { int tag; __int128 value; } blorp_StackOption_Int128;
typedef struct { int tag; unsigned __int128 value; } blorp_StackOption_UInt128;
typedef struct { int tag; long value; } blorp_StackOption_Range;

static void* ranked_getter_control(blorp_Vector* tensor);

void __blorp_init_globals(void) {
}

static void* ranked_getter_control(blorp_Vector* tensor) {
  blorp_Vector* __call_arg_0;
  {
    {
      blorp_cooperative_checkpoint();
    }
    __call_arg_0 = tensor;
  }
  long __call_arg_1 = -1;
  long __call_arg_2 = 1;
  long __call_arg_3 = 0;
  return ({ blorp_Vector* __tgnd_vec_tensor_ranked_checked_get = (blorp_Vector*)__call_arg_0; long __tgnd_i0_tensor_ranked_checked_get = __call_arg_1; if (__tgnd_i0_tensor_ranked_checked_get < 0) __tgnd_i0_tensor_ranked_checked_get += 2; long __tgnd_i1_tensor_ranked_checked_get = __call_arg_2; if (__tgnd_i1_tensor_ranked_checked_get < 0) __tgnd_i1_tensor_ranked_checked_get += 3; long __tgnd_i2_tensor_ranked_checked_get = __call_arg_3; if (__tgnd_i2_tensor_ranked_checked_get < 0) __tgnd_i2_tensor_ranked_checked_get += 4; long __tgnd_flat_tensor_ranked_checked_get = ((((__tgnd_i0_tensor_ranked_checked_get) * 3 + __tgnd_i1_tensor_ranked_checked_get)) * 4 + __tgnd_i2_tensor_ranked_checked_get); void* __tgnd_value_tensor_ranked_checked_get = (void*)0; if (__builtin_expect(__tgnd_vec_tensor_ranked_checked_get && __tgnd_i0_tensor_ranked_checked_get >= 0 && __tgnd_i0_tensor_ranked_checked_get < 2 && __tgnd_i0_tensor_ranked_checked_get < __tgnd_vec_tensor_ranked_checked_get->len && __tgnd_i1_tensor_ranked_checked_get >= 0 && __tgnd_i1_tensor_ranked_checked_get < 3 && __tgnd_i2_tensor_ranked_checked_get >= 0 && __tgnd_i2_tensor_ranked_checked_get < 4 && __tgnd_flat_tensor_ranked_checked_get >= 0 && __tgnd_flat_tensor_ranked_checked_get < __tgnd_vec_tensor_ranked_checked_get->capacity, 1)) { if (blorp_vector_is_i64_raw(__tgnd_vec_tensor_ranked_checked_get)) { __tgnd_value_tensor_ranked_checked_get = (void*)(intptr_t)((long*)__tgnd_vec_tensor_ranked_checked_get->data)[__tgnd_flat_tensor_ranked_checked_get]; } else if (__tgnd_vec_tensor_ranked_checked_get->storage_mode == BLORP_VECTOR_STORAGE_PACKED) { __tgnd_value_tensor_ranked_checked_get = (void*)(intptr_t)blorp_packed_get(__tgnd_vec_tensor_ranked_checked_get, __tgnd_flat_tensor_ranked_checked_get); } else if (__tgnd_vec_tensor_ranked_checked_get->storage_mode == BLORP_VECTOR_STORAGE_F64) { __tgnd_value_tensor_ranked_checked_get = blorp_box_float(blorp_vector_read_f64(__tgnd_vec_tensor_ranked_checked_get, __tgnd_flat_tensor_ranked_checked_get)); } else if (__tgnd_vec_tensor_ranked_checked_get->storage_mode == BLORP_VECTOR_STORAGE_F32) { __tgnd_value_tensor_ranked_checked_get = blorp_box_float32(blorp_vector_read_f32(__tgnd_vec_tensor_ranked_checked_get, __tgnd_flat_tensor_ranked_checked_get)); } else if (__tgnd_vec_tensor_ranked_checked_get->storage_mode == BLORP_VECTOR_STORAGE_INLINE) { __tgnd_value_tensor_ranked_checked_get = blorp_alloc(sizeof(blorp_Object) + __tgnd_vec_tensor_ranked_checked_get->elem_size); memcpy((char*)__tgnd_value_tensor_ranked_checked_get + sizeof(blorp_Object), (char*)__tgnd_vec_tensor_ranked_checked_get->data + __tgnd_flat_tensor_ranked_checked_get * __tgnd_vec_tensor_ranked_checked_get->elem_size, __tgnd_vec_tensor_ranked_checked_get->elem_size); } else { __tgnd_value_tensor_ranked_checked_get = __tgnd_vec_tensor_ranked_checked_get->data[__tgnd_flat_tensor_ranked_checked_get]; } } __tgnd_value_tensor_ranked_checked_get; });
}

PROBE lookalike
PROBE RESULT OK
/* Blorp final Core C artifact */
#include <limits.h>
#include <math.h>
#include <stdint.h>
#include <stdio.h>
#include <stdlib.h>
#include <string.h>

typedef struct { int tag; __int128 value; } blorp_StackOption_Int128;
typedef struct { int tag; unsigned __int128 value; } blorp_StackOption_UInt128;
typedef struct { int tag; long value; } blorp_StackOption_Range;

static void* ranked_getter_control(blorp_Vector* tensor);

void __blorp_init_globals(void) {
}

static /* unsupported function ranked_getter_control kind=user def_id=707 child_path= child_kind=nested_emission */
#error "Blorp backend could not emit function body: ranked_getter_control"

PROBE struct blorp_tensor3_checked_get
PROBE RESULT OK
/* Blorp final Core C artifact */
#include <limits.h>
#include <math.h>
#include <stdint.h>
#include <stdio.h>
#include <stdlib.h>
#include <string.h>

typedef struct RankedPoint {
  long f0;
} RankedPoint;

typedef struct { int tag; __int128 value; } blorp_StackOption_Int128;
typedef struct { int tag; unsigned __int128 value; } blorp_StackOption_UInt128;
typedef struct { int tag; long value; } blorp_StackOption_Range;
typedef struct { int tag; RankedPoint value; } blorp_StackOption_RankedPoint;

static RankedPoint ranked_getter_control(blorp_Vector* tensor);

void __blorp_init_globals(void) {
}

static RankedPoint ranked_getter_control(blorp_Vector* tensor) {
  return blorp_unbox_struct(((void*)blorp_tensor3_checked_get_shape(tensor, 2, 3, 4, -1, 1, 0)), RankedPoint);
}

PROBE struct blorp_tensor3_checked_get_shape
PROBE RESULT OK
/* Blorp final Core C artifact */
#include <limits.h>
#include <math.h>
#include <stdint.h>
#include <stdio.h>
#include <stdlib.h>
#include <string.h>

typedef struct RankedPoint {
  long f0;
} RankedPoint;

typedef struct { int tag; __int128 value; } blorp_StackOption_Int128;
typedef struct { int tag; unsigned __int128 value; } blorp_StackOption_UInt128;
typedef struct { int tag; long value; } blorp_StackOption_Range;
typedef struct { int tag; RankedPoint value; } blorp_StackOption_RankedPoint;

static RankedPoint ranked_getter_control(blorp_Vector* tensor);

void __blorp_init_globals(void) {
}

static RankedPoint ranked_getter_control(blorp_Vector* tensor) {
  return ({ blorp_Vector* __tgnd_vec_tensor_ranked_checked_get = (blorp_Vector*)tensor; long __tgnd_i0_tensor_ranked_checked_get = -1; if (__tgnd_i0_tensor_ranked_checked_get < 0) __tgnd_i0_tensor_ranked_checked_get += 2; long __tgnd_i1_tensor_ranked_checked_get = 1; if (__tgnd_i1_tensor_ranked_checked_get < 0) __tgnd_i1_tensor_ranked_checked_get += 3; long __tgnd_i2_tensor_ranked_checked_get = 0; if (__tgnd_i2_tensor_ranked_checked_get < 0) __tgnd_i2_tensor_ranked_checked_get += 4; long __tgnd_flat_tensor_ranked_checked_get = ((((__tgnd_i0_tensor_ranked_checked_get) * 3 + __tgnd_i1_tensor_ranked_checked_get)) * 4 + __tgnd_i2_tensor_ranked_checked_get); RankedPoint __tgnd_value_tensor_ranked_checked_get = {0}; if (__builtin_expect(__tgnd_vec_tensor_ranked_checked_get && __tgnd_i0_tensor_ranked_checked_get >= 0 && __tgnd_i0_tensor_ranked_checked_get < 2 && __tgnd_i0_tensor_ranked_checked_get < __tgnd_vec_tensor_ranked_checked_get->len && __tgnd_i1_tensor_ranked_checked_get >= 0 && __tgnd_i1_tensor_ranked_checked_get < 3 && __tgnd_i2_tensor_ranked_checked_get >= 0 && __tgnd_i2_tensor_ranked_checked_get < 4 && __tgnd_flat_tensor_ranked_checked_get >= 0 && __tgnd_flat_tensor_ranked_checked_get < __tgnd_vec_tensor_ranked_checked_get->capacity, 1)) { if (__builtin_expect(__tgnd_vec_tensor_ranked_checked_get->storage_mode == BLORP_VECTOR_STORAGE_INLINE && __tgnd_vec_tensor_ranked_checked_get->elem_size == sizeof(RankedPoint), 1)) { memcpy(&__tgnd_value_tensor_ranked_checked_get, (char*)__tgnd_vec_tensor_ranked_checked_get->data + __tgnd_flat_tensor_ranked_checked_get * sizeof(RankedPoint), sizeof(RankedPoint)); } else { void* __tgnd_raw_tensor_ranked_checked_get = __tgnd_vec_tensor_ranked_checked_get->data[__tgnd_flat_tensor_ranked_checked_get]; __tgnd_value_tensor_ranked_checked_get = blorp_unbox_struct(__tgnd_raw_tensor_ranked_checked_get, RankedPoint); } } __tgnd_value_tensor_ranked_checked_get; });
}

