═══ CLI Smoke / Exit Codes ═══

PASS: top-level help
PASS: top-level version
PASS: top-level missing command
PASS: unknown command
PASS: check success
PASS: check directory success
PASS: check multi-file success
PASS: check directory dump ast
PASS: check directory dump typed ast
PASS: check directory failure
PASS: check empty directory
PASS: check type failure
PASS: check missing file arg
PASS: package help
PASS: package check success
PASS: package check rejects external import
PASS: compile success
PASS: compile writes requested output
PASS: compile no embedded runtime
PASS: compile no embedded runtime omits runtime body
PASS: compile type failure
PASS: compile parse failure
PASS: run success
PASS: run type failure
PASS: run parse failure
PASS: run bad timeout
PASS: test success
PASS: test failure
PASS: test bad timeout
PASS: test bad repeat
PASS: test warmup only accepts prior options
PASS: test warmup only validates later options
PASS: test repeat success
PASS: test repeat disables result cache
PASS: test honors BLORP_TEST_TIMEOUT
PASS: format check success
PASS: format check empty file
PASS: format check failure
PASS: format missing file arg
PASS: format rejects removed expression JSON flag
PASS: format rejects removed Doc JSON flag
PASS: format rejects emit JSON with check
PASS: format diff implies check
PASS: purify dry-run success
PASS: repl help
PASS: repl quit
PASS: repl rejects unknown option
PASS: lsp help
PASS: lsp eof shutdown
PASS: lsp rejects unknown option

Results: 50 passed, 0 failed (50 CLI checks)
BLORP_GATE_RESULT gate=cli status=PASS passed=50 failed=0 tests=50
