ASSEMBLED census=0 items=40
(module
  (import-block @354..853
    (import imp0 @363..401 (path parent-1 @363..387 "syntax"@366..372 "checked_values"@373..387) - (items (item @389..401 use0:"DecimalFloat"@389..401 -)))
    (import imp1 @403..609 (path parent-1 @403..424 "syntax"@406..412 "expressions"@413..424) - (items (item @426..499 use1:"CompoundOperator"@426..442 - use2:"AddAssign"@443..452 use3:"SubtractAssign"@454..468 use4:"MultiplyAssign"@470..484 use5:"DivideAssign"@486..498) (item @501..515 use6:"CountParameter"@501..515 -) (item @517..574 use7:"InterpolationForm"@517..534 - use8:"QuotedInterpolation"@535..554 use9:"PipeInterpolation"@556..573) (item @576..609 use10:"UnaryOperator"@576..589 - use11:"Negate"@590..596 use12:"LogicalNot"@598..608)))
    (import imp2 @611..639 (path parent-1 @611..626 "syntax"@614..620 "names"@621..626) - (items (item @628..639 use13:"WrittenName"@628..639 -)))
    (import imp3 @641..723 (path parent-1 @641..659 "syntax"@644..650 "patterns"@651..659) - (items (item @661..723 use14:"StringForm"@661..671 - use15:"QuotedString"@672..684 use16:"RawString"@686..695 use17:"PipeString"@697..707 use18:"RawPipeString"@709..722)))
    (import imp4 @725..768 (path parent-1 @725..744 "syntax"@728..734 "sequences"@735..744) - (items (item @746..756 use19:"AtLeastOne"@746..756 -) (item @758..768 use20:"SmallTuple"@758..768 -)))
    (import imp5 @770..797 (path parent-1 @770..789 "tables"@773..779 "row_kinds"@780..789) - (items (item @791..797 use21:"Purity"@791..797 -)))
    (import imp6 @799..819 (path parent-1 @799..813 "tables"@802..808 "span"@809..813) - (items (item @815..819 use22:"Span"@815..819 -)))
    (import imp7 @821..850 (path bare @821..837 "binary_operators"@821..837) "Operators"@841..850 (items)))
  (record def2 public @1157..1215 "ExpressionRecipe"@1164..1180 (type-parameters)
    (field def0 @1184..1194 "span"@1184..1188 (named-type type0 @1190..1194 use23:"Span"@1190..1194))
    (field def1 @1197..1213 "kind"@1197..1201 (named-type type1 @1203..1213 use24:"RecipeKind"@1203..1213)))
  (record def6 public @1289..1375 "RecordFieldRecipe"@1296..1313 (type-parameters)
    (field def3 @1317..1334 "name"@1317..1321 (named-type type2 @1323..1334 use25:"WrittenName"@1323..1334))
    (field def4 @1337..1360 "value"@1337..1342 (named-type type3 @1344..1360 use26:"ExpressionRecipe"@1344..1360))
    (field def5 @1363..1373 "span"@1363..1367 (named-type type4 @1369..1373 use27:"Span"@1369..1373)))
  (record def10 public @1437..1521 "EntryRecipe"@1444..1455 (type-parameters)
    (field def7 @1459..1480 "key"@1459..1462 (named-type type5 @1464..1480 use28:"ExpressionRecipe"@1464..1480))
    (field def8 @1483..1506 "value"@1483..1488 (named-type type6 @1490..1506 use29:"ExpressionRecipe"@1490..1506))
    (field def9 @1509..1519 "span"@1509..1513 (named-type type7 @1515..1519 use30:"Span"@1515..1519)))
  (union def34 public @1524..2460 "RecipeKind"@1530..1540 (type-parameters)
    (variant def11 @1543..1566 "NameRecipe"@1543..1553 (named-type type8 @1554..1565 use31:"WrittenName"@1554..1565))
    (variant def12 @1568..1589 "IntegerRecipe"@1568..1581 (named-type type9 @1582..1588 use32:"Int128"@1582..1588))
    (variant def13 @1591..1616 "FloatRecipe"@1591..1602 (named-type type10 @1603..1615 use33:"DecimalFloat"@1603..1615))
    (variant def14 @1618..1650 "StringRecipe"@1618..1630 (named-type type11 @1631..1641 use34:"StringForm"@1631..1641) (named-type type12 @1643..1649 use35:"String"@1643..1649))
    (variant def15 @1652..1721 "InterpolatedRecipe"@1652..1670 (named-type type13 @1671..1688 use36:"InterpolationForm"@1671..1688) (named-type type15 @1690..1720 use37:"List"@1690..1694 (named-type type14 @1695..1719 use38:"InterpolationPieceRecipe"@1695..1719)))
    (variant def16 @1723..1744 "CharacterRecipe"@1723..1738 (named-type type16 @1739..1743 use39:"Char"@1739..1743))
    (variant def17 @1746..1765 "BooleanRecipe"@1746..1759 (named-type type17 @1760..1764 use40:"Bool"@1760..1764))
    (variant def18 @1767..1777 "VoidRecipe"@1767..1777)
    (variant def19 @1779..1823 "UnaryRecipe"@1779..1790 (named-type type18 @1791..1804 use41:"UnaryOperator"@1791..1804) (named-type type19 @1806..1822 use42:"ExpressionRecipe"@1806..1822))
    (variant def20 @1825..1899 "BinaryRecipe"@1825..1837 (qualified-type type20 @1838..1862 use43:"Operators"@1838..1847 use44:"BinaryOperator"@1848..1862) (named-type type21 @1864..1880 use45:"ExpressionRecipe"@1864..1880) (named-type type22 @1882..1898 use46:"ExpressionRecipe"@1882..1898))
    (variant def21 @1901..1933 "GroupingRecipe"@1901..1915 (named-type type23 @1916..1932 use47:"ExpressionRecipe"@1916..1932))
    (variant def22 @1935..1987 "CallRecipe"@1935..1945 (named-type type24 @1946..1962 use48:"ExpressionRecipe"@1946..1962) (named-type type26 @1964..1986 use49:"List"@1964..1968 (named-type type25 @1969..1985 use50:"ExpressionRecipe"@1969..1985)))
    (variant def23 @1989..2031 "FieldRecipe"@1989..2000 (named-type type27 @2001..2017 use51:"ExpressionRecipe"@2001..2017) (named-type type28 @2019..2030 use52:"WrittenName"@2019..2030))
    (variant def24 @2033..2096 "SubscriptRecipe"@2033..2048 (named-type type29 @2049..2065 use53:"ExpressionRecipe"@2049..2065) (named-type type31 @2067..2095 use54:"AtLeastOne"@2067..2077 (named-type type30 @2078..2094 use55:"ExpressionRecipe"@2078..2094)))
    (variant def25 @2098..2132 "ListRecipe"@2098..2108 (named-type type33 @2109..2131 use56:"List"@2109..2113 (named-type type32 @2114..2130 use57:"ExpressionRecipe"@2114..2130)))
    (variant def26 @2134..2175 "TupleRecipe"@2134..2145 (named-type type35 @2146..2174 use58:"SmallTuple"@2146..2156 (named-type type34 @2157..2173 use59:"ExpressionRecipe"@2157..2173)))
    (variant def27 @2177..2219 "VectorRecipe"@2177..2189 (named-type type37 @2190..2218 use60:"AtLeastOne"@2190..2200 (named-type type36 @2201..2217 use61:"ExpressionRecipe"@2201..2217)))
    (variant def28 @2221..2258 "RecordRecipe"@2221..2233 (named-type type39 @2234..2257 use62:"List"@2234..2238 (named-type type38 @2239..2256 use63:"RecordFieldRecipe"@2239..2256)))
    (variant def29 @2260..2321 "UpdateRecipe"@2260..2272 (named-type type40 @2273..2289 use64:"ExpressionRecipe"@2273..2289) (named-type type42 @2291..2320 use65:"AtLeastOne"@2291..2301 (named-type type41 @2302..2319 use66:"RecordFieldRecipe"@2302..2319)))
    (variant def30 @2323..2358 "DictRecipe"@2323..2333 (named-type type44 @2334..2357 use67:"AtLeastOne"@2334..2344 (named-type type43 @2345..2356 use68:"EntryRecipe"@2345..2356)))
    (variant def31 @2360..2393 "ControlValueRecipe"@2360..2378 (named-type type45 @2379..2392 use69:"ControlRecipe"@2379..2392))
    (variant def32 @2395..2425 "DetachRecipe"@2395..2407 (named-type type46 @2408..2424 use70:"ExpressionRecipe"@2408..2424))
    (variant def33 @2427..2457 "LambdaAtomRecipe"@2427..2443 (named-type type47 @2444..2456 use71:"LambdaRecipe"@2444..2456)))
  (union def37 public @2523..2623 "InterpolationPieceRecipe"@2529..2553 (type-parameters)
    (variant def35 @2556..2579 "TextPieceRecipe"@2556..2571 (named-type type48 @2572..2578 use72:"String"@2572..2578))
    (variant def36 @2581..2620 "HolePieceRecipe"@2581..2596 (named-type type49 @2597..2601 use73:"Span"@2597..2601) (named-type type50 @2603..2619 use74:"ExpressionRecipe"@2603..2619)))
  (union def41 public @2760..2878 "ControlRecipe"@2766..2779 (type-parameters)
    (variant def38 @2782..2819 "ConditionalControl"@2782..2800 (named-type type51 @2801..2818 use75:"ConditionalRecipe"@2801..2818))
    (variant def39 @2821..2846 "MatchControl"@2821..2833 (named-type type52 @2834..2845 use76:"MatchRecipe"@2834..2845))
    (variant def40 @2848..2875 "SelectControl"@2848..2861 (named-type type53 @2862..2874 use77:"SelectRecipe"@2862..2874)))
  (record def43 public @2946..2979 "TypeRecipe"@2953..2963 (type-parameters)
    (field def42 @2967..2977 "token"@2967..2972 (named-type type54 @2974..2977 use78:"Int"@2974..2977)))
  (record def45 public @3038..3074 "PatternRecipe"@3045..3058 (type-parameters)
    (field def44 @3062..3072 "token"@3062..3067 (named-type type55 @3069..3072 use79:"Int"@3069..3072)))
  (record def48 public @3077..3143 "StatementRecipe"@3084..3099 (type-parameters)
    (field def46 @3103..3113 "span"@3103..3107 (named-type type56 @3109..3113 use80:"Span"@3109..3113))
    (field def47 @3116..3141 "kind"@3116..3120 (named-type type57 @3122..3141 use81:"StatementRecipeKind"@3122..3141)))
  (union def66 public @3146..4029 "StatementRecipeKind"@3152..3171 (type-parameters)
    (variant def49 @3174..3217 "ExpressionStatementRecipe"@3174..3199 (named-type type58 @3200..3216 use82:"ExpressionRecipe"@3200..3216))
    (variant def50 @3219..3243 "LoopExitRecipe"@3219..3233 (named-type type59 @3234..3242 use83:"LoopExit"@3234..3242))
    (variant def51 @3245..3290 "ConditionalStatementRecipe"@3245..3271 (named-type type60 @3272..3289 use84:"ConditionalRecipe"@3272..3289))
    (variant def52 @3292..3325 "MatchStatementRecipe"@3292..3312 (named-type type61 @3313..3324 use85:"MatchRecipe"@3313..3324))
    (variant def53 @3327..3362 "SelectStatementRecipe"@3327..3348 (named-type type62 @3349..3361 use86:"SelectRecipe"@3349..3361))
    (variant def54 @3364..3395 "WithStatementRecipe"@3364..3383 (named-type type63 @3384..3394 use87:"WithRecipe"@3384..3394))
    (variant def55 @3397..3440 "ConcurrentStatementRecipe"@3397..3422 (named-type type64 @3423..3439 use88:"ConcurrentRecipe"@3423..3439))
    (variant def56 @3442..3475 "DebugStatementRecipe"@3442..3462 (named-type type65 @3463..3474 use89:"DebugRecipe"@3463..3474))
    (variant def57 @3477..3542 "VariableRecipe"@3477..3491 (named-type type66 @3492..3503 use90:"WrittenName"@3492..3503) (named-type type68 @3505..3523 use91:"Option"@3505..3511 (named-type type67 @3512..3522 use92:"TypeRecipe"@3512..3522)) (named-type type69 @3525..3541 use93:"ExpressionRecipe"@3525..3541))
    (variant def58 @3544..3605 "TypedBindingRecipe"@3544..3562 (named-type type70 @3563..3574 use94:"WrittenName"@3563..3574) (named-type type71 @3576..3586 use95:"TypeRecipe"@3576..3586) (named-type type72 @3588..3604 use96:"ExpressionRecipe"@3588..3604))
    (variant def59 @3607..3679 "QuestionBindingRecipe"@3607..3628 (named-type type73 @3629..3640 use97:"WrittenName"@3629..3640) (named-type type75 @3642..3660 use98:"Option"@3642..3648 (named-type type74 @3649..3659 use99:"TypeRecipe"@3649..3659)) (named-type type76 @3662..3678 use100:"ExpressionRecipe"@3662..3678))
    (variant def60 @3681..3739 "AssignmentRecipe"@3681..3697 (named-type type77 @3698..3720 use101:"AssignmentTargetRecipe"@3698..3720) (named-type type78 @3722..3738 use102:"ExpressionRecipe"@3722..3738))
    (variant def61 @3741..3814 "CompoundAssignmentRecipe"@3741..3765 (named-type type79 @3766..3777 use103:"WrittenName"@3766..3777) (named-type type80 @3779..3795 use104:"CompoundOperator"@3779..3795) (named-type type81 @3797..3813 use105:"ExpressionRecipe"@3797..3813))
    (variant def62 @3816..3881 "SubscriptAssignmentRecipe"@3816..3841 (named-type type82 @3842..3862 use106:"SubscriptPlaceRecipe"@3842..3862) (named-type type83 @3864..3880 use107:"ExpressionRecipe"@3864..3880))
    (variant def63 @3883..3925 "WhileRecipe"@3883..3894 (named-type type84 @3895..3911 use108:"ExpressionRecipe"@3895..3911) (named-type type85 @3913..3924 use109:"BlockRecipe"@3913..3924))
    (variant def64 @3927..3986 "ForRecipe"@3927..3936 (named-type type86 @3937..3954 use110:"LoopBindingRecipe"@3937..3954) (named-type type87 @3956..3972 use111:"ExpressionRecipe"@3956..3972) (named-type type88 @3974..3985 use112:"BlockRecipe"@3974..3985))
    (variant def65 @3988..4026 "LocalFunctionRecipe"@3988..4007 (named-type type89 @4008..4025 use113:"LocalFunctionBody"@4008..4025)))
  (enum def69 public @4029..4079 "LoopExit"@4034..4042
    (case def67 @4045..4058 "ExitWithBreak"@4045..4058)
    (case def68 @4060..4076 "ExitWithContinue"@4060..4076))
  (union def72 public @4079..4172 "AssignmentTargetRecipe"@4085..4107 (type-parameters)
    (variant def70 @4110..4140 "NamedTargetRecipe"@4110..4127 (named-type type90 @4128..4139 use114:"WrittenName"@4128..4139))
    (variant def71 @4142..4169 "DiscardedTargetRecipe"@4142..4163 (named-type type91 @4164..4168 use115:"Span"@4164..4168)))
  (union def75 public @4212..4286 "BinderRecipe"@4218..4230 (type-parameters)
    (variant def73 @4233..4261 "BindsNameRecipe"@4233..4248 (named-type type92 @4249..4260 use116:"WrittenName"@4249..4260))
    (variant def74 @4263..4283 "DiscardsRecipe"@4263..4277 (named-type type93 @4278..4282 use117:"Span"@4278..4282)))
  (union def78 public @4362..4472 "LoopBindingRecipe"@4368..4385 (type-parameters)
    (variant def76 @4388..4420 "LoopVariableRecipe"@4388..4406 (named-type type94 @4407..4419 use118:"BinderRecipe"@4407..4419))
    (variant def77 @4422..4469 "LoopTupleRecipe"@4422..4437 (named-type type96 @4438..4462 use119:"SmallTuple"@4438..4448 (named-type type95 @4449..4461 use120:"BinderRecipe"@4449..4461)) (named-type type97 @4464..4468 use121:"Span"@4464..4468)))
  (record def82 public @4472..4586 "SubscriptPlaceRecipe"@4479..4499 (type-parameters)
    (field def79 @4503..4513 "span"@4503..4507 (named-type type98 @4509..4513 use122:"Span"@4509..4513))
    (field def80 @4516..4544 "collection"@4516..4526 (named-type type99 @4528..4544 use123:"ExpressionRecipe"@4528..4544))
    (field def81 @4547..4584 "indices"@4547..4554 (named-type type101 @4556..4584 use124:"AtLeastOne"@4556..4566 (named-type type100 @4567..4583 use125:"ExpressionRecipe"@4567..4583))))
  (record def84 public @4589..4652 "BlockRecipe"@4596..4607 (type-parameters)
    (field def83 @4611..4650 "statements"@4611..4621 (named-type type103 @4623..4650 use126:"AtLeastOne"@4623..4633 (named-type type102 @4634..4649 use127:"StatementRecipe"@4634..4649))))
  (record def88 public @4764..4873 "ConditionalRecipe"@4771..4788 (type-parameters)
    (field def85 @4792..4804 "head"@4792..4796 (named-type type104 @4798..4804 use128:"IfLink"@4798..4804))
    (field def86 @4807..4833 "else_ifs"@4807..4815 (named-type type106 @4817..4833 use129:"List"@4817..4821 (named-type type105 @4822..4832 use130:"ElseIfLink"@4822..4832)))
    (field def87 @4836..4871 "final_else"@4836..4846 (named-type type108 @4848..4871 use131:"Option"@4848..4854 (named-type type107 @4855..4870 use132:"ElseBlockRecipe"@4855..4870))))
  (record def92 public @4876..4964 "IfLink"@4883..4889 (type-parameters)
    (field def89 @4893..4906 "keyword"@4893..4900 (named-type type109 @4902..4906 use133:"Span"@4902..4906))
    (field def90 @4909..4936 "condition"@4909..4918 (named-type type110 @4920..4936 use134:"ExpressionRecipe"@4920..4936))
    (field def91 @4939..4962 "then_block"@4939..4949 (named-type type111 @4951..4962 use135:"BlockRecipe"@4951..4962)))
  (record def95 public @4967..5023 "ElseIfLink"@4974..4984 (type-parameters)
    (field def93 @4988..5006 "else_keyword"@4988..5000 (named-type type112 @5002..5006 use136:"Span"@5002..5006))
    (field def94 @5009..5021 "link"@5009..5013 (named-type type113 @5015..5021 use137:"IfLink"@5015..5021)))
  (record def98 public @5026..5088 "ElseBlockRecipe"@5033..5048 (type-parameters)
    (field def96 @5052..5065 "keyword"@5052..5059 (named-type type114 @5061..5065 use138:"Span"@5061..5065))
    (field def97 @5068..5086 "block"@5068..5073 (named-type type115 @5075..5086 use139:"BlockRecipe"@5075..5086)))
  (record def103 public @5201..5312 "MatchRecipe"@5208..5219 (type-parameters)
    (field def99 @5223..5236 "keyword"@5223..5230 (named-type type116 @5232..5236 use140:"Span"@5232..5236))
    (field def100 @5239..5266 "scrutinee"@5239..5248 (named-type type117 @5250..5266 use141:"ExpressionRecipe"@5250..5266))
    (field def101 @5269..5298 "cases"@5269..5274 (named-type type119 @5276..5298 use142:"AtLeastOne"@5276..5286 (named-type type118 @5287..5297 use143:"CaseRecipe"@5287..5297)))
    (field def102 @5301..5310 "end"@5301..5304 (named-type type120 @5306..5310 use144:"Span"@5306..5310)))
  (record def106 public @5315..5383 "CaseRecipe"@5322..5332 (type-parameters)
    (field def104 @5336..5358 "pattern"@5336..5343 (named-type type121 @5345..5358 use145:"PatternRecipe"@5345..5358))
    (field def105 @5361..5381 "body"@5361..5365 (named-type type122 @5367..5381 use146:"CaseBodyRecipe"@5367..5381)))
  (union def109 public @5386..5478 "CaseBodyRecipe"@5392..5406 (type-parameters)
    (variant def107 @5409..5437 "CaseBlockRecipe"@5409..5424 (named-type type123 @5425..5436 use147:"BlockRecipe"@5425..5436))
    (variant def108 @5439..5475 "CaseStatementRecipe"@5439..5458 (named-type type124 @5459..5474 use148:"StatementRecipe"@5459..5474)))
  (record def114 public @5629..5727 "LocalFunctionBody"@5636..5653 (type-parameters)
    (field def110 @5657..5675 "keyword_token"@5657..5670 (named-type type125 @5672..5675 use149:"Int"@5672..5675))
    (field def111 @5678..5689 "start"@5678..5683 (named-type type126 @5685..5689 use150:"Span"@5685..5689))
    (field def112 @5692..5706 "purity"@5692..5698 (named-type type127 @5700..5706 use151:"Purity"@5700..5706))
    (field def113 @5709..5725 "body"@5709..5713 (named-type type128 @5715..5725 use152:"BodyRecipe"@5715..5725)))
  (record def120 public @5901..6048 "LambdaRecipe"@5908..5920 (type-parameters)
    (field def115 @5924..5938 "purity"@5924..5930 (named-type type129 @5932..5938 use153:"Purity"@5932..5938))
    (field def116 @5941..5980 "parameters"@5941..5951 (named-type type131 @5953..5980 use154:"List"@5953..5957 (named-type type130 @5958..5979 use155:"LambdaParameterRecipe"@5958..5979)))
    (field def117 @5983..6014 "return_type"@5983..5994 (named-type type133 @5996..6014 use156:"Option"@5996..6002 (named-type type132 @6003..6013 use157:"TypeRecipe"@6003..6013)))
    (field def118 @6017..6033 "body"@6017..6021 (named-type type134 @6023..6033 use158:"BodyRecipe"@6023..6033))
    (field def119 @6036..6046 "span"@6036..6040 (named-type type135 @6042..6046 use159:"Span"@6042..6046)))
  (record def123 public @6051..6141 "LambdaParameterRecipe"@6058..6079 (type-parameters)
    (field def121 @6083..6103 "binder"@6083..6089 (named-type type136 @6091..6103 use160:"BinderRecipe"@6091..6103))
    (field def122 @6106..6139 "declared_type"@6106..6119 (named-type type138 @6121..6139 use161:"Option"@6121..6127 (named-type type137 @6128..6138 use162:"TypeRecipe"@6128..6138))))
  (union def126 public @6223..6313 "BodyRecipe"@6229..6239 (type-parameters)
    (variant def124 @6242..6270 "BlockBodyRecipe"@6242..6257 (named-type type139 @6258..6269 use163:"BlockRecipe"@6258..6269))
    (variant def125 @6272..6310 "ExpressionBodyRecipe"@6272..6292 (named-type type140 @6293..6309 use164:"ExpressionRecipe"@6293..6309)))
  (record def130 public @6380..6466 "SelectArmRecipe"@6387..6402 (type-parameters)
    (field def127 @6406..6431 "kind"@6406..6410 (named-type type141 @6412..6431 use165:"SelectArmRecipeKind"@6412..6431))
    (field def128 @6434..6451 "body"@6434..6438 (named-type type142 @6440..6451 use166:"BlockRecipe"@6440..6451))
    (field def129 @6454..6464 "span"@6454..6458 (named-type type143 @6460..6464 use167:"Span"@6460..6464)))
  (union def134 public @6469..6617 "SelectArmRecipeKind"@6475..6494 (type-parameters)
    (variant def131 @6497..6545 "ReceiveArmRecipe"@6497..6513 (named-type type144 @6514..6526 use168:"BinderRecipe"@6514..6526) (named-type type145 @6528..6544 use169:"ExpressionRecipe"@6528..6544))
    (variant def132 @6547..6580 "SealedArmRecipe"@6547..6562 (named-type type146 @6563..6579 use170:"ExpressionRecipe"@6563..6579))
    (variant def133 @6582..6614 "AfterArmRecipe"@6582..6596 (named-type type147 @6597..6613 use171:"ExpressionRecipe"@6597..6613)))
  (record def138 public @6743..6829 "SelectRecipe"@6750..6762 (type-parameters)
    (field def135 @6766..6779 "keyword"@6766..6773 (named-type type148 @6775..6779 use172:"Span"@6775..6779))
    (field def136 @6782..6815 "arms"@6782..6786 (named-type type150 @6788..6815 use173:"AtLeastOne"@6788..6798 (named-type type149 @6799..6814 use174:"SelectArmRecipe"@6799..6814)))
    (field def137 @6818..6827 "end"@6818..6821 (named-type type151 @6823..6827 use175:"Span"@6823..6827)))
  (record def142 public @6916..7023 "WithHeader"@6923..6933 (type-parameters)
    (field def139 @6937..6957 "binder"@6937..6943 (named-type type152 @6945..6957 use176:"BinderRecipe"@6945..6957))
    (field def140 @6960..6988 "declared"@6960..6968 (named-type type154 @6970..6988 use177:"Option"@6970..6976 (named-type type153 @6977..6987 use178:"TypeRecipe"@6977..6987)))
    (field def141 @6991..7021 "acquisition"@6991..7002 (named-type type155 @7004..7021 use179:"AcquisitionRecipe"@7004..7021)))
  (union def145 public @7026..7159 "AcquisitionRecipe"@7032..7049 (type-parameters)
    (variant def143 @7052..7092 "ValueAcquisitionRecipe"@7052..7074 (named-type type156 @7075..7091 use180:"ExpressionRecipe"@7075..7091))
    (variant def144 @7094..7156 "TryAcquisitionRecipe"@7094..7114 (named-type type157 @7115..7131 use181:"ExpressionRecipe"@7115..7131) (named-type type159 @7133..7155 use182:"Option"@7133..7139 (named-type type158 @7140..7154 use183:"ErrorMapRecipe"@7140..7154))))
  (enum def148 public @7159..7214 "WithOperator"@7164..7176
    (case def146 @7179..7195 "AcquireWithValue"@7179..7195)
    (case def147 @7197..7211 "AcquireWithTry"@7197..7211))
  (record def152 public @7295..7381 "ErrorMapRecipe"@7302..7316 (type-parameters)
    (field def149 @7320..7340 "binder"@7320..7326 (named-type type160 @7328..7340 use184:"BinderRecipe"@7328..7340))
    (field def150 @7343..7366 "value"@7343..7348 (named-type type161 @7350..7366 use185:"ExpressionRecipe"@7350..7366))
    (field def151 @7369..7379 "span"@7369..7373 (named-type type162 @7375..7379 use186:"Span"@7375..7379)))
  (record def156 public @7384..7461 "WithRecipe"@7391..7401 (type-parameters)
    (field def153 @7405..7418 "keyword"@7405..7412 (named-type type163 @7414..7418 use187:"Span"@7414..7418))
    (field def154 @7421..7439 "header"@7421..7427 (named-type type164 @7429..7439 use188:"WithHeader"@7429..7439))
    (field def155 @7442..7459 "body"@7442..7446 (named-type type165 @7448..7459 use189:"BlockRecipe"@7448..7459)))
  (record def160 public @7532..7612 "TimeoutRecipe"@7539..7552 (type-parameters)
    (field def157 @7556..7579 "value"@7556..7561 (named-type type166 @7563..7579 use190:"ExpressionRecipe"@7563..7579))
    (field def158 @7582..7597 "name_span"@7582..7591 (named-type type167 @7593..7597 use191:"Span"@7593..7597))
    (field def159 @7600..7610 "span"@7600..7604 (named-type type168 @7606..7610 use192:"Span"@7606..7610)))
  (record def163 public @7719..7820 "ConcurrentParameters"@7726..7746 (type-parameters)
    (field def161 @7750..7785 "max_threads"@7750..7761 (named-type type170 @7763..7785 use193:"Option"@7763..7769 (named-type type169 @7770..7784 use194:"CountParameter"@7770..7784)))
    (field def162 @7788..7818 "timeout"@7788..7795 (named-type type172 @7797..7818 use195:"Option"@7797..7803 (named-type type171 @7804..7817 use196:"TimeoutRecipe"@7804..7817))))
  (record def167 public @7823..7920 "ConcurrentRecipe"@7830..7846 (type-parameters)
    (field def164 @7850..7863 "keyword"@7850..7857 (named-type type173 @7859..7863 use197:"Span"@7859..7863))
    (field def165 @7866..7898 "parameters"@7866..7876 (named-type type174 @7878..7898 use198:"ConcurrentParameters"@7878..7898))
    (field def166 @7901..7918 "body"@7901..7905 (named-type type175 @7907..7918 use199:"BlockRecipe"@7907..7918)))
  (record def170 public @7923..7980 "DebugRecipe"@7930..7941 (type-parameters)
    (field def168 @7945..7958 "keyword"@7945..7952 (named-type type176 @7954..7958 use200:"Span"@7954..7958))
    (field def169 @7961..7978 "body"@7961..7965 (named-type type177 @7967..7978 use201:"BlockRecipe"@7967..7978))))
