COUNTERS active=1/1 oracle=1/1 managed=3602 releases=3074 live=528 backing=3602
OUTPUT items=6 definitions=8 imports=0 spellings=27 census=0 statements=28 blocks=13 expressions=59 patterns=7 types=19 dimensions=0 type_binders=0 uses=56 binders=13
ORACLE_BEGIN
(module
  (function def0 public @0..216 (signature impure @0..4 "g"@5..6 (parameters (parameter @7..20 bind0:"xs"@7..9 (named-type type1 @11..20 use0:"List"@11..15 (named-type type0 @16..19 use1:"Int"@16..19)))) (named-type type2 @25..28 use2:"Int"@25..28)) (type-parameters) (where) (block block5 @31..216
    (var stmt0 @31..49 bind1:"total"@35..40 (named-type type3 @42..45 use3:"Int"@42..45) (integer expr0 @48..49 0))
    (for stmt4 @51..109 bind2:"x"@55..56 (name expr1 @60..62 use4:"xs"@60..62) (block block2 @66..109
      (expression-statement stmt3 @66..109 (if expr7 @66..109 (binary expr4 @69..74 less (name expr2 @69..70 use5:"x"@69..70) (integer expr3 @73..74 0)) (block block0 @79..87
        (expression-statement stmt1 @79..87 (continue expr5 @79..87))) (else @90..94 (block block1 @99..109
        (compound-assignment stmt2 @99..109 add use6:"total"@99..104 (name expr6 @108..109 use7:"x"@108..109))))))))
    (while stmt6 @111..142 (binary expr10 @117..128 greater (name expr8 @117..122 use8:"total"@117..122) (integer expr9 @125..128 100)) (block block3 @132..142
      (compound-assignment stmt5 @132..142 subtract use9:"total"@132..137 (integer expr11 @141..142 1))))
    (subscript-assignment stmt7 @144..157 (place expr14 @144..149 (name expr12 @144..146 use10:"xs"@144..146) (integer expr13 @147..148 0)) (name expr15 @152..157 use11:"total"@152..157))
    (expression-statement stmt11 @159..211 (match expr22 @159..211 (name expr16 @165..170 use12:"total"@165..170)
      (case @174..182 (integer-pattern pat0 @174..175 + 0) (expression-statement stmt8 @177..182 (name expr17 @177..182 use13:"total"@177..182)))
      (case @185..202 (constructor-pattern pat2 @185..192 use14:"Some"@185..189 (name-pattern pat1 @190..191 use15:"v"@190..191)) (block block4 @197..202
        (expression-statement stmt9 @197..202 (binary expr20 @197..202 add (name expr18 @197..198 use16:"v"@197..198) (integer expr19 @201..202 1)))))
      (case @205..209 (wildcard-pattern pat3 @205..206) (expression-statement stmt10 @208..209 (integer expr21 @208..209 0)))))
    (expression-statement stmt12 @211..216 (name expr23 @211..216 use17:"total"@211..216))))
  (function def1 public @217..302 (signature impure @217..221 "typed"@222..227 (parameters (parameter @228..234 bind3:"v"@228..229 (named-type type4 @231..234 use18:"Int"@231..234))) (named-type type5 @239..242 use19:"Int"@239..242)) (type-parameters) (where) (block block6 @245..302
    (typed-binding stmt13 @245..259 bind4:"count"@245..250 (named-type type6 @252..255 use20:"Int"@252..255) (name expr24 @258..259 use21:"v"@258..259))
    (expression-statement stmt16 @261..302 (match expr28 @261..302 (name expr25 @267..268 use22:"v"@267..268)
      (case @272..290 (constructor-pattern pat5 @272..283 use23:"Some"@272..276 (name-pattern pat4 @277..282 use24:"inner"@277..282)) (expression-statement stmt14 @285..290 (name expr26 @285..290 use25:"inner"@285..290)))
      (case @293..301 (wildcard-pattern pat6 @293..294) (expression-statement stmt15 @296..301 (name expr27 @296..301 use26:"count"@296..301)))))))
  (function def4 public @302..446 (signature impure @302..306 "closures"@307..315 (parameters (parameter @316..322 bind5:"a"@316..317 (named-type type7 @319..322 use27:"Int"@319..322))) (named-type type8 @327..330 use28:"Int"@327..330)) (type-parameters) (where) (block block8 @333..446
    (assignment stmt17 @333..363 use29:"g"@333..334 (lambda expr32 @337..363 impure (parameters (parameter @342..348 bind6:"x"@342..343 (named-type type9 @345..348 use30:"Int"@345..348))) (named-type type10 @353..356 use31:"Int"@353..356) (expression-body (binary expr31 @358..363 add (name expr29 @358..359 use32:"x"@358..359) (name expr30 @362..363 use33:"a"@362..363)))))
    (local-function-statement stmt20 @365..433 (local-function def3 @365..433 (signature impure @365..369 "local"@370..375 (parameters (parameter @376..382 bind7:"y"@376..377 (named-type type11 @379..382 use34:"Int"@379..382))) (named-type type12 @387..390 use35:"Int"@387..390)) (type-parameters) (where) (block block7 @394..433
      (local-function-statement stmt18 @394..422 (local-function def2 @394..422 (signature impure @394..398 "inner"@399..404 (parameters (parameter @405..411 bind8:"z"@405..406 (named-type type13 @408..411 use36:"Int"@408..411))) (named-type type14 @416..419 use37:"Int"@416..419)) (type-parameters) (where) (expression-body (name expr33 @421..422 use38:"z"@421..422))))
      (expression-statement stmt19 @425..433 (call expr36 @425..433 (name expr34 @425..430 use39:"inner"@425..430) (arguments (name expr35 @431..432 use40:"y"@431..432)))))))
    (expression-statement stmt21 @435..446 (call expr41 @435..446 (name expr37 @435..436 use41:"g"@435..436) (arguments (call expr40 @437..445 (name expr38 @437..442 use42:"local"@437..442) (arguments (integer expr39 @443..444 1))))))))
  (function def5 public @447..495 (signature impure @447..451 "holes"@452..457 (parameters (parameter @458..464 bind9:"a"@458..459 (named-type type15 @461..464 use43:"Int"@461..464)) (parameter @466..472 bind10:"b"@466..467 (named-type type16 @469..472 use44:"Int"@469..472))) -) (type-parameters) (where) (block block9 @476..495
    (expression-statement stmt22 @476..495 (interpolated expr48 @476..495 quoted (text "x ") (hole expr43 @479..483 (name expr42 @481..482 use45:"a"@481..482)) (text " y ") (hole expr47 @486..494 (binary expr46 @488..493 add (name expr44 @488..489 use46:"b"@488..489) (integer expr45 @492..493 1)))))))
  (function def6 public @496..568 (signature impure @496..500 "postfix"@501..508 (parameters (parameter @509..521 bind11:"text"@509..513 (named-type type17 @515..521 use47:"String"@515..521))) -) (type-parameters) (where) (block block10 @525..568
    (assignment stmt23 @525..561 use48:"value"@525..530 (call expr53 @533..561 (field expr52 @533..559 (call expr51 @533..547 (field expr50 @533..545 (name expr49 @533..537 use49:"text"@533..537) use50:"trim"@541..545) (arguments)) use51:"is_empty"@551..559) (arguments)))
    (expression-statement stmt24 @563..568 (name expr54 @563..568 use52:"value"@563..568))))
  (function def7 public @569..646 (signature impure @569..573 "concurrency"@574..585 (parameters (parameter @586..592 bind12:"a"@586..587 (named-type type18 @589..592 use53:"Int"@589..592))) -) (type-parameters) (where) (block block12 @596..646
    (expression-statement stmt26 @596..643 (concurrent expr57 @596..643 (count @607..625 @607..618 2) (timeout @627..637 @627..634 (integer expr55 @636..637 3)) (block block11 @642..643
      (expression-statement stmt25 @642..643 (name expr56 @642..643 use54:"a"@642..643)))))
    (expression-statement stmt27 @645..646 (name expr58 @645..646 use55:"a"@645..646)))))
ORACLE_END
