
>> Legacy discovery adapter Tests
  [PASS] opaque globals complete and preserve written name order
  [PASS] float globals preserve checked full ast
  [PASS] mixed float globals preserve names
  [PASS] float global normalized digits rejected
  [PASS] integer globals preserve authored full ast
  [PASS] mixed atomic globals preserve names
  [PASS] integer global normalized digits rejected
  [PASS] name initialized globals completed syntax
  [PASS] name globals repeated and cross module names
  [PASS] unsupported name globals preserve names
  [PASS] builtin globals reuse names without marker names
  [PASS] leading dot globals reuse existing names
  [PASS] name globals preserve earlier deferred owner
  [PASS] completed name global changed value
  [PASS] trait structural header projection
  [PASS] implementation structural header projection
  [PASS] trait and implementation header names
  [PASS] trait and implementation changed evidence
  [PASS] prefix comparison completed kind coverage
  [PASS] prefix comparison changed completed field and order
  [PASS] prefix comparison module documentation
  [PASS] prefix comparison function boundaries
  [PASS] function header projection rich authored and forward forms
  [PASS] function header comparison independent structural mutations
  [PASS] function header stop shared names across modules
  [PASS] prefix comparison private trait and implementation spans
  [PASS] prefix comparison incorrect deferred kind and spans
  [PASS] prefix comparison eof and missing boundaries
  [PASS] prefix comparison global forms
  [PASS] global header projection forms and rich types
  [PASS] global header comparison independent structural mutations
  [PASS] global header stop exact names across modules
  [PASS] function stop excludes later global header names
  [PASS] prefix comparison global declaration anchor
  [PASS] prefix comparison changed global header
  [PASS] global projection rejects invalid initializer cursors
  [PASS] global initializer entry preserves layout and grouping
  [PASS] prefix comparison changed global initializer entry
  [PASS] prefix comparison rejected old parser
  [PASS] prefix comparison rejected stops
  [PASS] projection completed leaf order
  [PASS] projection import and foreign blocks
  [PASS] projection normalizes spaced import paths
  [PASS] projection documentation and visibility
  [PASS] projection shared names across modules
  [PASS] projection preseeded ids
  [PASS] projection deferred declaration stops
  [PASS] projection scan hard stops
  [PASS] projection no progress stop
  [PASS] projection invariant fail closed
  [PASS] union preview preserves rich parameters and all variant forms
  [PASS] union preview preserves shared payload type forms
  [PASS] fixed union preview preserves ordinary payload rules and source form
  [PASS] fixed union projection preserves private documentation and payloads
  [PASS] union and enum previews preserve eof blocks blank lines and newlines
  [PASS] union preview preserves wildcard parameter trivia json
  [PASS] union preview populates parameter bound variant and payload spellings
  [PASS] enum preview populates case spellings and has no parameters or payload fields
  [PASS] builtin type preview preserves three forms and rich generics
  [PASS] builtin type preview preserves absent empty parameters and terminal newlines
  [PASS] builtin type preview preserves all cleanup string forms and decoded contents
  [PASS] builtin type preview preserves wildcard parameter trivia JSON
  [PASS] builtin type preview populates generic identifier spellings and resource metadata
  [PASS] alias preview preserves both forms generics bounds and dimensions
  [PASS] alias preview preserves absent empty parameters and terminal newlines
  [PASS] alias preview preserves target forms and dimension authored bytes
  [PASS] alias preview populates parameter bound and target identifier spellings
  [PASS] alias preview preserves wildcard parameter trivia JSON
  [PASS] record preview preserves wildcard parameter trivia JSON
  [PASS] record preview preserves wildcard parameter spelling and span
  [PASS] record preview preserves generics, bounds and dimensions
  [PASS] record preview preserves empty parameter and field lists
  [PASS] record preview preserves shared field type forms
  [PASS] record preview populates generic identifier spellings
  [PASS] record preview rejects malformed parameters and fields
  [PASS] record preview marks outside declaration boundary unsupported
  [PASS] generic functions and bounds match
  [PASS] qualified bounds and supertraits match
  [PASS] dimensions, ranges and constraints match
  [PASS] function and tuple types match
  [PASS] impls and traits with methods match
  [PASS] unions, enums and variant payloads match
  [PASS] ordinary and fixed records match
  [PASS] record forms preview preserves fields, spans and source form
  [PASS] record forms preview preserves empty fields and trailing comma
  [PASS] record forms preview preserves nested and qualified types
  [PASS] record forms preview preserves tuple and function types
  [PASS] record forms preview preserves array, range and dimension types
  [PASS] record forms preview preserves literal digits after hash whitespace
  [PASS] record forms preview preserves literal digits after hash comment
  [PASS] record forms preview preserves variadic wildcard identifier spans
  [PASS] record forms preview populates authored identifier spellings
  [PASS] record forms preview rejects lexical and parser errors with diagnostics
  [PASS] both record forms preview marks outside declaration boundary unsupported
  [PASS] foreign blocks match
  [PASS] private declarations match
  [PASS] docstrings and the module docstring match
  [PASS] imports with aliases, selections and variants match
  [PASS] aliases, builtin and resource types and globals match
  [PASS] annotated functions match
  [PASS] parameter binders match
  [PASS] spans after non-ASCII text match
  [PASS] operators, calls and literals match
  [PASS] a parenthesized name keeps its own span
  [PASS] strings and interpolation match
  [PASS] brace forms match
  [PASS] leading dot chains after lambdas match
  [PASS] anchored if and match values and comments between branches match
  [PASS] loops and match cases match
  [PASS] every pattern kind matches
  [PASS] bindings, assignments, conversions, builtins and globals match
  [PASS] lambdas and local functions match
  [PASS] concurrency, select, with and debug forms match
  [PASS] bodies of documented traits, impls and private members match
  [PASS] escapes and braces around holes match
  [PASS] interpolation three levels deep is interpolated at every level
  [PASS] a deeply nested body is rebuilt without recursion
  [PASS] a concurrently loop without a limit is a malformed node
  [PASS] the comparison reports a changed field
  [PASS] modules are named as the existing front end names them
  [PASS] a native package module is named by its request
  [PASS] a table the parser left incomplete is an error, not a default
  [PASS] the graph has the modules, roots and edges of the sources
  [PASS] graph identifiers are spelled by the stage's name table
  [PASS] the stage's seed names equal the existing vocabulary

All 125 tests passed
