known divergence blorp/test/test_compiler/tools/fixtures/known_differences/interpolation_nesting.brp: interpolation nested three levels deep: the existing lexer reads it wrongly, the stage as the language says
known divergence blorp/test/test_compiler/tools/fixtures/known_differences/interpolation_pipe_braces.brp: braces in an interpolated pipe string: the existing lexer reads every brace as a hole and finalization rejects a hole the source does not write as `${...}`; the stage reads only `${...}` as one
discovery graph is complete for compile root (blorp/src/main.brp): 474 modules
discovery graph is complete for test root (blorp/test/test_compiler_new/test_stage_01_discovery/test_pipeline.brp): 103 modules
discovery graph is complete for compile root, embedded standard library (blorp/src/main.brp): 474 modules
discovery graph is complete for test root, embedded standard library (blorp/test/test_compiler_new/test_stage_01_discovery/test_pipeline.brp): 103 modules
discovery graph is complete for native package (blorp/test/test_compiler/tools/fixtures/native_package/main.brp): 39 modules
discovery graph is complete for native package, embedded standard library (blorp/test/test_compiler/tools/fixtures/native_package/main.brp): 39 modules
discovery graph is complete for source packages (blorp/test/test_compiler/tools/fixtures/source_packages/app/main.brp): 41 modules
adapter agrees with the existing parser for compile root: 474 modules compared, 0 rejected by the existing parser, 20938 declarations
tree prefix agrees with the existing parser for compile root: 474 modules compared, 20938 completed declarations (15309 functions, 39 traits and 299 implementations with bodies); end_of_source=474, function_header=0, trait_preview=0, implementation_preview=0, global_initializer=0, rejected_global_initializer=0, rejected_declaration=0, without_progress=0
tree modules agree with the existing parser for compile root: 474 of 474 accepted modules assembled and compared in full, 0 not yet read in full (function_body=0, trait_bodies=0, implementation_bodies=0, global_initializer=0, rejected_global_initializer=0, rejected_declaration=0, without_progress=0)
adapter agrees with the existing parser for test root: 103 modules compared, 0 rejected by the existing parser, 2815 declarations
tree prefix agrees with the existing parser for test root: 103 modules compared, 2815 completed declarations (1856 functions, 37 traits and 259 implementations with bodies); end_of_source=103, function_header=0, trait_preview=0, implementation_preview=0, global_initializer=0, rejected_global_initializer=0, rejected_declaration=0, without_progress=0
tree modules agree with the existing parser for test root: 103 of 103 accepted modules assembled and compared in full, 0 not yet read in full (function_body=0, trait_bodies=0, implementation_bodies=0, global_initializer=0, rejected_global_initializer=0, rejected_declaration=0, without_progress=0)
adapter agrees with the existing parser for compile root, embedded standard library: 474 modules compared, 0 rejected by the existing parser, 20938 declarations
tree prefix agrees with the existing parser for compile root, embedded standard library: 474 modules compared, 20938 completed declarations (15309 functions, 39 traits and 299 implementations with bodies); end_of_source=474, function_header=0, trait_preview=0, implementation_preview=0, global_initializer=0, rejected_global_initializer=0, rejected_declaration=0, without_progress=0
tree modules agree with the existing parser for compile root, embedded standard library: 474 of 474 accepted modules assembled and compared in full, 0 not yet read in full (function_body=0, trait_bodies=0, implementation_bodies=0, global_initializer=0, rejected_global_initializer=0, rejected_declaration=0, without_progress=0)
adapter agrees with the existing parser for test root, embedded standard library: 103 modules compared, 0 rejected by the existing parser, 2815 declarations
tree prefix agrees with the existing parser for test root, embedded standard library: 103 modules compared, 2815 completed declarations (1856 functions, 37 traits and 259 implementations with bodies); end_of_source=103, function_header=0, trait_preview=0, implementation_preview=0, global_initializer=0, rejected_global_initializer=0, rejected_declaration=0, without_progress=0
tree modules agree with the existing parser for test root, embedded standard library: 103 of 103 accepted modules assembled and compared in full, 0 not yet read in full (function_body=0, trait_bodies=0, implementation_bodies=0, global_initializer=0, rejected_global_initializer=0, rejected_declaration=0, without_progress=0)
adapter agrees with the existing parser for native package: 39 modules compared, 0 rejected by the existing parser, 1177 declarations
tree prefix agrees with the existing parser for native package: 39 modules compared, 1177 completed declarations (758 functions, 37 traits and 259 implementations with bodies); end_of_source=39, function_header=0, trait_preview=0, implementation_preview=0, global_initializer=0, rejected_global_initializer=0, rejected_declaration=0, without_progress=0
tree modules agree with the existing parser for native package: 39 of 39 accepted modules assembled and compared in full, 0 not yet read in full (function_body=0, trait_bodies=0, implementation_bodies=0, global_initializer=0, rejected_global_initializer=0, rejected_declaration=0, without_progress=0)
adapter agrees with the existing parser for native package, embedded standard library: 39 modules compared, 0 rejected by the existing parser, 1177 declarations
tree prefix agrees with the existing parser for native package, embedded standard library: 39 modules compared, 1177 completed declarations (758 functions, 37 traits and 259 implementations with bodies); end_of_source=39, function_header=0, trait_preview=0, implementation_preview=0, global_initializer=0, rejected_global_initializer=0, rejected_declaration=0, without_progress=0
tree modules agree with the existing parser for native package, embedded standard library: 39 of 39 accepted modules assembled and compared in full, 0 not yet read in full (function_body=0, trait_bodies=0, implementation_bodies=0, global_initializer=0, rejected_global_initializer=0, rejected_declaration=0, without_progress=0)
adapter agrees with the existing parser for source packages: 41 modules compared, 0 rejected by the existing parser, 1085 declarations
tree prefix agrees with the existing parser for source packages: 41 modules compared, 1085 completed declarations (682 functions, 36 traits and 251 implementations with bodies); end_of_source=41, function_header=0, trait_preview=0, implementation_preview=0, global_initializer=0, rejected_global_initializer=0, rejected_declaration=0, without_progress=0
tree modules agree with the existing parser for source packages: 41 of 41 accepted modules assembled and compared in full, 0 not yet read in full (function_body=0, trait_bodies=0, implementation_bodies=0, global_initializer=0, rejected_global_initializer=0, rejected_declaration=0, without_progress=0)
adapter agrees with the existing parser for every corpus file as a root: 3462 modules compared, 190 rejected by the existing parser, 51988 declarations
tree prefix agrees with the existing parser for every corpus file as a root: 3462 modules compared, 51988 completed declarations (40370 functions, 131 traits and 658 implementations with bodies); end_of_source=3462, function_header=0, trait_preview=0, implementation_preview=0, global_initializer=0, rejected_global_initializer=0, rejected_declaration=0, without_progress=0
tree modules agree with the existing parser for every corpus file as a root: 3462 of 3462 accepted modules assembled and compared in full, 0 not yet read in full (function_body=0, trait_bodies=0, implementation_bodies=0, global_initializer=0, rejected_global_initializer=0, rejected_declaration=0, without_progress=0)
compiler-new parity: files=3621 tokens=4515639 rejected_by_both=189 files_with_lexer_diagnostics=25 known_divergences=2 first_diagnostics=189 position_differences=2 message_differences=22 help_differences=88 helps_added=88 mismatched_files=0 seconds=216.0
BLORP_GATE_RESULT gate=compiler_new_parity status=PASS passed=3621 failed=0 tests=3621
