{
  "schema_version": 1,
  "mode": "plan",
  "selection": {
    "sources": [],
    "suites": [
      "blorp/test/test_compiler/test_stage_04_modules/test_discovery_adapter.brp",
      "blorp/test/test_compiler/test_stage_04_modules/test_discovery_fuzz_cases.brp",
      "blorp/test/test_compiler/test_stage_04_modules/test_tree_body_projection.brp",
      "blorp/test/test_compiler/test_stage_06_typecheck/test_infer.brp"
    ],
    "checks": []
  },
  "changed_tests": [
    "blorp/test/test_compiler/test_stage_04_modules/test_discovery_adapter.brp",
    "blorp/test/test_compiler/test_stage_04_modules/test_discovery_fuzz_cases.brp",
    "blorp/test/test_compiler/test_stage_04_modules/test_tree_body_projection.brp",
    "blorp/test/test_compiler/test_stage_06_typecheck/test_infer.brp"
  ],
  "source_label": "Changed production source",
  "focused_action": [
    [
      "make"
    ],
    [
      "bin/blorp",
      "test",
      "--timeout",
      "180",
      "blorp/test/test_compiler/test_stage_04_modules/test_discovery_adapter.brp",
      "blorp/test/test_compiler/test_stage_04_modules/test_discovery_fuzz_cases.brp",
      "blorp/test/test_compiler/test_stage_04_modules/test_tree_body_projection.brp",
      "blorp/test/test_compiler/test_stage_06_typecheck/test_infer.brp"
    ]
  ],
  "recommendations": [],
  "recommendation_authority": "manifest broad_gate",
  "hand_back": {
    "scope": "broad",
    "tree_paths": [
      "blorp/src/compiler_new/stage_01_discovery/parse/stop_reason.brp",
      "blorp/src/compiler_new/stage_01_discovery/parse/tree_body_parser.brp",
      "blorp/src/compiler_new/stage_01_discovery/parse/tree_expression_parser.brp",
      "blorp/test/test_compiler/test_stage_04_modules/test_discovery_adapter.brp",
      "blorp/test/test_compiler/test_stage_04_modules/test_tree_body_projection.brp",
      "blorp/test/test_compiler_new/support/stop_reason_label.brp",
      "blorp/test/test_compiler_new/test_stage_01_discovery/test_parse/test_stop_reasons.brp",
      "blorp/test/test_compiler_new/test_stage_01_discovery/test_parse/test_tree_body_parser.brp",
      "blorp/test/test_compiler_new/test_stage_01_discovery/test_parse/test_tree_expression_parser.brp",
      "blorp/test/test_compiler_new/test_stage_01_discovery/test_parse/test_tree_global_parser.brp",
      "blorp/test/test_compiler_new/test_stage_01_discovery/test_parse/test_tree_implementation_parser.brp",
      "blorp/test/test_compiler_new/test_stage_01_discovery/test_parse/test_tree_module_assembly.brp",
      "blorp/test/test_compiler_new/test_stage_01_discovery/test_parse/test_tree_trait_parser.brp"
    ],
    "production_paths": [
      "blorp/test/test_compiler/test_stage_04_modules/test_discovery_fuzz_cases.brp",
      "blorp/test/test_compiler/test_stage_06_typecheck/fixtures/typecheck/should_pass/std_net_websocket_resource_surface.brp",
      "blorp/test/test_compiler/test_stage_06_typecheck/fixtures/typecheck/should_pass/tls_dependent_resource_surface.brp",
      "blorp/test/test_compiler/test_stage_06_typecheck/test_infer.brp",
      "blorp/test/test_compiler_new/test_stage_01_discovery/test_parse/fixtures/should_fail/into_is_an_ordinary_name.brp",
      "blorp/test/test_format/should_fail/block_header_expression_multiline.brp",
      "blorp/test/test_format/should_fail/if_condition_chain_multiline.brp"
    ],
    "unprovable": null,
    "commands": [
      "scripts/test compiler-new compiler-new-parity compiler-blorp"
    ]
  }
}
