
>> Tree statements, blocks and function bodies Tests
  [FAIL] lambda holes restore outer tokens
  [FAIL] case controls use pattern anchor
  [FAIL] control operands inherit loop scope
  [PASS] next line pipe value has real span and postorder ids
  [PASS] 100 nested concurrently for loops
  [PASS] invalid concurrently for rolls back every child
  [PASS] concurrently for completes and censuses ids
  [PASS] tuple destructuring with unread value rolls back binders and spellings
  [PASS] soft keyword assignment mints target before value
  [PASS] flat tuple destructuring mints only binders and value
  [PASS] tuple destructuring does not admit other targets or keyword tokens
  [PASS] grouped thread counts issue no expression ids
  [PASS] only the outer terminal subscript is an assignment place
  [PASS] comment-only body stops without diagnostics or body ids
  [PASS] conditional inside parentheses owns else but leaves later stray else
  [PASS] multiline parenthesized body owns anchor close and following layout
  [PASS] leading dot postfix continuation stays in inline body
  [PASS] multiple else if continuations stay in one completed body
  [PASS] stray else after nonconditional body remains outside completed body
  [PASS] indented nested body preserves authored span and layout interval
  [PASS] inline block continuation at function anchor remains one body
  [PASS] inline body consumes owned newline and preserves next declaration
  [PASS] ids follow source order and the function comes last
  [PASS] a function body is complete syntax with an exact census
  [PASS] leading dots preserve siblings and owners
  [PASS] closed chains preserve unary siblings and nested levels
  [PASS] 256 continued postfix links have an exact census
  [PASS] unsupported bodies roll back exactly
  [PASS] types and patterns are minted in source order
  [PASS] interpolation holes are minted in source order
  [PASS] owner methods are minted in source order
  [PASS] an owner with an unsupported body keeps only its header ids
  [PASS] lambda and local function ids follow source order
  [PASS] nested lambdas
  [PASS] break and continue are supported only inside loops
  [PASS] else if links are minted inner before outer
  [PASS] the scan stops at a deferred function
  [PASS] 5000 statements
  [PASS] 2000 link else if chain
  [PASS] control expression operands complete and their continuations defer
  [PASS] long control operator chain survives dump and census
  [PASS] control operator tail rollback preserves entry
  [PASS] standalone control operator tail rollback preserves entry
  [PASS] control value ids follow source order
  [PASS] 100 nested value ifs
  [PASS] 40 nested operand ifs
  [PASS] 2000 link else if value
  [PASS] 2000 arm match value
  [PASS] with ids follow source order
  [PASS] concurrent ids follow source order
  [PASS] select ids follow source order
  [PASS] debug and detach ids follow source order
  [PASS] select value ids follow source order
  [PASS] unsupported block forms roll back exactly
  [PASS] block forms follow the enclosing loop scope
  [PASS] 100 nested with blocks
  [PASS] 100 nested concurrent blocks
  [PASS] 100 nested debug blocks
  [PASS] 100 nested selects
  [PASS] 2000 arm select

3 of 60 tests failed
