
>> Tree statement and block legacy projection Tests
  [PASS] global lambda holes preserve frozen syntax and ids
  [PASS] inline case controls leave binary followers to match reader
  [PASS] lambda holes and case controls match frozen syntax
  [PASS] call and braced controls inherit loop scope
  [PASS] next line values match frozen layout and anchors
  [PASS] next line control values continue operators
  [PASS] 100 nested concurrently for loops project every body
  [PASS] concurrently for names follow authored order
  [PASS] concurrently for matches the frozen parser
  [PASS] soft select binder names follow authored order
  [PASS] soft keyword binding heads match old parser
  [PASS] builtin values match frozen body contexts
  [PASS] opaque conversion values keep their own block anchor
  [PASS] flat tuple destructuring matches the old parser
  [PASS] body completion keeps written spellings and following owner
  [PASS] expression bodies match the old parser
  [PASS] leading dot chains match the old parser with siblings
  [PASS] 256 continued postfix links project by a loop
  [PASS] block statements match the old parser
  [PASS] declaration metadata matches the old parser
  [PASS] control flow matches the old parser
  [PASS] question bindings and tuple loops match the old parser
  [PASS] completed block lambda followers match the old parser
  [PASS] lambdas and local functions match the old parser
  [PASS] match statements match the old parser
  [PASS] control item entries match the old parser
  [PASS] control operator tails match the old parser
  [PASS] control expression values match the old parser
  [PASS] with resources match the old parser
  [PASS] concurrent blocks match the old parser
  [PASS] select arms match the old parser
  [PASS] debug blocks and detach match the old parser
  [PASS] nested block forms match the old parser
  [PASS] lambdas in block form headers match the old parser
  [PASS] multiline braced forms match the old parser
  [PASS] multiline braced globals and bodies match the old parser
  [PASS] multiline calls, lists, tuples and groupings match the old parser
  [PASS] block arguments inside brackets match the old parser
  [PASS] blocks in bracketed items follow the old anchor
  [PASS] blocks in block headers follow the old anchor
  [PASS] block indentation variants follow the old anchor
  [PASS] same line bodies and globals follow the old anchor
  [PASS] nested blocks match the old parser
  [PASS] trait default bodies match the old parser
  [PASS] implementation bodies match the old parser
  [PASS] several declarations match the old parser
  [PASS] string and character literals match the old parser
  [PASS] interpolated strings match the old parser
  [PASS] character escapes and raw pipe strings match the old parser
  [PASS] pipe strings project like the old parser
  [PASS] nested lambdas project to their depth
  [PASS] a 2000 link else if chain projects by a loop
  [PASS] 100 nested value ifs project
  [PASS] a 2000 arm match value projects every arm
  [PASS] 100 nested with blocks project
  [PASS] 100 nested concurrent blocks project
  [PASS] 100 nested debug blocks project
  [PASS] 100 nested selects project
  [PASS] a 2000 arm select projects every arm
  [PASS] 5000 statements project in order

All 60 tests passed

>> Global initializers read by the declaration scan Tests
  [PASS] checked float digits and id order
  [PASS] float rich header and comment boundary
  [PASS] checked integer magnitude and id order
  [PASS] integer rich header and comment boundary
  [PASS] name initializer mints use expression then global
  [PASS] rich header ids precede value and completed owner
  [PASS] comments preserve unconsumed boundary
  [PASS] continued global fields preserve spans and ids
  [PASS] scan preserves deferred mint
  [PASS] out of range literal leaves initializer unread
  [PASS] missing initializer at end of source is rejected at the end
  [PASS] prefix diagnostic cannot complete global
  [PASS] unsupported initializer preserves authoritative state

All 13 tests passed

>> Tree module assembly and forward pairing Tests
  [PASS] every kind of item assembles in source order
  [PASS] an empty module assembles
  [PASS] a forward declaration paired after it assembles
  [PASS] a forward declaration paired before it assembles
  [PASS] two forward declarations share one private body
  [PASS] a private unpaired forward declaration rejects the module
  [PASS] an unpaired forward declaration rejects the module
  [PASS] every unpaired forward declaration is reported
  [PASS] a lexer diagnostic rejects before declaration scan and pairing
  [PASS] lexer diagnostics keep order before a conversion body
  [PASS] an unread body leaves the module unassembled
  [PASS] a rejected declaration leaves the module unassembled
  [PASS] 2000 functions and forward declarations
  [PASS] the definitions index holds each function at its id
  [PASS] an assembled module dumps
  [PASS] every assembled corpus module passes the census

All 16 tests passed

>> Discovery fuzzer regression cases Tests
  [PASS] a function with an arithmetic body
  [PASS] a block lambda closed by its call
  [PASS] an import with a symbol list
  [PASS] an indented declaration after a function is rejected
  [PASS] an unclosed parenthesis in a body is not accepted
  [PASS] a block lambda body not indented past its call is not accepted
  [PASS] a match opened inside a record field at the wrong indentation is not accepted
  [PASS] a match opened in an inline lambda at the wrong indentation is not accepted
  [PASS] KNOWN DEFECT (delete its known_defect when fixed): an import line ending in a colon projects an empty symbol list
  [PASS] KNOWN DEFECT (delete its known_defect when fixed): an import constructor list needs commas
  [PASS] a trailing ?= binding in a block nested in a value if is not accepted
  [PASS] a comment-only function body agrees or safely stops

All 12 tests passed
