
>> Tree statements, blocks and function bodies Tests
  [PASS] previously unread controls and holes complete with ids
  [PASS] lambda holes restore outer tokens
  [PASS] case controls use pattern anchor
  [PASS] control operands inherit loop scope
  [PASS] next line pipe value has real span and postorder ids
  [PASS] 100 nested concurrently for loops
  [PASS] invalid concurrently for rolls back every child
  [PASS] concurrently for completes and censuses ids
  [PASS] tuple destructuring with unread value rolls back binders and spellings
  [PASS] soft keyword assignment mints target before value
  [PASS] flat tuple destructuring mints only binders and value
  [PASS] tuple destructuring does not admit other targets or keyword tokens
  [PASS] grouped thread counts issue no expression ids
  [PASS] only the outer terminal subscript is an assignment place
  [PASS] comment-only body stops without diagnostics or body ids
  [PASS] conditional inside parentheses owns else but leaves later stray else
  [PASS] multiline parenthesized body owns anchor close and following layout
  [PASS] leading dot postfix continuation stays in inline body
  [PASS] multiple else if continuations stay in one completed body
  [PASS] stray else after nonconditional body remains outside completed body
  [PASS] indented nested body preserves authored span and layout interval
  [PASS] inline block continuation at function anchor remains one body
  [PASS] inline body consumes owned newline and preserves next declaration
  [PASS] ids follow source order and the function comes last
  [PASS] a function body is complete syntax with an exact census
  [PASS] leading dots preserve siblings and owners
  [PASS] closed chains preserve unary siblings and nested levels
  [PASS] 256 continued postfix links have an exact census
  [PASS] unsupported bodies roll back exactly
  [PASS] types and patterns are minted in source order
  [PASS] interpolation holes are minted in source order
  [PASS] owner methods are minted in source order
  [PASS] an owner with an unsupported body keeps only its header ids
  [PASS] lambda and local function ids follow source order
  [PASS] nested lambdas
  [PASS] break and continue are supported only inside loops
  [PASS] else if links are minted inner before outer
  [PASS] the scan stops at a deferred function
  [PASS] 5000 statements
  [PASS] 2000 link else if chain
  [PASS] control expression operands complete and their continuations defer
  [PASS] long control operator chain survives dump and census
  [PASS] control operator tail rollback preserves entry
  [PASS] standalone control operator tail rollback preserves entry
  [PASS] control value ids follow source order
  [PASS] 100 nested value ifs
  [PASS] 40 nested operand ifs
  [PASS] 2000 link else if value
  [PASS] 2000 arm match value
  [PASS] with ids follow source order
  [PASS] concurrent ids follow source order
  [PASS] select ids follow source order
  [PASS] debug and detach ids follow source order
  [PASS] select value ids follow source order
  [PASS] unsupported block forms roll back exactly
  [PASS] block forms follow the enclosing loop scope
  [PASS] 100 nested with blocks
  [PASS] 100 nested concurrent blocks
  [PASS] 100 nested debug blocks
  [PASS] 100 nested selects
  [PASS] 2000 arm select

All 61 tests passed

>> Bounded tree operator expressions Tests
  [PASS] unread block lambda tails restore names and ids
  [PASS] unread soft value and block roots preserve entry
  [PASS] frozen keyword name atoms mint token spans
  [PASS] builtin static marker has no hole ids
  [PASS] builtin marker errors reject without trial ids
  [PASS] builtin marker metadata has no nesting cost
  [PASS] builtin rollback discards its leaf ids
  [PASS] builtin marker is one leaf without literal ids
  [PASS] opaque conversion recovered type is never accepted
  [PASS] opaque conversions mint type then value then owner
  [PASS] opaque conversion unsupported values restore entry
  [PASS] opaque conversion rejection preserves diagnostics without ids
  [PASS] completed block lambda leaves follower unread
  [PASS] block lambda unread followers restore entry
  [PASS] grouped block lambda boundary classification
  [PASS] rejected lambda call discards trial definitions
  [PASS] direct expression keeps the caller boundary
  [PASS] precedence and postorder ids
  [PASS] string and character literals
  [PASS] string literals keep form and text
  [PASS] character escapes
  [PASS] pipe interpolation is multiline
  [PASS] interpolation holes in source order
  [PASS] grouping keeps identity and token name span
  [PASS] logical and range forms
  [PASS] detach is a prefix operator
  [PASS] unsupported exact rollback
  [PASS] rejected expression has no ids
  [PASS] postfix source order and spans
  [PASS] leading dots keep postorder ids and spans
  [PASS] malformed continued calls report without ids
  [PASS] postfix rejection diagnostic and no ids
  [PASS] 2000 call left spine
  [PASS] 100 nested call arguments
  [PASS] list source order and spans
  [PASS] empty list
  [PASS] list is an atom
  [PASS] list rejection diagnostic and no ids
  [PASS] 100 nested lists
  [PASS] tuple source order and spans
  [PASS] tuple arity shapes
  [PASS] grouping is never a tuple
  [PASS] tuple rejection diagnostics and no ids
  [PASS] 100 alternating tuples and lists
  [PASS] 100 nested tuples
  [PASS] braced forms and their shapes
  [PASS] multiline brackets and their shapes
  [PASS] blocks in brackets follow the anchor
  [PASS] multiline braced source order
  [PASS] multiline braced rejection lines
  [PASS] braced source order and spans
  [PASS] dict entries issue key then value
  [PASS] braced rejection diagnostics and no ids
  [PASS] braced forms nest in each other
  [PASS] 5000 term left spine

All 55 tests passed

>> Traits read in full and frozen declaration recovery Tests
  [PASS] supertraits preserve qualifiers duplicates and cursor
  [PASS] type parameter children keep source IDs
  [PASS] two abstracts own dedent and child IDs
  [PASS] documentation private and pure prefix contract
  [PASS] owner header errors preserve recovery
  [PASS] supertrait recovery and suffix quirks
  [PASS] layout failures preserve continuation
  [PASS] rejected and unsupported children remain unfiltered
  [PASS] default body then abstract method in source order
  [PASS] unread default body declines the trait with its header
  [PASS] diagnostic before an unread body rejects the trait
  [PASS] direct entry anchor and existing diagnostic

All 12 tests passed

>> Implementations read in full and frozen header recovery Tests
  [PASS] private documentation receiver and child IDs
  [PASS] empty region layout recovery preserves sibling
  [PASS] grouped and function receivers
  [PASS] punctuation and layout omissions
  [PASS] single trait reference quirks
  [PASS] unsupported missing-body children continue
  [PASS] missing indent consumes siblings
  [PASS] dedent and eof owner span
  [PASS] prefix purity and annotation rejection
  [PASS] unread body declines the implementation with its header
  [PASS] diagnostic before an unread body rejects the implementation
  [PASS] earlier start and existing diagnostic

All 12 tests passed

>> Stop reasons of declined declarations Tests
  [PASS] expression shapes are named
  [PASS] a soft keyword is a block only with the shape of one
  [PASS] statement shapes are named
  [PASS] the rollback is located at the construct
  [PASS] owners and globals decline with their own kind

All 5 tests passed
