Selected production sources:
  blorp/src/compiler/stage_08_core_lower/flatten.brp
  blorp/src/compiler/stage_08_core_lower/lower.brp
  blorp/src/compiler/stage_09_core/allocation_contracts.brp
  blorp/src/compiler/stage_09_core/cancellation_plan.brp
  blorp/src/compiler/stage_09_core/closure.brp
  blorp/src/compiler/stage_09_core/collection_pipeline.brp
  blorp/src/compiler/stage_09_core/dce.brp
  blorp/src/compiler/stage_09_core/ir.brp
  blorp/src/compiler/stage_09_core/late_invariants.brp
  blorp/src/compiler/stage_09_core/match_lowering.brp
  blorp/src/compiler/stage_09_core/mono_impl.brp
  blorp/src/compiler/stage_09_core/ownership_contracts.brp
  blorp/src/compiler/stage_09_core/pass_runner.brp
  blorp/src/compiler/stage_09_core/perceus.brp
  blorp/src/compiler/stage_09_core/perceus/balance.brp
  blorp/src/compiler/stage_09_core/perceus/borrowed.brp
  blorp/src/compiler/stage_09_core/perceus/mutable.brp
  blorp/src/compiler/stage_09_core/perceus/protect.brp
  blorp/src/compiler/stage_09_core/perceus/results_and_loops.brp
  blorp/src/compiler/stage_09_core/perceus/short_circuit.brp
  blorp/src/compiler/stage_09_core/perceus/uses.brp
  blorp/src/compiler/stage_09_core/pipeline.brp
  blorp/src/compiler/stage_09_core/prepare.brp
  blorp/src/compiler/stage_09_core/product_evaluation.brp
  blorp/src/compiler/stage_09_core/product_type.brp
  blorp/src/compiler/stage_09_core/record_update.brp
  blorp/src/compiler/stage_09_core/replay_binders.brp
  blorp/src/compiler/stage_09_core/reuse.brp
  blorp/src/compiler/stage_09_core/ssa.brp
  blorp/src/compiler/stage_09_core/std_inline.brp
  blorp/src/compiler/stage_09_core/string_pipeline.brp
  blorp/src/compiler/stage_09_core/traverse.brp
  blorp/src/compiler/stage_09_core/tuple_flatten.brp
  blorp/src/compiler/stage_10_backend/c_naming.brp
  blorp/src/compiler/stage_10_backend/c_symbol_projection.brp
  blorp/src/compiler/stage_10_backend/emit.brp
  blorp/src/compiler/stage_10_backend/emit_record_layout.brp
Selected focused suites:
  test_compiler_core_c_type_layout: blorp/test/test_compiler/test_pipeline/test_core_c_type_layout.brp
  test_compiler_core_closure_identity: blorp/test/test_compiler/test_pipeline/test_core_closure_identity.brp
  test_compiler_core_function_refs: blorp/test/test_compiler/test_pipeline/test_core_function_refs.brp
  test_compiler_derived_record_equality_targets: blorp/test/test_compiler/test_pipeline/test_derived_record_equality_targets.brp
  test_compiler_match_owner_alias_liveness: blorp/test/test_compiler/test_pipeline/test_match_owner_alias_liveness.brp
  test_compiler_core_flatten: blorp/test/test_compiler/test_stage_08_core_lower/test_core_flatten.brp
  test_compiler_core_list_layout: blorp/test/test_compiler/test_stage_08_core_lower/test_core_list_layout.brp
  test_compiler_core_lower: blorp/test/test_compiler/test_stage_08_core_lower/test_core_lower.brp
  test_compiler_cancellation_plan: blorp/test/test_compiler/test_stage_09_core/test_cancellation_plan.brp
  test_compiler_closure_function_index_benchmark: blorp/test/test_compiler/test_stage_09_core/test_closure_function_index_benchmark.brp
  test_compiler_core_allocation_contracts: blorp/test/test_compiler/test_stage_09_core/test_core_allocation_contracts.brp
  test_compiler_core_closure: blorp/test/test_compiler/test_stage_09_core/test_core_closure.brp
  test_compiler_core_closure_function_index: blorp/test/test_compiler/test_stage_09_core/test_core_closure_function_index.brp
  test_compiler_core_collection_pipeline: blorp/test/test_compiler/test_stage_09_core/test_core_collection_pipeline.brp
  test_compiler_core_consume_specialize: blorp/test/test_compiler/test_stage_09_core/test_core_consume_specialize.brp
  test_compiler_core_dce: blorp/test/test_compiler/test_stage_09_core/test_core_dce.brp
  test_compiler_core_early_pipeline: blorp/test/test_compiler/test_stage_09_core/test_core_early_pipeline.brp
  test_compiler_core_json: blorp/test/test_compiler/test_stage_09_core/test_core_json.brp
  test_compiler_core_known_functions: blorp/test/test_compiler/test_stage_09_core/test_core_known_functions.brp
  test_compiler_core_late_invariants: blorp/test/test_compiler/test_stage_09_core/test_core_late_invariants.brp
  test_compiler_core_match: blorp/test/test_compiler/test_stage_09_core/test_core_match.brp
  test_compiler_core_module_table_threading: blorp/test/test_compiler/test_stage_09_core/test_core_module_table_threading.brp
  test_compiler_core_mono_impl: blorp/test/test_compiler/test_stage_09_core/test_core_mono_impl.brp
  test_compiler_core_perceus: blorp/test/test_compiler/test_stage_09_core/test_core_perceus.brp
  test_compiler_core_pipeline: blorp/test/test_compiler/test_stage_09_core/test_core_pipeline.brp
  test_compiler_core_prepare: blorp/test/test_compiler/test_stage_09_core/test_core_prepare.brp
  test_compiler_core_product_evaluation: blorp/test/test_compiler/test_stage_09_core/test_core_product_evaluation.brp
  test_compiler_core_record_local_groups: blorp/test/test_compiler/test_stage_09_core/test_core_record_local_groups.brp
  test_compiler_core_record_representation: blorp/test/test_compiler/test_stage_09_core/test_core_record_representation.brp
  test_compiler_core_repeated_length_match: blorp/test/test_compiler/test_stage_09_core/test_core_repeated_length_match.brp
  test_compiler_core_replay_binders: blorp/test/test_compiler/test_stage_09_core/test_core_replay_binders.brp
  test_compiler_core_reuse: blorp/test/test_compiler/test_stage_09_core/test_core_reuse.brp
  test_compiler_core_runtime_projection: blorp/test/test_compiler/test_stage_09_core/test_core_runtime_projection.brp
  test_compiler_core_ssa: blorp/test/test_compiler/test_stage_09_core/test_core_ssa.brp
  test_compiler_core_std_inline: blorp/test/test_compiler/test_stage_09_core/test_core_std_inline.brp
  test_compiler_core_string_pipeline: blorp/test/test_compiler/test_stage_09_core/test_core_string_pipeline.brp
  test_compiler_core_traverse: blorp/test/test_compiler/test_stage_09_core/test_core_traverse.brp
  test_compiler_core_tuple_flatten: blorp/test/test_compiler/test_stage_09_core/test_core_tuple_flatten.brp
  test_compiler_c_symbol_projection: blorp/test/test_compiler/test_stage_10_backend/test_c_symbol_projection.brp
  test_compiler_canonical_empty_list_emit: blorp/test/test_compiler/test_stage_10_backend/test_canonical_empty_list_emit.brp
  test_compiler_core_emit: blorp/test/test_compiler/test_stage_10_backend/test_core_emit.brp
  test_compiler_split_emit: blorp/test/test_compiler/test_stage_10_backend/test_split_emit.brp
  test_compiler_static_string_literal_pool: blorp/test/test_compiler/test_stage_10_backend/test_static_string_literal_pool.brp
Selected special checks:
  compiler-core-sanitize: scripts/test
  generated-c-audit: blorp/test/test_compiler/test_pipeline/codegen_audit/run_codegen_audit.sh
  leak: scripts/test
Running: make
Running: bin/blorp test --timeout 180 blorp/test/test_compiler/test_pipeline/test_core_c_type_layout.brp blorp/test/test_compiler/test_pipeline/test_core_closure_identity.brp blorp/test/test_compiler/test_pipeline/test_core_function_refs.brp blorp/test/test_compiler/test_pipeline/test_derived_record_equality_targets.brp blorp/test/test_compiler/test_pipeline/test_match_owner_alias_liveness.brp blorp/test/test_compiler/test_stage_08_core_lower/test_core_flatten.brp blorp/test/test_compiler/test_stage_08_core_lower/test_core_list_layout.brp blorp/test/test_compiler/test_stage_08_core_lower/test_core_lower.brp blorp/test/test_compiler/test_stage_09_core/test_cancellation_plan.brp blorp/test/test_compiler/test_stage_09_core/test_closure_function_index_benchmark.brp blorp/test/test_compiler/test_stage_09_core/test_core_allocation_contracts.brp blorp/test/test_compiler/test_stage_09_core/test_core_closure.brp blorp/test/test_compiler/test_stage_09_core/test_core_closure_function_index.brp blorp/test/test_compiler/test_stage_09_core/test_core_collection_pipeline.brp blorp/test/test_compiler/test_stage_09_core/test_core_consume_specialize.brp blorp/test/test_compiler/test_stage_09_core/test_core_dce.brp blorp/test/test_compiler/test_stage_09_core/test_core_early_pipeline.brp blorp/test/test_compiler/test_stage_09_core/test_core_json.brp blorp/test/test_compiler/test_stage_09_core/test_core_known_functions.brp blorp/test/test_compiler/test_stage_09_core/test_core_late_invariants.brp blorp/test/test_compiler/test_stage_09_core/test_core_match.brp blorp/test/test_compiler/test_stage_09_core/test_core_module_table_threading.brp blorp/test/test_compiler/test_stage_09_core/test_core_mono_impl.brp blorp/test/test_compiler/test_stage_09_core/test_core_perceus.brp blorp/test/test_compiler/test_stage_09_core/test_core_pipeline.brp blorp/test/test_compiler/test_stage_09_core/test_core_prepare.brp blorp/test/test_compiler/test_stage_09_core/test_core_product_evaluation.brp blorp/test/test_compiler/test_stage_09_core/test_core_record_local_groups.brp blorp/test/test_compiler/test_stage_09_core/test_core_record_representation.brp blorp/test/test_compiler/test_stage_09_core/test_core_repeated_length_match.brp blorp/test/test_compiler/test_stage_09_core/test_core_replay_binders.brp blorp/test/test_compiler/test_stage_09_core/test_core_reuse.brp blorp/test/test_compiler/test_stage_09_core/test_core_runtime_projection.brp blorp/test/test_compiler/test_stage_09_core/test_core_ssa.brp blorp/test/test_compiler/test_stage_09_core/test_core_std_inline.brp blorp/test/test_compiler/test_stage_09_core/test_core_string_pipeline.brp blorp/test/test_compiler/test_stage_09_core/test_core_traverse.brp blorp/test/test_compiler/test_stage_09_core/test_core_tuple_flatten.brp blorp/test/test_compiler/test_stage_10_backend/test_c_symbol_projection.brp blorp/test/test_compiler/test_stage_10_backend/test_canonical_empty_list_emit.brp blorp/test/test_compiler/test_stage_10_backend/test_core_emit.brp blorp/test/test_compiler/test_stage_10_backend/test_split_emit.brp blorp/test/test_compiler/test_stage_10_backend/test_static_string_literal_pool.brp
Running: scripts/test --no-build --serial --log-dir logs/compiler-check-20261007-204902-98171/compiler-core-sanitize compiler-core-sanitize
Running: blorp/test/test_compiler/test_pipeline/codegen_audit/run_codegen_audit.sh bin/blorp
Running: scripts/test --no-build --serial --log-dir logs/compiler-check-20261007-204902-98171/leak leak
Compiler check passed: 37 sources, 43 suites, 3 checks in 176.69s
BLORP_GATE_RESULT gate=compiler-check status=PASS passed=6024 failed=0 tests=6024
