== stage 1 generates C; build stage 2
stage2 generated C  : /tmp/blorp-record-local-integrated-fixpoint/stage1_output.c
stage2 generated C bytes : 83244621
stage2 generated C sha256: 0abb3548ff7b601c034949dabe0b1e5e16239d4f8b37c4a6e4bbc910e28b0424
stage2 binary        : /tmp/blorp-record-local-integrated-fixpoint/blorp-stage2
stage2 binary sha256 : 4bd6bffd29dfd13ded7ce144f139bdb65fae803c1aafe98383bde43e2e8905b3
stage2 body sha256   : 157f6d132fedfcae0bf62cdb625fd3ede91c39511fe6236ecb97cbf191354f1f
stage2 runtime object diagnostics=0: blorp/build/_build/blorp-cli/runtime-1a419bb7572fdeb1a5b4b5c6fd87fd4cec0331f9b05746aa70c2bd7064d0d7e7.o
stage2 runtime sha256 diagnostics=0: 8e4063b3a25e5967d15354a39575a5823dd1f37cd0344b57014eaf27cd63147e
== stage 2 generates C; build stage 3
stage2 generated C  : /tmp/blorp-record-local-integrated-fixpoint/stage2_output.c
stage2 generated C bytes : 83244621
stage2 generated C sha256: 0abb3548ff7b601c034949dabe0b1e5e16239d4f8b37c4a6e4bbc910e28b0424
stage2 binary        : /tmp/blorp-record-local-integrated-fixpoint/blorp-stage3
stage2 binary sha256 : 211fcdb33a3ced3c025b14f240a1d12c271fcc53593244769970f57734be5422
stage2 body sha256   : 157f6d132fedfcae0bf62cdb625fd3ede91c39511fe6236ecb97cbf191354f1f
stage2 runtime object diagnostics=0: blorp/build/_build/blorp-cli/runtime-1a419bb7572fdeb1a5b4b5c6fd87fd4cec0331f9b05746aa70c2bd7064d0d7e7.o
stage2 runtime sha256 diagnostics=0: 8e4063b3a25e5967d15354a39575a5823dd1f37cd0344b57014eaf27cd63147e
== stage 3 generates C
generated C       : /tmp/blorp-record-local-integrated-fixpoint/stage3_output.c
generated C sha256: 0abb3548ff7b601c034949dabe0b1e5e16239d4f8b37c4a6e4bbc910e28b0424
stage 1 output sha256: 0abb3548ff7b601c034949dabe0b1e5e16239d4f8b37c4a6e4bbc910e28b0424
stage 2 output sha256: 0abb3548ff7b601c034949dabe0b1e5e16239d4f8b37c4a6e4bbc910e28b0424
stage 3 output sha256: 0abb3548ff7b601c034949dabe0b1e5e16239d4f8b37c4a6e4bbc910e28b0424
stage 1 and stage 2 emit identical C
FIXPOINT: stage 2 and stage 3 emit identical C
