
>> Core tuple flattening Tests
  [PASS] local field access is flattened
  [PASS] tuple used whole keeps its box
  [PASS] tuple passed to a call keeps its box
  [PASS] mutable tuple keeps its box
  [PASS] managed local tuple is flattened
  [PASS] alias of a flattened local is the same group
  [PASS] alias used whole keeps its source boxed
  [PASS] source keeps its box
  [PASS] immediate tuple field is flattened
  [PASS] flattening traverses record update fields
  [PASS] flattening traverses record reuse fields
  [PASS] flattening traverses tensor raw read index
  [PASS] tuple if is flattened
  [PASS] tuple if with mismatched element type keeps its box
  [PASS] alias bound in two branches keeps its source boxed
  [PASS] element index outside the tuple is an internal error
  [PASS] tuple match with non-tuple leaf keeps its box
  [PASS] tuple match leaf collection preserves case order
  [PASS] tuple length match leaf collection preserves geq and fallback order
  [PASS] nested Option subject is split
  [PASS] or-pattern subject tests each element with its own match
  [PASS] payload binding is bound below the test that proves it
  [PASS] whole-element binding names the element
  [PASS] whole-subject binding only taken apart leaves no tuple
  [PASS] whole-subject binding used whole is boxed only where it is used
  [PASS] three-element subject is split
  [PASS] subject elements are bound in written order
  [PASS] read of a boxed element is bound at its leaf
  [PASS] mutable element is bound to a copy
  [PASS] resource binding shadow keeps the box
  [PASS] loop binding shadow keeps the box
  [PASS] whole binding of a matched local keeps its box
  [PASS] tree that always fails is an internal error
  [PASS] flattened local used whole is an internal error
  [PASS] missing element type is an internal error
  [PASS] fault messages name the binding and the shape
  [PASS] repeated row binding is bound once
  [PASS] or-pattern binder at two places is bound at its leaves
  [PASS] payload binding with no test of its element is an internal error
  [PASS] flattened local match is split
  [PASS] result element keeps its contract and subject element is borrowed
  [PASS] unmanaged tuple return call is expanded
  [PASS] unmanaged tuple return with local is expanded
  [PASS] managed tuple return call keeps its box
  [PASS] expansion reserves the ids it minted
  [PASS] tuple return summary traverses scalar let
  [PASS] deep logical rewrite is stack bounded
  [PASS] logical rewrite mints left to right
  [PASS] deep logical chain is rewritten iteratively
  [PASS] reuses expression without tuple shapes
  [PASS] rebuilds only the spine to a flattened tuple

All 51 tests passed
