
>> Discovery lexer allocations Tests (leak-check)
lexer allocation pin foo bar baz
: expected=6045 actual=16047
  [FAIL] name interning and keyword setup allocations
lexer symbol allocation pin: budget=500 actual=28036
  [FAIL] symbols allocate nothing per token
lexer allocation pin if a:
	b
: expected=4044 actual=24047
  [FAIL] layout allocates only name interning results
lexer allocation pin -- note

x
: expected=2038 actual=12040
  [FAIL] comments and blank lines allocate only their words' interning results
lexer new spelling allocation pin: expected=10032 actual=16034
  [FAIL] a new spelling allocates its text and a table copy
lexer allocation pin 1 22 333
: expected=24043 actual=40047
  [FAIL] integers allocate their checked value
lexer allocation pin 1.5 2.25
: expected=12044 actual=24046
  [FAIL] floats allocate their digits and value
lexer allocation pin "ab" "cd"
: expected=8042 actual=16046
  [FAIL] strings allocate their text and value
lexer allocation pin #N #M
: expected=4041 actual=12043
  [FAIL] dimension names allocate only their interning results
lexer allocation pin raw"a" raw"b"
: expected=16042 actual=24046
  [FAIL] raw strings allocate per literal
lexer allocation pin 'a' 'b'
: expected=8031 actual=16035
  [FAIL] character literals allocate per literal
lexer allocation pin "a ${b} c"
: expected=64040 actual=70044
  [FAIL] interpolated strings allocate their pieces

12 of 12 tests failed

>> Discovery parser and bridge allocation budgets Tests (leak-check)
bridge allocation pin alpha beta alpha #Rows beta
: expected_per_repeat=0 actual=10020
  [FAIL] bridging repeated names copies no table
bridge allocation pin x = 1 + 2.5 + 1 + "text" + "text"
: expected_per_repeat=0 actual=12021
  [FAIL] bridging repeated literals copies no table
bridge allocation pin x = 170141183460469231731687303715884105728
: expected_per_repeat=1 actual=8028
  [FAIL] bridging repeated rejected integers copies no table
bridge allocation pin x = 10000000000000000000000000000000000000000000000000000000000000000000000000000000000000000000000000000000000000000000000000000000000000000000000000000000000000000000000000000000000000000000000000000000000000000000000000000000000000000000000000000000000000000000000000000000000000000000000000000000000000000000000000000000000000000000000000000000000000000000000000000000000000000000000000000000000000000.5
: expected_per_repeat=1 actual=8028
  [FAIL] bridging repeated rejected floats copies no table
bridge allocation pin y = "a ${a} b ${b + c}"
: expected_per_repeat=8 actual=20027
  [FAIL] bridging repeated interpolations copies no table
parser allocation pin: expected=58152 actual=34086
  [FAIL] parsing repeated expression statements copies no table
parser allocation pin: expected=150159 actual=76088
  [FAIL] parsing repeated blocks and calls copies no table
parser allocation pin: expected=262172 actual=134092
  [FAIL] parsing repeated matches and patterns copies no table
parser allocation pin: expected=170163 actual=90088
  [FAIL] parsing repeated selects copies no table
parser allocation pin: expected=290174 actual=148094
  [FAIL] parsing repeated concurrent blocks copies no table
parser allocation pin: expected=206168 actual=106091
  [FAIL] parsing repeated lambdas copies no table
parser allocation pin: expected=38058 actual=116090
  [FAIL] parsing repeated interpolations copies no table
parser allocation pin: expected=166165 actual=84092
  [FAIL] parsing repeated record literals and updates copies no table
parser allocation pin: expected=238160 actual=132082
  [FAIL] parsing repeated loops copies no table
parser allocation pin: expected=102163 actual=52090
  [FAIL] parsing repeated question binds copies no table
parser allocation pin: expected=14161 actual=112168
  [FAIL] parsing repeated function declarations copies no table
parser allocation pin: expected=300126 actual=164069
  [FAIL] parsing repeated type declarations copies no table
parser allocation pin: expected=248186 actual=128131
  [FAIL] parsing repeated trait and impl declarations copies no table
parser allocation pin: expected=90126 actual=40069
  [FAIL] parsing repeated imports copies no table
parser allocation pin: expected=316179 actual=148096
  [FAIL] parsing repeated collection literals copies no table
parser allocation pin: expected=474180 actual=244095
  [FAIL] parsing repeated tuple list and qualified patterns copies no table
parser allocation pin: expected=182165 actual=100091
  [FAIL] parsing repeated with scopes copies no table
parser allocation pin: expected=158168 actual=76092
  [FAIL] parsing repeated conversions and builtins copies no table
parser allocation pin: expected=206211 actual=110135
  [FAIL] parsing repeated bindings and local functions copies no table
parser allocation pin: expected=282172 actual=146096
  [FAIL] parsing repeated postfix chains and unary operators copies no table
parser allocation pin: expected=488217 actual=242150
  [FAIL] parsing repeated written types copies no table
parser allocation pin: expected=206184 actual=94128
  [FAIL] parsing repeated foreign blocks copies no table
parser allocation pin: expected=310193 actual=158137
  [FAIL] parsing repeated supertraits copies no table
  [PASS] appending rows copies no table

28 of 29 tests failed

>> Discovery module load allocation budgets Tests (leak-check)
load allocation pin: expected=58152 actual=74215
  [FAIL] parsing repeated expression statements copies no table
load allocation pin: expected=150159 actual=178226
  [FAIL] parsing repeated blocks and calls copies no table
load allocation pin: expected=262172 actual=324271
  [FAIL] parsing repeated matches and patterns copies no table
load allocation pin: expected=170163 actual=204244
  [FAIL] parsing repeated selects copies no table
load allocation pin: expected=290174 actual=372277
  [FAIL] parsing repeated concurrent blocks copies no table
load allocation pin: expected=206168 actual=254256
  [FAIL] parsing repeated lambdas copies no table
load allocation pin: expected=164192 actual=232242
  [FAIL] parsing repeated interpolations copies no table
load allocation pin: expected=166165 actual=210244
  [FAIL] parsing repeated record literals and updates copies no table
load allocation pin: expected=238160 actual=284248
  [FAIL] parsing repeated loops copies no table
load allocation pin: expected=102163 actual=136245
  [FAIL] parsing repeated question binds copies no table
load allocation pin: expected=232226 actual=294306
  [FAIL] parsing repeated function declarations copies no table
load allocation pin: expected=300126 actual=356207
  [FAIL] parsing repeated type declarations copies no table
load allocation pin: expected=248186 actual=298259
  [FAIL] parsing repeated trait and impl declarations copies no table
load allocation pin: expected=90126 actual=122191
  [FAIL] parsing repeated imports copies no table
load allocation pin: expected=316179 actual=412279
  [FAIL] parsing repeated collection literals copies no table
load allocation pin: expected=474180 actual=590291
  [FAIL] parsing repeated tuple list and qualified patterns copies no table
load allocation pin: expected=182165 actual=222241
  [FAIL] parsing repeated with scopes copies no table
load allocation pin: expected=158168 actual=196261
  [FAIL] parsing repeated conversions and builtins copies no table
load allocation pin: expected=206211 actual=254299
  [FAIL] parsing repeated bindings and local functions copies no table
load allocation pin: expected=282172 actual=342254
  [FAIL] parsing repeated postfix chains and unary operators copies no table
load allocation pin: expected=488217 actual=600327
  [FAIL] parsing repeated written types copies no table
load allocation pin: expected=206184 actual=264268
  [FAIL] parsing repeated foreign blocks copies no table
load allocation pin: expected=310193 actual=368269
  [FAIL] parsing repeated supertraits copies no table
  [PASS] appending rows copies no table

23 of 24 tests failed
blorp: leak check: 3 allocs, 3 releases, 0 leaked, 0 bytes
