
>> Discovery lexer allocations Tests (leak-check)
  [PASS] name interning and keyword setup allocations
  [PASS] symbols allocate managed tokens and matches
  [PASS] layout allocates managed tokens and name results
  [PASS] comments and blank lines allocate managed tokens and names
  [PASS] a new spelling allocates its text and a table copy
  [PASS] integers allocate their checked value
  [PASS] floats allocate their digits and value
  [PASS] strings allocate their text and value
  [PASS] dimension names allocate managed tokens and name results
  [PASS] raw strings allocate per literal
  [PASS] character literals allocate per literal
  [PASS] interpolated strings allocate their pieces

All 12 tests passed

>> Discovery parser and bridge allocation budgets Tests (leak-check)
  [PASS] bridging repeated names copies no table
  [PASS] bridging repeated literals copies no table
  [PASS] bridging repeated rejected integers copies no table
  [PASS] bridging repeated rejected floats copies no table
  [PASS] bridging repeated interpolations copies no table
  [PASS] parsing repeated expression statements copies no table
  [PASS] parsing repeated blocks and calls copies no table
  [PASS] parsing repeated matches and patterns copies no table
  [PASS] parsing repeated selects copies no table
  [PASS] parsing repeated concurrent blocks copies no table
  [PASS] parsing repeated lambdas copies no table
  [PASS] parsing repeated interpolations copies no table
  [PASS] parsing repeated record literals and updates copies no table
  [PASS] parsing repeated loops copies no table
  [PASS] parsing repeated question binds copies no table
  [PASS] parsing repeated function declarations copies no table
  [PASS] parsing repeated type declarations copies no table
  [PASS] parsing repeated trait and impl declarations copies no table
  [PASS] parsing repeated imports copies no table
  [PASS] parsing repeated collection literals copies no table
  [PASS] parsing repeated tuple list and qualified patterns copies no table
  [PASS] parsing repeated with scopes copies no table
  [PASS] parsing repeated conversions and builtins copies no table
  [PASS] parsing repeated bindings and local functions copies no table
  [PASS] parsing repeated postfix chains and unary operators copies no table
  [PASS] parsing repeated written types copies no table
  [PASS] parsing repeated foreign blocks copies no table
  [PASS] parsing repeated supertraits copies no table
  [PASS] appending rows copies no table

All 29 tests passed

>> Discovery module load allocation budgets Tests (leak-check)
  [PASS] parsing repeated expression statements copies no table
  [PASS] parsing repeated blocks and calls copies no table
  [PASS] parsing repeated matches and patterns copies no table
  [PASS] parsing repeated selects copies no table
  [PASS] parsing repeated concurrent blocks copies no table
  [PASS] parsing repeated lambdas copies no table
  [PASS] parsing repeated interpolations copies no table
  [PASS] parsing repeated record literals and updates copies no table
  [PASS] parsing repeated loops copies no table
  [PASS] parsing repeated question binds copies no table
  [PASS] parsing repeated function declarations copies no table
  [PASS] parsing repeated type declarations copies no table
  [PASS] parsing repeated trait and impl declarations copies no table
  [PASS] parsing repeated imports copies no table
  [PASS] parsing repeated collection literals copies no table
  [PASS] parsing repeated tuple list and qualified patterns copies no table
  [PASS] parsing repeated with scopes copies no table
  [PASS] parsing repeated conversions and builtins copies no table
  [PASS] parsing repeated bindings and local functions copies no table
  [PASS] parsing repeated postfix chains and unary operators copies no table
  [PASS] parsing repeated written types copies no table
  [PASS] parsing repeated foreign blocks copies no table
  [PASS] parsing repeated supertraits copies no table
  [PASS] appending rows copies no table

All 24 tests passed
blorp: leak check: 3 allocs, 3 releases, 0 leaked, 0 bytes

>> Discovery lexer allocations Tests (leak-check)
  [PASS] name interning and keyword setup allocations
  [PASS] symbols allocate managed tokens and matches
  [PASS] layout allocates managed tokens and name results
  [PASS] comments and blank lines allocate managed tokens and names
  [PASS] a new spelling allocates its text and a table copy
  [PASS] integers allocate their checked value
  [PASS] floats allocate their digits and value
  [PASS] strings allocate their text and value
  [PASS] dimension names allocate managed tokens and name results
  [PASS] raw strings allocate per literal
  [PASS] character literals allocate per literal
  [PASS] interpolated strings allocate their pieces

All 12 tests passed

>> Discovery parser and bridge allocation budgets Tests (leak-check)
  [PASS] bridging repeated names copies no table
  [PASS] bridging repeated literals copies no table
  [PASS] bridging repeated rejected integers copies no table
  [PASS] bridging repeated rejected floats copies no table
  [PASS] bridging repeated interpolations copies no table
  [PASS] parsing repeated expression statements copies no table
  [PASS] parsing repeated blocks and calls copies no table
  [PASS] parsing repeated matches and patterns copies no table
  [PASS] parsing repeated selects copies no table
  [PASS] parsing repeated concurrent blocks copies no table
  [PASS] parsing repeated lambdas copies no table
  [PASS] parsing repeated interpolations copies no table
  [PASS] parsing repeated record literals and updates copies no table
  [PASS] parsing repeated loops copies no table
  [PASS] parsing repeated question binds copies no table
  [PASS] parsing repeated function declarations copies no table
  [PASS] parsing repeated type declarations copies no table
  [PASS] parsing repeated trait and impl declarations copies no table
  [PASS] parsing repeated imports copies no table
  [PASS] parsing repeated collection literals copies no table
  [PASS] parsing repeated tuple list and qualified patterns copies no table
  [PASS] parsing repeated with scopes copies no table
  [PASS] parsing repeated conversions and builtins copies no table
  [PASS] parsing repeated bindings and local functions copies no table
  [PASS] parsing repeated postfix chains and unary operators copies no table
  [PASS] parsing repeated written types copies no table
  [PASS] parsing repeated foreign blocks copies no table
  [PASS] parsing repeated supertraits copies no table
  [PASS] appending rows copies no table

All 29 tests passed

>> Discovery module load allocation budgets Tests (leak-check)
  [PASS] parsing repeated expression statements copies no table
  [PASS] parsing repeated blocks and calls copies no table
  [PASS] parsing repeated matches and patterns copies no table
  [PASS] parsing repeated selects copies no table
  [PASS] parsing repeated concurrent blocks copies no table
  [PASS] parsing repeated lambdas copies no table
  [PASS] parsing repeated interpolations copies no table
  [PASS] parsing repeated record literals and updates copies no table
  [PASS] parsing repeated loops copies no table
  [PASS] parsing repeated question binds copies no table
  [PASS] parsing repeated function declarations copies no table
  [PASS] parsing repeated type declarations copies no table
  [PASS] parsing repeated trait and impl declarations copies no table
  [PASS] parsing repeated imports copies no table
  [PASS] parsing repeated collection literals copies no table
  [PASS] parsing repeated tuple list and qualified patterns copies no table
  [PASS] parsing repeated with scopes copies no table
  [PASS] parsing repeated conversions and builtins copies no table
  [PASS] parsing repeated bindings and local functions copies no table
  [PASS] parsing repeated postfix chains and unary operators copies no table
  [PASS] parsing repeated written types copies no table
  [PASS] parsing repeated foreign blocks copies no table
  [PASS] parsing repeated supertraits copies no table
  [PASS] appending rows copies no table

All 24 tests passed
blorp: leak check: 3 allocs, 3 releases, 0 leaked, 0 bytes
