expression_statements_copies_no_table 0 lexer=62 bridge=13 parser=invalid load=invalid
expression_statements_copies_no_table 1 lexer=82 bridge=18 parser=59 load=172
expression_statements_copies_no_table 2 lexer=98 bridge=22 parser=75 load=208
expression_statements_copies_no_table 10 lexer=230 bridge=56 parser=195 load=496
expression_statements_copies_no_table 2000 lexer=32084 bridge=8023 parser=28085 load=68214
expression_statements_copies_no_table 4000 lexer=64086 bridge=16024 parser=56089 load=136222
blocks_and_calls_copies_no_table 0 lexer=62 bridge=13 parser=invalid load=invalid
blocks_and_calls_copies_no_table 1 lexer=113 bridge=22 parser=80 load=229
blocks_and_calls_copies_no_table 2 lexer=158 bridge=29 parser=114 load=316
blocks_and_calls_copies_no_table 10 lexer=514 bridge=87 parser=379 load=997
blocks_and_calls_copies_no_table 2000 lexer=88089 bridge=14025 parser=64087 load=166225
blocks_and_calls_copies_no_table 4000 lexer=176091 bridge=28026 parser=128091 load=332233
matches_and_patterns_copies_no_table 0 lexer=62 bridge=13 parser=invalid load=invalid
matches_and_patterns_copies_no_table 1 lexer=175 bridge=32 parser=106 load=327
matches_and_patterns_copies_no_table 2 lexer=258 bridge=47 parser=165 load=485
matches_and_patterns_copies_no_table 10 lexer=912 bridge=161 parser=621 load=1711
matches_and_patterns_copies_no_table 2000 lexer=162125 bridge=28029 parser=112091 load=302270
matches_and_patterns_copies_no_table 4000 lexer=324128 bridge=56030 parser=224095 load=604279
selects_copies_no_table 0 lexer=62 bridge=13 parser=invalid load=invalid
selects_copies_no_table 1 lexer=125 bridge=24 parser=85 load=249
selects_copies_no_table 2 lexer=176 bridge=32 parser=126 load=349
selects_copies_no_table 10 lexer=583 bridge=90 parser=439 load=1130
selects_copies_no_table 2000 lexer=100104 bridge=14027 parser=76087 load=190243
selects_copies_no_table 4000 lexer=200107 bridge=28028 parser=152091 load=380252
concurrent_blocks_copies_no_table 0 lexer=62 bridge=13 parser=invalid load=invalid
concurrent_blocks_copies_no_table 1 lexer=190 bridge=36 parser=113 load=353
concurrent_blocks_copies_no_table 2 lexer=289 bridge=53 parser=178 load=535
concurrent_blocks_copies_no_table 10 lexer=1063 bridge=183 parser=682 load=1945
concurrent_blocks_copies_no_table 2000 lexer=192127 bridge=32031 parser=124093 load=348276
concurrent_blocks_copies_no_table 4000 lexer=384130 bridge=64032 parser=248097 load=696285
lambdas_copies_no_table 0 lexer=62 bridge=13 parser=invalid load=invalid
lambdas_copies_no_table 1 lexer=155 bridge=28 parser=92 load=289
lambdas_copies_no_table 2 lexer=219 bridge=41 parser=138 load=413
lambdas_copies_no_table 10 lexer=719 bridge=139 parser=492 load=1367
lambdas_copies_no_table 2000 lexer=124114 bridge=24027 parser=86090 load=234255
lambdas_copies_no_table 4000 lexer=248116 bridge=48028 parser=172094 load=468263
interpolations_copies_no_table 0 lexer=62 bridge=13 parser=invalid load=invalid
interpolations_copies_no_table 1 lexer=119 bridge=26 parser=101 load=259
interpolations_copies_no_table 2 lexer=167 bridge=36 parser=157 load=373
interpolations_copies_no_table 10 lexer=556 bridge=119 parser=588 load=1278
interpolations_copies_no_table 2000 lexer=96097 bridge=20033 parser=106089 load=222241
interpolations_copies_no_table 4000 lexer=192100 bridge=40035 parser=212093 load=444251
record_literals_and_updates_copies_no_table 0 lexer=62 bridge=13 parser=invalid load=invalid
record_literals_and_updates_copies_no_table 1 lexer=135 bridge=27 parser=82 load=257
record_literals_and_updates_copies_no_table 2 lexer=189 bridge=39 parser=120 load=362
record_literals_and_updates_copies_no_table 10 lexer=609 bridge=129 parser=402 load=1156
record_literals_and_updates_copies_no_table 2000 lexer=104103 bridge=22026 parser=68091 load=194243
record_literals_and_updates_copies_no_table 4000 lexer=208105 bridge=44027 parser=136095 load=388251
loops_copies_no_table 0 lexer=62 bridge=13 parser=invalid load=invalid
loops_copies_no_table 1 lexer=148 bridge=27 parser=105 load=294
loops_copies_no_table 2 lexer=216 bridge=38 parser=163 load=432
loops_copies_no_table 10 lexer=750 bridge=120 parser=617 load=1504
loops_copies_no_table 2000 lexer=132113 bridge=20028 parser=112081 load=264247
loops_copies_no_table 4000 lexer=264116 bridge=40029 parser=224084 load=528255
question_binds_copies_no_table 0 lexer=62 bridge=13 parser=invalid load=invalid
question_binds_copies_no_table 1 lexer=111 bridge=23 parser=68 load=216
question_binds_copies_no_table 2 lexer=147 bridge=31 parser=94 load=286
question_binds_copies_no_table 10 lexer=433 bridge=89 parser=279 load=817
question_binds_copies_no_table 2000 lexer=70105 bridge=14026 parser=44089 load=128244
question_binds_copies_no_table 4000 lexer=140108 bridge=28027 parser=88093 load=256253
function_declarations_copies_no_table 0 lexer=15 bridge=3 parser=8 load=39
function_declarations_copies_no_table 1 lexer=132 bridge=29 parser=81 load=256
function_declarations_copies_no_table 2 lexer=211 bridge=44 parser=138 load=408
function_declarations_copies_no_table 10 lexer=835 bridge=158 parser=612 load=1623
function_declarations_copies_no_table 2000 lexer=154087 bridge=28026 parser=110168 load=292306
function_declarations_copies_no_table 4000 lexer=308090 bridge=56027 parser=220183 load=584326
type_declarations_copies_no_table 0 lexer=15 bridge=3 parser=8 load=39
type_declarations_copies_no_table 1 lexer=149 bridge=25 parser=98 load=288
type_declarations_copies_no_table 2 lexer=233 bridge=40 parser=184 load=474
type_declarations_copies_no_table 10 lexer=893 bridge=154 parser=851 load=1917
type_declarations_copies_no_table 2000 lexer=164089 bridge=28022 parser=164069 load=356207
type_declarations_copies_no_table 4000 lexer=328091 bridge=56023 parser=328074 load=712216
trait_and_impl_declarations_copies_no_table 0 lexer=15 bridge=3 parser=8 load=39
trait_and_impl_declarations_copies_no_table 1 lexer=122 bridge=23 parser=84 load=244
trait_and_impl_declarations_copies_no_table 2 lexer=198 bridge=35 parser=150 load=399
trait_and_impl_declarations_copies_no_table 10 lexer=796 bridge=125 parser=683 load=1622
trait_and_impl_declarations_copies_no_table 2000 lexer=148079 bridge=22023 parser=126131 load=296259
trait_and_impl_declarations_copies_no_table 4000 lexer=296082 bridge=44024 parser=252142 load=592275
imports_copies_no_table 0 lexer=20 bridge=3 parser=invalid load=invalid
imports_copies_no_table 1 lexer=91 bridge=17 parser=39 load=160
imports_copies_no_table 2 lexer=126 bridge=26 parser=60 load=226
imports_copies_no_table 10 lexer=394 bridge=92 parser=233 load=735
imports_copies_no_table 2000 lexer=66079 bridge=16020 parser=40069 load=122191
imports_copies_no_table 4000 lexer=132081 bridge=32021 parser=80074 load=244200
collection_literals_copies_no_table 0 lexer=62 bridge=13 parser=invalid load=invalid
collection_literals_copies_no_table 1 lexer=207 bridge=39 parser=113 load=373
collection_literals_copies_no_table 2 lexer=324 bridge=58 parser=179 load=576
collection_literals_copies_no_table 10 lexer=1243 bridge=204 parser=683 load=2147
collection_literals_copies_no_table 2000 lexer=228126 bridge=36032 parser=124095 load=388278
collection_literals_copies_no_table 4000 lexer=456129 bridge=72033 parser=248099 load=776287
tuple_list_and_qualified_patterns_copies_no_table 0 lexer=62 bridge=13 parser=invalid load=invalid
tuple_list_and_qualified_patterns_copies_no_table 1 lexer=254 bridge=46 parser=156 load=471
tuple_list_and_qualified_patterns_copies_no_table 2 lexer=402 bridge=74 parser=261 load=753
tuple_list_and_qualified_patterns_copies_no_table 10 lexer=1577 bridge=292 parser=1085 load=2972
tuple_list_and_qualified_patterns_copies_no_table 2000 lexer=292140 bridge=54030 parser=204094 load=550290
tuple_list_and_qualified_patterns_copies_no_table 4000 lexer=584143 bridge=108031 parser=408098 load=1100299
with_scopes_copies_no_table 0 lexer=62 bridge=13 parser=invalid load=invalid
with_scopes_copies_no_table 1 lexer=132 bridge=25 parser=89 load=260
with_scopes_copies_no_table 2 lexer=185 bridge=36 parser=134 load=370
with_scopes_copies_no_table 10 lexer=597 bridge=118 parser=471 load=1203
with_scopes_copies_no_table 2000 lexer=10blorp: leak check: 732301 allocs, 732301 releases, 0 leaked, 0 bytes
2101 bridge=20025 parser=82090 load=204240
with_scopes_copies_no_table 4000 lexer=204103 bridge=40026 parser=164094 load=408248
conversions_and_builtins_copies_no_table 0 lexer=62 bridge=13 parser=invalid load=invalid
conversions_and_builtins_copies_no_table 1 lexer=140 bridge=26 parser=79 load=259
conversions_and_builtins_copies_no_table 2 lexer=193 bridge=36 parser=115 load=359
conversions_and_builtins_copies_no_table 10 lexer=607 bridge=110 parser=381 load=1115
conversions_and_builtins_copies_no_table 2000 lexer=102118 bridge=18027 parser=64091 load=184260
conversions_and_builtins_copies_no_table 4000 lexer=204121 bridge=36028 parser=128095 load=368269
bindings_and_local_functions_copies_no_table 0 lexer=62 bridge=13 parser=invalid load=invalid
bindings_and_local_functions_copies_no_table 1 lexer=152 bridge=28 parser=100 load=294
bindings_and_local_functions_copies_no_table 2 lexer=214 bridge=41 parser=153 load=423
bindings_and_local_functions_copies_no_table 10 lexer=698 bridge=139 parser=571 load=1425
bindings_and_local_functions_copies_no_table 2000 lexer=120113 bridge=24026 parser=100134 load=244298
bindings_and_local_functions_copies_no_table 4000 lexer=240115 bridge=48027 parser=200143 load=488311
postfix_chains_and_unary_operators_copies_no_table 0 lexer=62 bridge=13 parser=invalid load=invalid
postfix_chains_and_unary_operators_copies_no_table 1 lexer=168 bridge=31 parser=109 load=323
postfix_chains_and_unary_operators_copies_no_table 2 lexer=252 bridge=47 parser=171 load=485
postfix_chains_and_unary_operators_copies_no_table 10 lexer=921 bridge=169 parser=644 load=1752
postfix_chains_and_unary_operators_copies_no_table 2000 lexer=166106 bridge=30027 parser=116095 load=312253
postfix_chains_and_unary_operators_copies_no_table 4000 lexer=332108 bridge=60028 parser=232099 load=624261
written_types_copies_no_table 0 lexer=15 bridge=3 parser=8 load=39
written_types_copies_no_table 1 lexer=254 bridge=46 parser=149 load=463
written_types_copies_no_table 2 lexer=407 bridge=75 parser=275 load=772
written_types_copies_no_table 10 lexer=1619 bridge=301 parser=1265 load=3202
written_types_copies_no_table 2000 lexer=302124 bridge=56029 parser=240150 load=598327
written_types_copies_no_table 4000 lexer=604126 bridge=112030 parser=480162 load=1196343
foreign_blocks_copies_no_table 0 lexer=15 bridge=3 parser=8 load=39
foreign_blocks_copies_no_table 1 lexer=131 bridge=25 parser=66 load=236
foreign_blocks_copies_no_table 2 lexer=206 bridge=39 parser=114 load=374
foreign_blocks_copies_no_table 10 lexer=788 bridge=145 parser=521 load=1471
foreign_blocks_copies_no_table 2000 lexer=144092 bridge=26023 parser=94128 load=264268
foreign_blocks_copies_no_table 4000 lexer=288095 bridge=52024 parser=188139 load=528284
supertraits_copies_no_table 0 lexer=15 bridge=3 parser=8 load=39
supertraits_copies_no_table 1 lexer=144 bridge=25 parser=100 load=284
supertraits_copies_no_table 2 lexer=238 bridge=39 parser=186 load=479
supertraits_copies_no_table 10 lexer=980 bridge=145 parser=833 load=1976
supertraits_copies_no_table 2000 lexer=184083 bridge=26023 parser=156137 load=366269
supertraits_copies_no_table 4000 lexer=368086 bridge=52024 parser=312148 load=732285
