symbols 0 lexer=15 bridge=3 parser=8 load=39
symbols 1 lexer=30 bridge=4 parser=invalid load=invalid
symbols 2 lexer=45 bridge=5 parser=invalid load=invalid
symbols 10 lexer=162 bridge=8 parser=invalid load=invalid
symbols 2000 lexer=28036 bridge=15 parser=invalid load=invalid
symbols 4000 lexer=56038 bridge=16 parser=invalid load=invalid
names 0 lexer=15 bridge=3 parser=8 load=39
names 1 lexer=35 bridge=8 parser=invalid load=invalid
names 2 lexer=44 bridge=12 parser=invalid load=invalid
names 10 lexer=113 bridge=39 parser=invalid load=invalid
names 2000 lexer=16047 bridge=6016 parser=invalid load=invalid
names 4000 lexer=32049 bridge=12017 parser=invalid load=invalid
keywords 0 lexer=15 bridge=3 parser=8 load=39
keywords 1 lexer=20 bridge=3 parser=invalid load=invalid
keywords 2 lexer=26 bridge=4 parser=invalid load=invalid
keywords 10 lexer=71 bridge=7 parser=invalid load=invalid
keywords 2000 lexer=10035 bridge=14 parser=invalid load=invalid
keywords 4000 lexer=20037 bridge=15 parser=invalid load=invalid
layout 0 lexer=15 bridge=3 parser=8 load=39
layout 1 lexer=38 bridge=7 parser=invalid load=invalid
layout 2 lexer=52 bridge=10 parser=invalid load=invalid
layout 10 lexer=153 bridge=29 parser=invalid load=invalid
layout 2000 lexer=24047 bridge=4016 parser=invalid load=invalid
layout 4000 lexer=48049 bridge=8017 parser=invalid load=invalid
comments 0 lexer=15 bridge=3 parser=8 load=39
comments 1 lexer=25 bridge=6 parser=invalid load=invalid
comments 2 lexer=32 bridge=7 parser=invalid load=invalid
comments 10 lexer=85 bridge=18 parser=invalid load=invalid
comments 2000 lexer=12040 bridge=2015 parser=invalid load=invalid
comments 4000 lexer=24042 bridge=4016 parser=invalid load=invalid
dimensions 0 lexer=15 bridge=3 parser=8 load=39
dimensions 1 lexer=29 bridge=12 parser=invalid load=invalid
dimensions 2 lexer=36 bridge=15 parser=invalid load=invalid
dimensions 10 lexer=88 bridge=33 parser=invalid load=invalid
dimensions 2000 lexer=12043 bridge=4021 parser=invalid load=invalid
dimensions 4000 lexer=24045 bridge=8022 parser=invalid load=invalid
integers 0 lexer=15 bridge=3 parser=8 load=39
integers 1 lexer=36 bridge=10 parser=invalid load=invalid
integers 2 lexer=58 bridge=14 parser=invalid load=invalid
integers 10 lexer=225 bridge=41 parser=invalid load=invalid
integers 2000 lexer=40047 bridge=6018 parser=invalid load=invalid
integers 4000 lexer=80050 bridge=12019 parser=invalid load=invalid
floats 0 lexer=15 bridge=3 parser=8 load=39
floats 1 lexer=28 bridge=8 parser=invalid load=invalid
floats 2 lexer=41 bridge=11 parser=invalid load=invalid
floats 10 lexer=144 bridge=29 parser=invalid load=invalid
floats 2000 lexer=24046 bridge=4017 parser=invalid load=invalid
floats 4000 lexer=48049 bridge=8018 parser=invalid load=invalid
strings 0 lexer=15 bridge=3 parser=8 load=39
strings 1 lexer=24 bridge=6 parser=invalid load=invalid
strings 2 lexer=33 bridge=9 parser=invalid load=invalid
strings 10 lexer=104 bridge=27 parser=invalid load=invalid
strings 2000 lexer=16046 bridge=4015 parser=invalid load=invalid
strings 4000 lexer=32049 bridge=8016 parser=invalid load=invalid
rawstrings 0 lexer=15 bridge=3 parser=8 load=39
rawstrings 1 lexer=28 bridge=6 parser=invalid load=invalid
rawstrings 2 lexer=41 bridge=9 parser=invalid load=invalid
rawstrings 10 lexer=144 bridge=27 parser=invalid load=invalid
rawstrings 2000 lexer=24046 bridge=4015 parser=invalid load=invalid
rawstrings 4000 lexer=48049 bridge=8016 parser=invalid load=invalid
characters 0 lexer=15 bridge=3 parser=8 load=39
characters 1 lexer=23 bridge=3 parser=invalid load=invalid
characters 2 lexer=32 bridge=4 parser=invalid load=invalid
characters 10 lexer=100 bridge=6 parser=invalid load=invalid
characters 2000 lexer=16035 bridge=14 parser=invalid load=invalid
characters 4000 lexer=32037 bridge=15 parser=invalid load=invalid
interpolations 0 lexer=54 bridge=11 parser=invalid load=invalid
interpolations 1 lexer=111 bridge=25 parser=98 load=247
interpolations 2 lexer=159 bridge=35 parser=154 load=361
interpolations 10 lexer=548 bridge=118 parser=585 load=1266
interpolationsblorp: leak check: 464195 allocs, 464195 releases, 0 leaked, 0 bytes
 2000 lexer=96089 bridge=20032 parser=106086 load=222229
interpolations 4000 lexer=192092 bridge=40034 parser=212090 load=444239
bridge_names 0 lexer=15 bridge=3 parser=8 load=39
bridge_names 1 lexer=40 bridge=14 parser=invalid load=invalid
bridge_names 2 lexer=53 bridge=20 parser=invalid load=invalid
bridge_names 10 lexer=153 bridge=62 parser=invalid load=invalid
bridge_names 2000 lexer=24048 bridge=10020 parser=invalid load=invalid
bridge_names 4000 lexer=48050 bridge=20021 parser=invalid load=invalid
bridge_literals 0 lexer=15 bridge=3 parser=8 load=39
bridge_literals 1 lexer=60 bridge=16 parser=43 load=132
bridge_literals 2 lexer=99 bridge=23 parser=72 load=207
bridge_literals 10 lexer=401 bridge=73 parser=297 load=786
bridge_literals 2000 lexer=74054 bridge=12021 parser=54056 load=140153
bridge_literals 4000 lexer=148057 bridge=24022 parser=108060 load=280162
bridge_rejected_int 0 lexer=15 bridge=3 parser=8 load=39
bridge_rejected_int 1 lexer=32 bridge=12 parser=invalid load=invalid
bridge_rejected_int 2 lexer=45 bridge=17 parser=invalid load=invalid
bridge_rejected_int 10 lexer=148 bridge=54 parser=invalid load=invalid
bridge_rejected_int 2000 lexer=24049 bridge=8028 parser=invalid load=invalid
bridge_rejected_int 4000 lexer=48052 bridge=16030 parser=invalid load=invalid
bridge_rejected_float 0 lexer=15 bridge=3 parser=8 load=39
bridge_rejected_float 1 lexer=32 bridge=12 parser=invalid load=invalid
bridge_rejected_float 2 lexer=45 bridge=17 parser=invalid load=invalid
bridge_rejected_float 10 lexer=148 bridge=54 parser=invalid load=invalid
bridge_rejected_float 2000 lexer=24049 bridge=8028 parser=invalid load=invalid
bridge_rejected_float 4000 lexer=48052 bridge=16030 parser=invalid load=invalid
bridge_interpolation 0 lexer=15 bridge=3 parser=8 load=39
bridge_interpolation 1 lexer=68 bridge=17 parser=89 load=187
bridge_interpolation 2 lexer=117 bridge=28 parser=149 load=307
bridge_interpolation 10 lexer=508 bridge=113 parser=621 load=1257
bridge_interpolation 2000 lexer=96049 bridge=20027 parser=116071 load=232169
bridge_interpolation 4000 lexer=192052 bridge=40029 parser=232075 load=464179
