wrote /tmp/blorp-dimension-kind-cut/baseline-self.json
{
  "schema": 2,
  "label": "dimension-kind-baseline-stage2",
  "timestamp": "2026-10-08T05:18:05+00:00",
  "host": "MacBook-Air-4.local",
  "machine": "arm64",
  "compiler_path": "/private/tmp/blorp-dimension-kind-cut/baseline-normal",
  "compiler_sha256": "ea3548d26070a86bad01b9b26599849b0eff247dc4c6b67f17afd4074d1feaba",
  "diagnostic_compiler_path": "/private/tmp/blorp-dimension-kind-cut/baseline-diagnostic",
  "diagnostic_compiler_sha256": "069a584f4e95a4e19cbbb4db888849c009f956b26ba8adf119b67085e50d2fdc",
  "compiler_rev": "unknown",
  "compiler_dirty": null,
  "compiler_build_status": "skipped",
  "toolchain": {
    "cc_version": "Apple clang version 21.0.0 (clang-2100.3.34.2)",
    "compiler_version": [
      "blorp 0.0.1",
      "commit: 8fe717e28d46-dirty",
      "target: aarch64-apple-darwin",
      "channel: local",
      "dirty: true",
      "compiled_by: self-8fe717e28d46",
      "optimization: cli=-O2 runtime=-O2",
      "split: 8",
      "cc: Apple clang version 21.0.0 (clang-2100.3.34.2)",
      "memory_diagnostics: 0",
      "",
      ""
    ],
    "compiled_by": "self-8fe717e28d46",
    "optimization": "cli=-O2 runtime=-O2",
    "commit": "8fe717e28d46-dirty",
    "target": "aarch64-apple-darwin",
    "split": "8",
    "cc": "Apple clang version 21.0.0 (clang-2100.3.34.2)",
    "memory_diagnostics": "0"
  },
  "diagnostic_toolchain": {
    "cc_version": "Apple clang version 21.0.0 (clang-2100.3.34.2)",
    "compiler_version": [
      "blorp 0.0.1",
      "commit: 8fe717e28d46-dirty",
      "target: aarch64-apple-darwin",
      "channel: local",
      "dirty: true",
      "compiled_by: self-8fe717e28d46",
      "optimization: cli=-O2 runtime=-O2",
      "split: 8",
      "cc: Apple clang version 21.0.0 (clang-2100.3.34.2)",
      "memory_diagnostics: 1",
      "",
      ""
    ],
    "compiled_by": "self-8fe717e28d46",
    "optimization": "cli=-O2 runtime=-O2",
    "commit": "8fe717e28d46-dirty",
    "target": "aarch64-apple-darwin",
    "split": "8",
    "cc": "Apple clang version 21.0.0 (clang-2100.3.34.2)",
    "memory_diagnostics": "1"
  },
  "compiler_stage": 1,
  "stage2_built_by_bin_blorp_sha256": null,
  "c_optimization": "-O2",
  "input_rev": "8fe717e28d461088258f7744db77f2d9c8d02a0f",
  "input_dir": "$TMPDIR/blorp-perf-input/8fe717e28d461088258f7744db77f2d9c8d02a0f",
  "program": "self",
  "samples": 3,
  "output_sha256": "e203bf534162e77443563c1ff7037a7cef3c245d7f1d51ba4456c8e7ca5aef5e",
  "output_bytes": 83843873,
  "total_allocations": 244863442,
  "instructions_retired": {
    "min": 228763175100,
    "median": 228795121500,
    "samples": [
      228763175100,
      228995929897,
      228795121500
    ]
  },
  "wall_seconds": {
    "min": 23.75,
    "median": 24.7,
    "samples": [
      26.13,
      24.7,
      23.75
    ]
  },
  "peak_rss_bytes": 2206154752,
  "phases_ms": {
    "source_discovery": 1694.738,
    "typed_frontend": 4922.598,
    "core_lowering": 1490.851,
    "early_core": 4107.074,
    "runtime_projection": 649.406,
    "late_core": 8534.079,
    "backend_emission": 2088.097,
    "artifact_construction": 0.628,
    "phase_total": 24150.749,
    "outer_total": 24418.695
  }
}
  source_discovery_start               allocs +         650
  source_discovery_complete            allocs +  17,001,901
  typed_frontend_start                 allocs +           5
  typed_frontend_complete              allocs +  36,741,258
  core_lowering_input_ready            allocs +           8
  core_lowering_complete               allocs +  17,689,473
  pass_lower_complete                  allocs +          64
  pass_debug_complete                  allocs +     137,258
  pass_prune_early_complete            allocs +     166,787
  pass_desugar_complete                allocs +   1,417,754
  pass_mono_complete                   allocs +  27,155,734
  pass_synth_complete                  allocs +     224,164
  pass_match_complete                  allocs +   5,795,222
  pass_trait_resolve_complete          allocs +   4,972,429
  pass_prune_after_trait_resolve_complete allocs +   2,355,083
  pass_resolve_complete                allocs +   3,784,588
  pass_std_inline_complete             allocs +   1,997,621
  pass_tailrec_complete                allocs +     179,705
  pass_fuse_string_complete            allocs +   2,649,276
  pass_fuse_collection_complete        allocs +   3,092,168
  pass_fuse_parallel_tensor_complete   allocs +   1,336,075
  pass_fuse_tensor_update_complete     allocs +      44,348
  early_core_complete                  allocs +           7
  pass_tuple_flatten_complete          allocs +   8,041,922
  runtime_projection_complete          allocs +     995,614
  pass_adapt_function_refs_complete    allocs +   1,998,611
  pass_tensor_specialize_specialize_fused_complete allocs +   1,806,219
  pass_hash_key_callbacks_complete     allocs +       3,784
  pass_resolve_backend_match_fused_complete allocs +   3,597,639
  pass_dce_complete                    allocs +   2,673,906
  pass_consume_specialize_complete     allocs +   2,018,692
  pass_static_string_literals_complete allocs +   1,656,626
  pass_record_update_ownership_complete allocs +   1,783,082
  pass_record_literal_order_complete   allocs +   1,468,796
  pass_dict_literal_ownership_complete allocs +     135,410
  pass_ownership_perceus_fused_complete allocs +  57,634,486
  pass_reuse_complete                  allocs +     855,999
  pass_closure_complete                allocs +   2,504,053
  pass_resource_management_complete    allocs +     334,663
  pass_fairness_complete               allocs +     173,294
  pass_prepare_complete                allocs +     933,206
  pass_prepared_reuse_complete         allocs +     412,886
  cleanup_plan_complete                allocs +   1,265,191
  cancellation_plan_complete           allocs +  10,798,640
  late_core_complete                   allocs +           5
  backend_emission_complete            allocs +  17,029,064
  artifact_construction_complete       allocs +          76
