wrote /tmp/blorp-dimension-kind-cut/candidate-self.json

baseline : dimension-kind-baseline-stage2 @ unknown
candidate: dimension-kind-candidate-stage2 @ unknown
input    : 8fe717e28d46  program=self
output C : IDENTICAL (83843873 vs 83843873 bytes)

metric                                               baseline        candidate     delta
----------------------------------------------------------------------------------------
allocs source_discovery_start                             650              650    +0.00%
allocs source_discovery_complete                   17,001,901       17,001,901    +0.00%
allocs typed_frontend_start                                 5                5    +0.00%
allocs typed_frontend_complete                     36,741,258       36,741,258    +0.00%
allocs core_lowering_input_ready                            8                8    +0.00%
allocs core_lowering_complete                      17,689,473       17,689,473    +0.00%
allocs pass_lower_complete                                 64               64    +0.00%
allocs pass_debug_complete                            137,258          137,258    +0.00%
allocs pass_prune_early_complete                      166,787          166,787    +0.00%
allocs pass_desugar_complete                        1,417,754        1,417,754    +0.00%
allocs pass_mono_complete                          27,155,734       27,155,734    +0.00%
allocs pass_synth_complete                            224,164          224,164    +0.00%
allocs pass_match_complete                          5,795,222        5,795,222    +0.00%
allocs pass_trait_resolve_complete                  4,972,429        4,972,429    +0.00%
allocs pass_prune_after_trait_resolve_complete        2,355,083        2,355,083    +0.00%
allocs pass_resolve_complete                        3,784,588        3,784,588    +0.00%
allocs pass_std_inline_complete                     1,997,621        1,997,621    +0.00%
allocs pass_tailrec_complete                          179,705          179,705    +0.00%
allocs pass_fuse_string_complete                    2,649,276        2,649,276    +0.00%
allocs pass_fuse_collection_complete                3,092,168        3,092,168    +0.00%
allocs pass_fuse_parallel_tensor_complete           1,336,075        1,336,075    +0.00%
allocs pass_fuse_tensor_update_complete                44,348           44,348    +0.00%
allocs early_core_complete                                  7                7    +0.00%
allocs pass_tuple_flatten_complete                  8,041,922        8,041,922    +0.00%
allocs runtime_projection_complete                    995,614          995,614    +0.00%
allocs pass_adapt_function_refs_complete            1,998,611        1,998,611    +0.00%
allocs pass_tensor_specialize_specialize_fused_complete        1,806,219        1,806,219    +0.00%
allocs pass_hash_key_callbacks_complete                 3,784            3,784    +0.00%
allocs pass_resolve_backend_match_fused_complete        3,597,639        3,597,639    +0.00%
allocs pass_dce_complete                            2,673,906        2,673,906    +0.00%
allocs pass_consume_specialize_complete             2,018,692        2,018,692    +0.00%
allocs pass_static_string_literals_complete         1,656,626        1,656,626    +0.00%
allocs pass_record_update_ownership_complete        1,783,082        1,783,082    +0.00%
allocs pass_record_literal_order_complete           1,468,796        1,468,796    +0.00%
allocs pass_dict_literal_ownership_complete           135,410          135,410    +0.00%
allocs pass_ownership_perceus_fused_complete       57,634,486       57,634,486    +0.00%
allocs pass_reuse_complete                            855,999          855,999    +0.00%
allocs pass_closure_complete                        2,504,053        2,504,053    +0.00%
allocs pass_resource_management_complete              334,663          334,663    +0.00%
allocs pass_fairness_complete                         173,294          173,294    +0.00%
allocs pass_prepare_complete                          933,206          933,206    +0.00%
allocs pass_prepared_reuse_complete                   412,886          412,886    +0.00%
allocs cleanup_plan_complete                        1,265,191        1,265,191    +0.00%
allocs cancellation_plan_complete                  10,798,640       10,798,640    +0.00%
allocs late_core_complete                                   5                5    +0.00%
allocs backend_emission_complete                   17,029,064       17,029,064    +0.00%
allocs artifact_construction_complete                      76               76    +0.00%
allocs TOTAL                                      244,863,442      244,863,442    +0.00%
instructions retired (min)                    228,763,175,100  228,947,991,780    +0.08%
output bytes                                       83,843,873       83,843,873    +0.00%
peak RSS bytes                                  2,206,154,752    2,187,788,288    -0.83%

