
>> Blorp compiler Core primitive specialization Tests
  [PASS] to_int identity and casts
  [PASS] float width conversions
  [PASS] Bool enum conversions
  [PASS] to_bool Int compares against zero
  [PASS] to_bool Float uses nonzero comparison
  [PASS] to_bool Result layouts
  [PASS] specialization recurses through nested calls
  [PASS] specialization recurses through semantic match leaf
  [PASS] scalar tensor get_or uses bounded direct storage read
  [PASS] managed tensor get_or preserves nullable payload match
  [PASS] tensor get_or preserves unsupported getter suffixes
  [PASS] tensor get_or preserves incompatible getter payloads
  [PASS] tensor get_or preserves nullable and nonbuiltin calls
  [PASS] tensor get_or rewrites supported scalar getters
  [PASS] tensor get_or preserves generic enum and inline-record fallbacks
  [PASS] program specialization boxes Dict[Int] keys
  [PASS] String to_int becomes direct runtime call
  [PASS] Int hash becomes direct runtime call
  [PASS] hash dispatches other primitive types
  [PASS] type_name renders post-mono Core types
  [PASS] is_heap uses Core ownership layout
  [PASS] hash preserves unsupported type dispatch
  [PASS] fused tensor_specialize/specialize walk matches standalone sequence

All 23 tests passed
