Native slot acquired.
STEP resource-base-freshness
resource-base-freshness: exit=0; log=/tmp/blorp-identity-wave-combined-resource/results/resource-base-freshness.log; external_overlap=0
STEP resource-candidate-freshness
resource-candidate-freshness: exit=0; log=/tmp/blorp-identity-wave-combined-resource/results/resource-candidate-freshness.log; external_overlap=0
STEP candidate-stage2-setup
candidate-stage2-setup: exit=0; log=/tmp/blorp-identity-wave-combined-resource/results/candidate-stage2-setup.log; external_overlap=0
STEP baseline-stage2-normal-version
baseline-stage2-normal-version: exit=0; log=/tmp/blorp-identity-wave-combined-resource/results/baseline-stage2-normal-version.log; external_overlap=0
STEP baseline-stage2-diagnostic-version
baseline-stage2-diagnostic-version: exit=0; log=/tmp/blorp-identity-wave-combined-resource/results/baseline-stage2-diagnostic-version.log; external_overlap=0
STEP candidate-stage2-normal-version
candidate-stage2-normal-version: exit=0; log=/tmp/blorp-identity-wave-combined-resource/results/candidate-stage2-normal-version.log; external_overlap=0
STEP candidate-stage2-diagnostic-version
candidate-stage2-diagnostic-version: exit=0; log=/tmp/blorp-identity-wave-combined-resource/results/candidate-stage2-diagnostic-version.log; external_overlap=0
STEP resource-candidate-self
resource-candidate-self: exit=0; log=/tmp/blorp-identity-wave-combined-resource/results/resource-candidate-self.log; external_overlap=8
{"program": "self", "generated_c_identical": true, "input_revisions_equal": true, "samples": [3, 3], "actual_compiler_stage": 2, "metrics": {"total_allocations": {"baseline": 245056112, "candidate": 245056522, "delta_percent": 0.00016730862032121035, "within_0_5_percent_ceiling": true}, "instructions_retired": {"baseline": 229157014450, "candidate": 228946800997, "delta_percent": -0.09173337045978433, "within_0_5_percent_ceiling": true}}, "baseline_instruction_sample_spread": {"samples": [229395679419, 229157014450, 229166683493], "min": 229157014450, "max": 229395679419, "spread_percent_of_min": 0.10414910037679626}, "candidate_instruction_sample_spread": {"samples": [228999382296, 228946800997, 229016715548], "min": 228946800997, "max": 229016715548, "spread_percent_of_min": 0.030537465776128547}}
STEP resource-candidate-small
resource-candidate-small: exit=0; log=/tmp/blorp-identity-wave-combined-resource/results/resource-candidate-small.log; external_overlap=0
{"program": "small", "generated_c_identical": true, "input_revisions_equal": true, "samples": [3, 3], "actual_compiler_stage": 2, "metrics": {"total_allocations": {"baseline": 1689044, "candidate": 1689044, "delta_percent": 0.0, "within_0_5_percent_ceiling": true}, "instructions_retired": {"baseline": 1596202656, "candidate": 1597845135, "delta_percent": 0.1028991521738202, "within_0_5_percent_ceiling": true}}, "baseline_instruction_sample_spread": {"samples": [1596202656, 1597768721, 1598054054], "min": 1596202656, "max": 1598054054, "spread_percent_of_min": 0.11598765313669543}, "candidate_instruction_sample_spread": {"samples": [1597845135, 1598104733, 1598314526], "min": 1597845135, "max": 1598314526, "spread_percent_of_min": 0.029376501496811203}}
STEP resource-final-candidate-freshness
resource-final-candidate-freshness: exit=0; log=/tmp/blorp-identity-wave-combined-resource/results/resource-final-candidate-freshness.log; external_overlap=0
Combined candidate-only stage2 self/small comparisons passed against valid wave3 baselines under repository min-of-runs policy.
