COUNTERS active=1/1 oracle=1/1 managed=2071 releases=1756 live=315 backing=2071
OUTPUT items=1 definitions=1 imports=0 spellings=4 census=0 statements=21 blocks=11 expressions=41 patterns=0 types=0 dimensions=0 type_binders=0 uses=30 binders=21
ORACLE_BEGIN
(module
  (function def0 public @0..340 (signature impure @0..4 "loops"@5..10 (parameters (parameter @11..15 bind0:"rows"@11..15 -)) -) (type-parameters) (where) (block block10 @19..340
    (for stmt1 @19..49 (tuple @23..32 bind1:"a"@24..25 _@27..28 bind2:"c"@30..31) (name expr0 @36..40 use0:"rows"@36..40) (block block0 @44..49
      (expression-statement stmt0 @44..49 (binary expr3 @44..49 add (name expr1 @44..45 use1:"a"@44..45) (name expr2 @48..49 use2:"c"@48..49)))))
    (for stmt3 @51..81 (tuple @55..64 bind3:"a"@56..57 _@59..60 bind4:"c"@62..63) (name expr4 @68..72 use3:"rows"@68..72) (block block1 @76..81
      (expression-statement stmt2 @76..81 (binary expr7 @76..81 add (name expr5 @76..77 use4:"a"@76..77) (name expr6 @80..81 use5:"c"@80..81)))))
    (for stmt5 @83..113 (tuple @87..96 bind5:"a"@88..89 _@91..92 bind6:"c"@94..95) (name expr8 @100..104 use6:"rows"@100..104) (block block2 @108..113
      (expression-statement stmt4 @108..113 (binary expr11 @108..113 add (name expr9 @108..109 use7:"a"@108..109) (name expr10 @112..113 use8:"c"@112..113)))))
    (for stmt7 @115..145 (tuple @119..128 bind7:"a"@120..121 _@123..124 bind8:"c"@126..127) (name expr12 @132..136 use9:"rows"@132..136) (block block3 @140..145
      (expression-statement stmt6 @140..145 (binary expr15 @140..145 add (name expr13 @140..141 use10:"a"@140..141) (name expr14 @144..145 use11:"c"@144..145)))))
    (for stmt9 @147..177 (tuple @151..160 bind9:"a"@152..153 _@155..156 bind10:"c"@158..159) (name expr16 @164..168 use12:"rows"@164..168) (block block4 @172..177
      (expression-statement stmt8 @172..177 (binary expr19 @172..177 add (name expr17 @172..173 use13:"a"@172..173) (name expr18 @176..177 use14:"c"@176..177)))))
    (for stmt11 @179..209 (tuple @183..192 bind11:"a"@184..185 _@187..188 bind12:"c"@190..191) (name expr20 @196..200 use15:"rows"@196..200) (block block5 @204..209
      (expression-statement stmt10 @204..209 (binary expr23 @204..209 add (name expr21 @204..205 use16:"a"@204..205) (name expr22 @208..209 use17:"c"@208..209)))))
    (for stmt13 @211..241 (tuple @215..224 bind13:"a"@216..217 _@219..220 bind14:"c"@222..223) (name expr24 @228..232 use18:"rows"@228..232) (block block6 @236..241
      (expression-statement stmt12 @236..241 (binary expr27 @236..241 add (name expr25 @236..237 use19:"a"@236..237) (name expr26 @240..241 use20:"c"@240..241)))))
    (for stmt15 @243..273 (tuple @247..256 bind15:"a"@248..249 _@251..252 bind16:"c"@254..255) (name expr28 @260..264 use21:"rows"@260..264) (block block7 @268..273
      (expression-statement stmt14 @268..273 (binary expr31 @268..273 add (name expr29 @268..269 use22:"a"@268..269) (name expr30 @272..273 use23:"c"@272..273)))))
    (for stmt17 @275..305 (tuple @279..288 bind17:"a"@280..281 _@283..284 bind18:"c"@286..287) (name expr32 @292..296 use24:"rows"@292..296) (block block8 @300..305
      (expression-statement stmt16 @300..305 (binary expr35 @300..305 add (name expr33 @300..301 use25:"a"@300..301) (name expr34 @304..305 use26:"c"@304..305)))))
    (for stmt19 @307..337 (tuple @311..320 bind19:"a"@312..313 _@315..316 bind20:"c"@318..319) (name expr36 @324..328 use27:"rows"@324..328) (block block9 @332..337
      (expression-statement stmt18 @332..337 (binary expr39 @332..337 add (name expr37 @332..333 use28:"a"@332..333) (name expr38 @336..337 use29:"c"@336..337)))))
    (expression-statement stmt20 @339..340 (integer expr40 @339..340 0)))))
ORACLE_END
