═══ Leak-Check Ownership Suites + Diagnostics ═══

PASS: tests/test_blorp/memory/leak_check_baselines/channel_cancelled_fanout_string.brp
  blorp: leak check: 13 allocs, 13 releases, 0 leaked, 0 bytes
PASS: tests/test_blorp/memory/leak_check_baselines/channel_cancelled_join_string.brp
  blorp: leak check: 9 allocs, 9 releases, 0 leaked, 0 bytes
PASS: tests/test_blorp/memory/leak_check_baselines/channel_cancelled_recv_string.brp
  blorp: leak check: 14 allocs, 14 releases, 0 leaked, 0 bytes
PASS: tests/test_blorp/memory/leak_check_baselines/channel_cancelled_select_string.brp
  blorp: leak check: 12 allocs, 12 releases, 0 leaked, 0 bytes
PASS: tests/test_blorp/memory/leak_check_baselines/channel_cancelled_send_string.brp
  blorp: leak check: 17 allocs, 17 releases, 0 leaked, 0 bytes
PASS: tests/test_blorp/memory/leak_check_baselines/channel_failed_send_stack_result.brp
  blorp: leak check: 9 allocs, 9 releases, 0 leaked, 0 bytes
PASS: tests/test_blorp/memory/leak_check_baselines/channel_failed_send_string.brp
  blorp: leak check: 13 allocs, 13 releases, 0 leaked, 0 bytes
PASS: tests/test_blorp/memory/leak_check_baselines/channel_receive_string.brp
  blorp: leak check: 22 allocs, 22 releases, 0 leaked, 0 bytes
PASS: tests/test_blorp/memory/leak_check_baselines/concurrent_cancelled_fixed_join_string.brp
  blorp: leak check: 5 allocs, 5 releases, 0 leaked, 0 bytes
PASS: tests/test_blorp/memory/leak_check_baselines/dict_string_storage.brp
  blorp: leak check: 3 allocs, 3 releases, 0 leaked, 0 bytes
PASS: tests/test_blorp/memory/leak_check_baselines/empty_main.brp
  blorp: leak check: 2 allocs, 2 releases, 0 leaked, 0 bytes
PASS: tests/test_blorp/memory/leak_check_baselines/list_concurrent_cancelled_join_string.brp
  blorp: leak check: 13 allocs, 13 releases, 0 leaked, 0 bytes
PASS: tests/test_blorp/memory/leak_check_baselines/list_concurrent_string_results.brp
  blorp: leak check: 34 allocs, 34 releases, 0 leaked, 0 bytes
PASS: tests/test_blorp/memory/leak_check_baselines/list_string_storage.brp
  blorp: leak check: 3 allocs, 3 releases, 0 leaked, 0 bytes
PASS: tests/test_blorp/memory/leak_check_baselines/option_match_string.brp
  blorp: leak check: 2 allocs, 2 releases, 0 leaked, 0 bytes
PASS: tests/test_blorp/memory/leak_check_baselines/select_cancelled_stack_result.brp
  blorp: leak check: 7 allocs, 7 releases, 0 leaked, 0 bytes
PASS: tests/test_blorp/memory/leak_check_baselines/set_string_storage.brp
  blorp: leak check: 3 allocs, 3 releases, 0 leaked, 0 bytes
PASS: tests/test_blorp/memory/leak_check_baselines/sleep_cancelled_string.brp
  blorp: leak check: 4 allocs, 4 releases, 0 leaked, 0 bytes
PASS: tests/test_blorp/memory/leak_check_baselines/stream_cancelled_owned_callback_string.brp
  blorp: leak check: 13 allocs, 13 releases, 0 leaked, 0 bytes
PASS: tests/test_blorp/memory/leak_check_baselines/tcp_cancelled_accept_string.brp
  blorp: leak check: 8 allocs, 8 releases, 0 leaked, 0 bytes
PASS: tests/test_blorp/memory/leak_check_baselines/tcp_cancelled_read_string.brp
  blorp: leak check: 15 allocs, 15 releases, 0 leaked, 0 bytes
PASS: tests/test_blorp/memory/leak_check_baselines/tcp_concurrent_source_cancelled_stream.brp
  blorp: leak check: 18 allocs, 18 releases, 0 leaked, 0 bytes
PASS: tests/test_blorp/memory/leak_check_baselines/udp_cancelled_recv_string.brp
  blorp: leak check: 7 allocs, 7 releases, 0 leaked, 0 bytes
PASS: tests/test_blorp/memory/leak_check_baselines/udp_datagram_stream_cancelled_predicate.brp
  blorp: leak check: 11 allocs, 11 releases, 0 leaked, 0 bytes
PASS: tests/test_blorp/memory/leak_check_baselines/udp_datagram_stream_cancelled_recv.brp
  blorp: leak check: 8 allocs, 8 releases, 0 leaked, 0 bytes
PASS: tests/test_blorp/memory/leak_check_baselines/union_int128_boxed_payload.brp
  blorp: leak check: 3 allocs, 3 releases, 0 leaked, 0 bytes
PASS: tests/test_blorp/memory/test_builtin_borrowed_arg_ownership.brp
  blorp: leak check: 0 allocs, 0 releases, 0 leaked, 0 bytes
PASS: tests/test_blorp/memory/test_discarded_vector_result.brp
  blorp: leak check: 0 allocs, 0 releases, 0 leaked, 0 bytes
PASS: tests/test_blorp/memory/test_for_loop_iterator_ownership.brp
  blorp: leak check: 0 allocs, 0 releases, 0 leaked, 0 bytes
PASS: tests/test_blorp/memory/test_foreign_defensive_copy_ownership.brp
  blorp: leak check: 0 allocs, 0 releases, 0 leaked, 0 bytes
PASS: tests/test_blorp/memory/test_global_managed_constants.brp
  blorp: leak check: 0 allocs, 0 releases, 0 leaked, 0 bytes
PASS: tests/test_blorp/memory/test_memstats_observability.brp
  blorp: leak check: 0 allocs, 0 releases, 0 leaked, 0 bytes
PASS: tests/test_blorp/memory/test_mutable_assignment_memory.brp
  blorp: leak check: 0 allocs, 0 releases, 0 leaked, 0 bytes
PASS: tests/test_blorp/memory/test_mutable_option_payload_return.brp
  blorp: leak check: 0 allocs, 0 releases, 0 leaked, 0 bytes
PASS: tests/test_blorp/memory/test_particle_sim_leak_patterns.brp
  blorp: leak check: 0 allocs, 0 releases, 0 leaked, 0 bytes
PASS: tests/test_blorp/memory/test_record_field_assignment_ownership.brp
  blorp: leak check: 0 allocs, 0 releases, 0 leaked, 0 bytes
PASS: tests/test_blorp/memory/test_tailrec_managed_accumulator.brp
  blorp: leak check: 0 allocs, 0 releases, 0 leaked, 0 bytes
PASS: tests/test_blorp/memory/test_union_transfer_ownership.brp
  blorp: leak check: 0 allocs, 0 releases, 0 leaked, 0 bytes
PASS: tests/test_blorp/memory/test_vector_checked_get_ownership.brp
  blorp: leak check: 0 allocs, 0 releases, 0 leaked, 0 bytes
PASS: tests/test_std/list/test_list_of_vectors.brp
  blorp: leak check: 0 allocs, 0 releases, 0 leaked, 0 bytes
PASS: tests/test_std/list/test_list_pattern.brp
  blorp: leak check: 0 allocs, 0 releases, 0 leaked, 0 bytes
PASS: tests/test_std/list/test_tailrec_list_pattern.brp
  blorp: leak check: 0 allocs, 0 releases, 0 leaked, 0 bytes
PASS: tests/test_std/list/test_list_pipeline_fusion.brp
  blorp: leak check: 0 allocs, 0 releases, 0 leaked, 0 bytes
PASS: tests/test_std/list/test_list_get_or_set_ir.brp
  blorp: leak check: 0 allocs, 0 releases, 0 leaked, 0 bytes
PASS: tests/test_std/dict/test_dict_fold.brp
  blorp: leak check: 0 allocs, 0 releases, 0 leaked, 0 bytes
PASS: tests/test_std/dict/test_dict_increment.brp
  blorp: leak check: 0 allocs, 0 releases, 0 leaked, 0 bytes
PASS: tests/test_std/dict/test_dict_return_local_after_entries.brp
  blorp: leak check: 0 allocs, 0 releases, 0 leaked, 0 bytes
FAIL: tests/test_std/heap/test_heap_cow.brp (exit code 1)
  >> Heap COW Tests (leak-check)
  [PASS] push two
  [PASS] push maintains min
  [FAIL] pop returns min [LEAK: 1 objects]

Leaked by type:
  TYPE                    COUNT      BYTES
  (unknown)                   1         96
  [FAIL] from_list sorted [LEAK: 6 objects]

Leaked by type:
  TYPE                    COUNT      BYTES
  (unknown)                   4        384
  List                        2        128
blorp: leak check: 0 allocs, 0 releases, 0 leaked, 0 bytes

ERROR: 2 test(s) leaked memory
2 of 4 tests failed

>> Heap COW Tests (leak-check)
  [PASS] push two
  [PASS] push maintains min
  [FAIL] pop returns min [LEAK: 1 objects]

Leaked by type:
  TYPE                    COUNT      BYTES
  (unknown)                   1         96
  [FAIL] from_list sorted [LEAK: 6 objects]

Leaked by type:
  TYPE                    COUNT      BYTES
  (unknown)                   4        384
  List                        2        128
blorp: leak check: 0 allocs, 0 releases, 0 leaked, 0 bytes

ERROR: 2 test(s) leaked memory
2 of 4 tests failed
PASS: tests/test_std/set/test_set.brp
  blorp: leak check: 0 allocs, 0 releases, 0 leaked, 0 bytes
PASS: tests/test_std/set/test_set_equality.brp
  blorp: leak check: 0 allocs, 0 releases, 0 leaked, 0 bytes
PASS: tests/test_std/set/test_set_ir.brp
  blorp: leak check: 0 allocs, 0 releases, 0 leaked, 0 bytes
PASS: tests/test_std/set/test_set_iteration.brp
  blorp: leak check: 0 allocs, 0 releases, 0 leaked, 0 bytes
PASS: tests/test_std/set/test_set_user_key.brp
  blorp: leak check: 0 allocs, 0 releases, 0 leaked, 0 bytes
PASS: tests/test_blorp/text/test_string_ops.brp
  blorp: leak check: 0 allocs, 0 releases, 0 leaked, 0 bytes
PASS: tests/test_blorp/text/test_string_ir.brp
  blorp: leak check: 0 allocs, 0 releases, 0 leaked, 0 bytes
PASS: tests/test_blorp/numeric/test_vector_cow.brp
  blorp: leak check: 0 allocs, 0 releases, 0 leaked, 0 bytes
PASS: tests/test_blorp/numeric/test_tensor_raw_view_cow.brp
  blorp: leak check: 0 allocs, 0 releases, 0 leaked, 0 bytes
PASS: tests/test_blorp/numeric/test_matrix_builtins_alloc.brp
  blorp: leak check: 0 allocs, 0 releases, 0 leaked, 0 bytes
PASS: tests/test_blorp/numeric/test_tensor_chained.brp
  blorp: leak check: 0 allocs, 0 releases, 0 leaked, 0 bytes
PASS: tests/test_blorp/numeric/test_tensor_nested_loop.brp
  blorp: leak check: 0 allocs, 0 releases, 0 leaked, 0 bytes
PASS: tests/test_blorp/concurrency/test_detached_channel_fanout_regression.brp
  blorp: leak check: 0 allocs, 0 releases, 0 leaked, 0 bytes
PASS: tests/test_blorp/concurrency/test_task_result_alias.brp
  blorp: leak check: 0 allocs, 0 releases, 0 leaked, 0 bytes
PASS: tests/test_blorp/sys/test_directory_resource.brp
  blorp: leak check: 0 allocs, 0 releases, 0 leaked, 0 bytes
PASS: tests/test_blorp/sys/test_file_resource.brp
  blorp: leak check: 0 allocs, 0 releases, 0 leaked, 0 bytes

Results: 392 passed, 2 failed (394 tests)
BLORP_GATE_RESULT gate=leak status=FAIL passed=392 failed=2 tests=394
=== Per-Type Leak Report Tests ===

Test 1: deliberate leak is detected... PASS
Test 2: leak report shows type bucket... PASS
Test 3: leak report shows per-type counts... PASS
Test 4: verbose mode shows individual leaked objects... PASS
Test 5: suite leak failure shows type bucket... PASS

Results: 5 passed, 0 failed
BLORP_GATE_RESULT gate=leak status=FAIL passed=397 failed=2 tests=399
