═══ Runtime Tests (.brp) ═══

PASS: tests/test_blorp/collections/test_collection_extras.brp
PASS: tests/test_blorp/collections/test_collection_get.brp
PASS: tests/test_blorp/collections/test_collections.brp
PASS: tests/test_blorp/collections/test_generic_collections.brp
PASS: tests/test_blorp/collections/test_method_syntax.brp
PASS: tests/test_blorp/collections/test_qualified_import.brp
PASS: tests/test_blorp/collections/test_stream_find.brp
PASS: tests/test_blorp/collections/test_trait_bounds.brp
PASS: tests/test_blorp/concurrency/test_block_timeout.brp
PASS: tests/test_blorp/concurrency/test_cancellation.brp
PASS: tests/test_blorp/concurrency/test_channel_duration_timeout.brp
PASS: tests/test_blorp/concurrency/test_channel_properties.brp
PASS: tests/test_blorp/concurrency/test_channel_ready_wake_deadline.brp
PASS: tests/test_blorp/concurrency/test_channel_stolen_slot.brp
PASS: tests/test_blorp/concurrency/test_channel_timeout.brp
PASS: tests/test_blorp/concurrency/test_concurrent_block.brp
PASS: tests/test_blorp/concurrency/test_concurrent_edge_cases.brp
PASS: tests/test_blorp/concurrency/test_concurrent_method.brp
PASS: tests/test_blorp/concurrency/test_detach.brp
PASS: tests/test_blorp/concurrency/test_detach_channel.brp
PASS: tests/test_blorp/concurrency/test_detach_zero_capture.brp
PASS: tests/test_blorp/concurrency/test_detached_channel_fanout_regression.brp
PASS: tests/test_blorp/concurrency/test_duration_timeout_syntax.brp
PASS: tests/test_blorp/concurrency/test_fiber_guard.brp
PASS: tests/test_blorp/concurrency/test_fold_parallel_float.brp
PASS: tests/test_blorp/concurrency/test_list_concurrent.brp
PASS: tests/test_blorp/concurrency/test_map_simple.brp
PASS: tests/test_blorp/concurrency/test_parallel_map_stress.brp
PASS: tests/test_blorp/concurrency/test_parallel_ops.brp
PASS: tests/test_blorp/concurrency/test_parallel_race.brp
PASS: tests/test_blorp/concurrency/test_parallel_stress.brp
PASS: tests/test_blorp/concurrency/test_pipeline_stress.brp
PASS: tests/test_blorp/concurrency/test_scheduler_stats.brp
PASS: tests/test_blorp/concurrency/test_scheduler_yield.brp
PASS: tests/test_blorp/concurrency/test_select.brp
PASS: tests/test_blorp/concurrency/test_task_result_alias.brp
PASS: tests/test_blorp/concurrency/test_virtual_threads.brp
PASS: tests/test_blorp/functions/test_benchmark_helpers.brp
PASS: tests/test_blorp/functions/test_call_resolution_matrix.brp
PASS: tests/test_blorp/functions/test_closure.brp
PASS: tests/test_blorp/functions/test_closure_conversion.brp
PASS: tests/test_blorp/functions/test_closure_dispatch_once.brp
PASS: tests/test_blorp/functions/test_closure_generic_record.brp
PASS: tests/test_blorp/functions/test_closure_in_while_loop.brp
PASS: tests/test_blorp/functions/test_closure_record_capture.brp
PASS: tests/test_blorp/functions/test_closure_types.brp
PASS: tests/test_blorp/functions/test_env_elimination.brp
PASS: tests/test_blorp/functions/test_foreign_direct_import.brp
PASS: tests/test_blorp/functions/test_foreign_import.brp
PASS: tests/test_blorp/functions/test_func_assignment.brp
PASS: tests/test_blorp/functions/test_function_ref_escape.brp
PASS: tests/test_blorp/functions/test_functions_and_closures.brp
PASS: tests/test_blorp/functions/test_generic_closure.brp
PASS: tests/test_blorp/functions/test_generic_functions.brp
PASS: tests/test_blorp/functions/test_generic_module_primitives.brp
PASS: tests/test_blorp/functions/test_generic_option_functions.brp
PASS: tests/test_blorp/functions/test_generic_union_payload_layout.brp
PASS: tests/test_blorp/functions/test_hash_combine.brp
PASS: tests/test_blorp/functions/test_hashable_primitives.brp
PASS: tests/test_blorp/functions/test_hof_overload.brp
PASS: tests/test_blorp/functions/test_imported_builtin_function_ref.brp
PASS: tests/test_blorp/functions/test_imported_main_function.brp
PASS: tests/test_blorp/functions/test_lambda.brp
PASS: tests/test_blorp/functions/test_lambda_module_alias.brp
PASS: tests/test_blorp/functions/test_lambda_mono.brp
PASS: tests/test_blorp/functions/test_lambda_name_reuse.brp
PASS: tests/test_blorp/functions/test_list_extended.brp
PASS: tests/test_blorp/functions/test_list_ops.brp
PASS: tests/test_blorp/functions/test_list_utils.brp
PASS: tests/test_blorp/functions/test_local_shadow_stdlib.brp
PASS: tests/test_blorp/functions/test_map_indexed_gravity.brp
PASS: tests/test_blorp/functions/test_map_indexed_parallel.brp
PASS: tests/test_blorp/functions/test_mono_rename_self.brp
PASS: tests/test_blorp/functions/test_monomorphization.brp
PASS: tests/test_blorp/functions/test_nested_func.brp
PASS: tests/test_blorp/functions/test_overloaded_builtins.brp
PASS: tests/test_blorp/functions/test_parallel_record_capture.brp
PASS: tests/test_blorp/functions/test_parallel_sustained.brp
PASS: tests/test_blorp/functions/test_prelude_param_shadow_codegen.brp
PASS: tests/test_blorp/functions/test_property.brp
PASS: tests/test_blorp/functions/test_ptr_capture.brp
PASS: tests/test_blorp/functions/test_purity_overload.brp
PASS: tests/test_blorp/functions/test_sort.brp
PASS: tests/test_blorp/functions/test_sort_by.brp
PASS: tests/test_blorp/functions/test_static_closures.brp
PASS: tests/test_blorp/functions/test_struct_capture.brp
PASS: tests/test_blorp/functions/test_tailrec_void.brp
PASS: tests/test_blorp/functions/test_trait_default_body.brp
PASS: tests/test_blorp/functions/test_ufcs_module_dispatch.brp
PASS: tests/test_blorp/functions/test_ufcs_type_import.brp
PASS: tests/test_blorp/functions/test_var_desugar_correctness.brp
PASS: tests/test_blorp/functions/test_vector_fold_method.brp
PASS: tests/test_blorp/functions/test_vector_hof.brp
PASS: tests/test_blorp/functions/test_vector_hof_chaining.brp
PASS: tests/test_blorp/functions/test_vector_method_chaining.brp
PASS: tests/test_blorp/memory/test_builtin_borrowed_arg_ownership.brp
PASS: tests/test_blorp/memory/test_discarded_vector_result.brp
PASS: tests/test_blorp/memory/test_for_loop_iterator_ownership.brp
PASS: tests/test_blorp/memory/test_foreign_defensive_copy_ownership.brp
PASS: tests/test_blorp/memory/test_global_managed_constants.brp
PASS: tests/test_blorp/memory/test_memstats_observability.brp
PASS: tests/test_blorp/memory/test_mutable_assignment_memory.brp
PASS: tests/test_blorp/memory/test_mutable_option_payload_return.brp
PASS: tests/test_blorp/memory/test_particle_sim_leak_patterns.brp
PASS: tests/test_blorp/memory/test_record_field_assignment_ownership.brp
PASS: tests/test_blorp/memory/test_tailrec_managed_accumulator.brp
PASS: tests/test_blorp/memory/test_union_transfer_ownership.brp
PASS: tests/test_blorp/memory/test_vector_checked_get_ownership.brp
PASS: tests/test_blorp/numeric/test_abs_float_match.brp
PASS: tests/test_blorp/numeric/test_approx_eq.brp
PASS: tests/test_blorp/numeric/test_array_param.brp
PASS: tests/test_blorp/numeric/test_assert_shape.brp
PASS: tests/test_blorp/numeric/test_checked_get_set.brp
PASS: tests/test_blorp/numeric/test_crypto_random.brp
PASS: tests/test_blorp/numeric/test_dim_param_values.brp
PASS: tests/test_blorp/numeric/test_dsp.brp
PASS: tests/test_blorp/numeric/test_elementwise_shadow.brp
PASS: tests/test_blorp/numeric/test_enumerate.brp
PASS: tests/test_blorp/numeric/test_enumerate2_generic_dims.brp
PASS: tests/test_blorp/numeric/test_enumerate_in_windows.brp
PASS: tests/test_blorp/numeric/test_fft.brp
PASS: tests/test_blorp/numeric/test_fixed.brp
PASS: tests/test_blorp/numeric/test_float16.brp
PASS: tests/test_blorp/numeric/test_float16_vector.brp
PASS: tests/test_blorp/numeric/test_float32.brp
PASS: tests/test_blorp/numeric/test_float32_math.brp
PASS: tests/test_blorp/numeric/test_float32_packed.brp
PASS: tests/test_blorp/numeric/test_float32_subscript_assign.brp
PASS: tests/test_blorp/numeric/test_float32_unwrap_or.brp
PASS: tests/test_blorp/numeric/test_float32_vector.brp
PASS: tests/test_blorp/numeric/test_float_division.brp
PASS: tests/test_blorp/numeric/test_float_modulo.brp
PASS: tests/test_blorp/numeric/test_geo.brp
PASS: tests/test_blorp/numeric/test_geographic.brp
PASS: tests/test_blorp/numeric/test_geometry.brp
PASS: tests/test_blorp/numeric/test_loop_offset.brp
PASS: tests/test_blorp/numeric/test_math.brp
PASS: tests/test_blorp/numeric/test_math_constants.brp
PASS: tests/test_blorp/numeric/test_math_intrinsics.brp
PASS: tests/test_blorp/numeric/test_matrix_builtins_alloc.brp
PASS: tests/test_blorp/numeric/test_matrix_elementwise.brp
PASS: tests/test_blorp/numeric/test_matrix_multiply.brp
PASS: tests/test_blorp/numeric/test_matrix_ops.brp
PASS: tests/test_blorp/numeric/test_matrix_set_cell.brp
PASS: tests/test_blorp/numeric/test_matrix_vector_ops.brp
PASS: tests/test_blorp/numeric/test_modulo_narrowing.brp
PASS: tests/test_blorp/numeric/test_negation.brp
PASS: tests/test_blorp/numeric/test_negative_indexing.brp
PASS: tests/test_blorp/numeric/test_new_vector_ops.brp
PASS: tests/test_blorp/numeric/test_noise.brp
PASS: tests/test_blorp/numeric/test_numeric_type_params.brp
PASS: tests/test_blorp/numeric/test_parallel_matrix.brp
PASS: tests/test_blorp/numeric/test_parallel_vector.brp
PASS: tests/test_blorp/numeric/test_peel_rc_balance.brp
PASS: tests/test_blorp/numeric/test_physics.brp
PASS: tests/test_blorp/numeric/test_postfix_array_types.brp
PASS: tests/test_blorp/numeric/test_raytracing.brp
PASS: tests/test_blorp/numeric/test_rng.brp
PASS: tests/test_blorp/numeric/test_safe_arithmetic.brp
PASS: tests/test_blorp/numeric/test_safe_div.brp
PASS: tests/test_blorp/numeric/test_scalar_tensor_op.brp
PASS: tests/test_blorp/numeric/test_set_all_mono.brp
PASS: tests/test_blorp/numeric/test_signal.brp
PASS: tests/test_blorp/numeric/test_sized_float.brp
PASS: tests/test_blorp/numeric/test_stats.brp
PASS: tests/test_blorp/numeric/test_tensor_2d.brp
PASS: tests/test_blorp/numeric/test_tensor_basic.brp
PASS: tests/test_blorp/numeric/test_tensor_broadcast.brp
PASS: tests/test_blorp/numeric/test_tensor_chained.brp
PASS: tests/test_blorp/numeric/test_tensor_closure.brp
PASS: tests/test_blorp/numeric/test_tensor_indices_loop_view.brp
PASS: tests/test_blorp/numeric/test_tensor_loop_view_shadow.brp
PASS: tests/test_blorp/numeric/test_tensor_multi_index.brp
PASS: tests/test_blorp/numeric/test_tensor_nested_loop.brp
PASS: tests/test_blorp/numeric/test_tensor_ops.brp
PASS: tests/test_blorp/numeric/test_tensor_raw_view_cow.brp
PASS: tests/test_blorp/numeric/test_tensor_update_fusion_semantics.brp
PASS: tests/test_blorp/numeric/test_to_float_compound.brp
PASS: tests/test_blorp/numeric/test_unified_numeric.brp
PASS: tests/test_blorp/numeric/test_variadic_dims.brp
PASS: tests/test_blorp/numeric/test_vector_builtins_alloc.brp
PASS: tests/test_blorp/numeric/test_vector_chained_arithmetic.brp
PASS: tests/test_blorp/numeric/test_vector_cow.brp
PASS: tests/test_blorp/numeric/test_vector_equality.brp
PASS: tests/test_blorp/numeric/test_vector_float_hof.brp
PASS: tests/test_blorp/numeric/test_vector_float_minmax.brp
PASS: tests/test_blorp/numeric/test_vector_float_subscript_string.brp
PASS: tests/test_blorp/numeric/test_vector_negate.brp
PASS: tests/test_blorp/numeric/test_vector_ops.brp
PASS: tests/test_blorp/numeric/test_vector_option_unwrap.brp
PASS: tests/test_blorp/numeric/test_vector_reduction_regressions.brp
PASS: tests/test_blorp/numeric/test_vector_reductions.brp
PASS: tests/test_blorp/numeric/test_vector_scalar_simd.brp
PASS: tests/test_blorp/numeric/test_vector_to_string.brp
PASS: tests/test_blorp/numeric/test_vector_utils.brp
PASS: tests/test_blorp/numeric/test_vectors_and_math.brp
PASS: tests/test_blorp/numeric/test_windows.brp
PASS: tests/test_blorp/numeric/test_windows_edge_cases.brp
PASS: tests/test_blorp/simd/test_simd_backward_compat.brp
PASS: tests/test_blorp/simd/test_simd_comprehensive.brp
PASS: tests/test_blorp/simd/test_simd_demo.brp
PASS: tests/test_blorp/simd/test_simd_ops.brp
PASS: tests/test_blorp/simd/test_simd_runtime.brp
PASS: tests/test_blorp/simd/test_simd_simple.brp
PASS: tests/test_blorp/simd/test_simd_tier1.brp
PASS: tests/test_blorp/simd/test_simd_tier2.brp
PASS: tests/test_blorp/simd/test_simd_tier2_simple.brp
PASS: tests/test_blorp/sys/test_debug.brp
PASS: tests/test_blorp/sys/test_debug_utils.brp
PASS: tests/test_blorp/sys/test_dir_simple.brp
PASS: tests/test_blorp/sys/test_directory_functions.brp
PASS: tests/test_blorp/sys/test_directory_resource.brp
PASS: tests/test_blorp/sys/test_dns.brp
PASS: tests/test_blorp/sys/test_env.brp
PASS: tests/test_blorp/sys/test_ffi_bytes_copy.brp
PASS: tests/test_blorp/sys/test_ffi_local_header.brp
PASS: tests/test_blorp/sys/test_file_io.brp
PASS: tests/test_blorp/sys/test_file_metadata.brp
PASS: tests/test_blorp/sys/test_file_resource.brp
PASS: tests/test_blorp/sys/test_for_each_line.brp
PASS: tests/test_blorp/sys/test_getcwd_leak.brp
PASS: tests/test_blorp/sys/test_http_resource_server.brp
PASS: tests/test_blorp/sys/test_io.brp
PASS: tests/test_blorp/sys/test_io_errors.brp
PASS: tests/test_blorp/sys/test_log.brp
PASS: tests/test_blorp/sys/test_memory_utils.brp
PASS: tests/test_blorp/sys/test_mime.brp
PASS: tests/test_blorp/sys/test_path.brp
PASS: tests/test_blorp/sys/test_pkg_network_helpers.brp
PASS: tests/test_blorp/sys/test_process.brp
PASS: tests/test_blorp/sys/test_random.brp
PASS: tests/test_blorp/sys/test_read_file_safety.brp
PASS: tests/test_blorp/sys/test_read_lines.brp
PASS: tests/test_blorp/sys/test_runtime_safety.brp
PASS: tests/test_blorp/sys/test_signal.brp
PASS: tests/test_blorp/sys/test_streaming_io.brp
PASS: tests/test_blorp/sys/test_system_fs.brp
PASS: tests/test_blorp/sys/test_system_interface.brp
PASS: tests/test_blorp/sys/test_tcp.brp
PASS: tests/test_blorp/sys/test_tcp_detach.brp
PASS: tests/test_blorp/sys/test_tcp_typed_io.brp
PASS: tests/test_blorp/sys/test_tcp_virtual_threads.brp
PASS: tests/test_blorp/sys/test_time.brp
PASS: tests/test_blorp/sys/test_time_calendar_validation.brp
PASS: tests/test_blorp/sys/test_time_extensions.brp
PASS: tests/test_blorp/sys/test_time_iso_strictness.brp
PASS: tests/test_blorp/sys/test_time_posix_edges.brp
PASS: tests/test_blorp/sys/test_tls.brp
PASS: tests/test_blorp/sys/test_udp.brp
PASS: tests/test_blorp/sys/test_url.brp
PASS: tests/test_blorp/sys/test_websocket_resource.brp
PASS: tests/test_blorp/text/test_bytes.brp
PASS: tests/test_blorp/text/test_bytes_ir.brp
PASS: tests/test_blorp/text/test_codec.brp
PASS: tests/test_blorp/text/test_codec_bridges.brp
PASS: tests/test_blorp/text/test_csv.brp
PASS: tests/test_blorp/text/test_format_float.brp
PASS: tests/test_blorp/text/test_from_char_unicode.brp
PASS: tests/test_blorp/text/test_geojson.brp
PASS: tests/test_blorp/text/test_html.brp
PASS: tests/test_blorp/text/test_http_request.brp
PASS: tests/test_blorp/text/test_http_response.brp
PASS: tests/test_blorp/text/test_json_parser.brp
PASS: tests/test_blorp/text/test_module_string_interp.brp
PASS: tests/test_blorp/text/test_multiline_string.brp
PASS: tests/test_blorp/text/test_parse_numbers.brp
PASS: tests/test_blorp/text/test_parser_combinators.brp
PASS: tests/test_blorp/text/test_raw_string.brp
PASS: tests/test_blorp/text/test_regex.brp
PASS: tests/test_blorp/text/test_slice.brp
PASS: tests/test_blorp/text/test_slice_ir.brp
PASS: tests/test_blorp/text/test_string_api.brp
PASS: tests/test_blorp/text/test_string_builtins_alloc.brp
PASS: tests/test_blorp/text/test_string_capacity.brp
PASS: tests/test_blorp/text/test_string_capacity_apis.brp
PASS: tests/test_blorp/text/test_string_case.brp
PASS: tests/test_blorp/text/test_string_chars.brp
PASS: tests/test_blorp/text/test_string_compare.brp
PASS: tests/test_blorp/text/test_string_concat_chain.brp
PASS: tests/test_blorp/text/test_string_cow_alias.brp
PASS: tests/test_blorp/text/test_string_for_in.brp
PASS: tests/test_blorp/text/test_string_interp.brp
PASS: tests/test_blorp/text/test_string_ir.brp
PASS: tests/test_blorp/text/test_string_new_funcs.brp
PASS: tests/test_blorp/text/test_string_ops.brp
PASS: tests/test_blorp/text/test_string_perf.brp
PASS: tests/test_blorp/text/test_string_producer_consumers.brp
PASS: tests/test_blorp/text/test_string_repeat.brp
PASS: tests/test_blorp/text/test_string_stress.brp
PASS: tests/test_blorp/text/test_string_unicode_escape.brp
PASS: tests/test_blorp/text/test_string_utils.brp
PASS: tests/test_blorp/text/test_strings_and_text.brp
PASS: tests/test_blorp/text/test_stringslice.brp
PASS: tests/test_blorp/text/test_terminal.brp
PASS: tests/test_blorp/text/test_toml.brp
PASS: tests/test_blorp/text/test_unicode.brp
PASS: tests/test_blorp/text/test_url_html.brp
PASS: tests/test_blorp/text/test_utf8_packed_list.brp
PASS: tests/test_blorp/text/test_xml.brp
PASS: tests/test_blorp/text/test_yaml.brp
PASS: tests/test_blorp/tools/test_compile_time.brp
PASS: tests/test_blorp/tools/test_compile_time_equivalence.brp
PASS: tests/test_blorp/tools/test_compile_time_imports.brp
PASS: tests/test_blorp/tools/test_compile_time_tensor.brp
PASS: tests/test_blorp/tools/test_declaration_documents.brp
PASS: tests/test_blorp/tools/test_document_layout.brp
PASS: tests/test_blorp/tools/test_expression_documents.brp
PASS: tests/test_blorp/tools/test_formatter_cli.brp
PASS: tests/test_blorp/tools/test_type_documents.brp
PASS: tests/test_blorp/tools/test_unused_blorp_code.brp
PASS: tests/test_blorp/types/test_accessor.brp
PASS: tests/test_blorp/types/test_all_conversions.brp
PASS: tests/test_blorp/types/test_alloc_safety.brp
PASS: tests/test_blorp/types/test_bare_import.brp
PASS: tests/test_blorp/types/test_bitwise.brp
PASS: tests/test_blorp/types/test_bitwise_ir.brp
PASS: tests/test_blorp/types/test_bool.brp
PASS: tests/test_blorp/types/test_bool_helpers.brp
PASS: tests/test_blorp/types/test_bounded_generic_trait_codegen.brp
PASS: tests/test_blorp/types/test_break_continue.brp
PASS: tests/test_blorp/types/test_char.brp
PASS: tests/test_blorp/types/test_char_traits.brp
PASS: tests/test_blorp/types/test_compound_assign.brp
PASS: tests/test_blorp/types/test_compound_assign_ops.brp
PASS: tests/test_blorp/types/test_const.brp
PASS: tests/test_blorp/types/test_cross_module_implicit_generic.brp
PASS: tests/test_blorp/types/test_cross_param_2d.brp
PASS: tests/test_blorp/types/test_elif.brp
PASS: tests/test_blorp/types/test_enum.brp
PASS: tests/test_blorp/types/test_enum_constructor_collision.brp
PASS: tests/test_blorp/types/test_enumerate2.brp
PASS: tests/test_blorp/types/test_expression_ascription.brp
PASS: tests/test_blorp/types/test_ffi.brp
PASS: tests/test_blorp/types/test_for_in_expr_branch.brp
PASS: tests/test_blorp/types/test_format_float.brp
PASS: tests/test_blorp/types/test_generic_std_functions.brp
PASS: tests/test_blorp/types/test_if_expr.brp
PASS: tests/test_blorp/types/test_inference_zonking.brp
PASS: tests/test_blorp/types/test_int_traits.brp
PASS: tests/test_blorp/types/test_list_pattern_match_codegen.brp
PASS: tests/test_blorp/types/test_literal_constructor_patterns.brp
PASS: tests/test_blorp/types/test_match_ctor_list_catchall.brp
PASS: tests/test_blorp/types/test_match_extract.brp
PASS: tests/test_blorp/types/test_match_function_return.brp
PASS: tests/test_blorp/types/test_matrix_access.brp
PASS: tests/test_blorp/types/test_minmax_float.brp
PASS: tests/test_blorp/types/test_module_qualified_const.brp
PASS: tests/test_blorp/types/test_module_type_namespace.brp
PASS: tests/test_blorp/types/test_nary_tuples.brp
PASS: tests/test_blorp/types/test_nested_constructor_patterns.brp
PASS: tests/test_blorp/types/test_nested_match.brp
PASS: tests/test_blorp/types/test_nested_patterns.brp
PASS: tests/test_blorp/types/test_numeric_traits.brp
PASS: tests/test_blorp/types/test_opaque_type.brp
PASS: tests/test_blorp/types/test_operator_overload.brp
PASS: tests/test_blorp/types/test_option_auto_import.brp
PASS: tests/test_blorp/types/test_option_eq.brp
PASS: tests/test_blorp/types/test_option_from_module.brp
PASS: tests/test_blorp/types/test_option_fusion.brp
PASS: tests/test_blorp/types/test_option_result.brp
PASS: tests/test_blorp/types/test_option_struct.brp
PASS: tests/test_blorp/types/test_option_void.brp
PASS: tests/test_blorp/types/test_or_patterns.brp
PASS: tests/test_blorp/types/test_packed_enum_tensor.brp
PASS: tests/test_blorp/types/test_parser_nested_record_span_closure_list.brp
PASS: tests/test_blorp/types/test_parser_struct_span_closure_return.brp
PASS: tests/test_blorp/types/test_pattern_primitives.brp
PASS: tests/test_blorp/types/test_patterns_and_types.brp
PASS: tests/test_blorp/types/test_peel_in_generic_body.brp
PASS: tests/test_blorp/types/test_peel_subscript.brp
PASS: tests/test_blorp/types/test_primitives_and_control.brp
PASS: tests/test_blorp/types/test_question_bind.brp
PASS: tests/test_blorp/types/test_question_bind_field_access.brp
PASS: tests/test_blorp/types/test_range.brp
PASS: tests/test_blorp/types/test_record_cow.brp
PASS: tests/test_blorp/types/test_record_update.brp
PASS: tests/test_blorp/types/test_record_update_ambiguity.brp
PASS: tests/test_blorp/types/test_result.brp
PASS: tests/test_blorp/types/test_singleton_nullary.brp
PASS: tests/test_blorp/types/test_sized_int.brp
PASS: tests/test_blorp/types/test_stack_option.brp
PASS: tests/test_blorp/types/test_stack_result.brp
PASS: tests/test_blorp/types/test_static_trait_methods.brp
PASS: tests/test_blorp/types/test_struct.brp
PASS: tests/test_blorp/types/test_struct_containers.brp
PASS: tests/test_blorp/types/test_struct_subscript_assign.brp
PASS: tests/test_blorp/types/test_struct_value_no_retain.brp
PASS: tests/test_blorp/types/test_struct_vector.brp
PASS: tests/test_blorp/types/test_struct_vector_memory.brp
PASS: tests/test_blorp/types/test_struct_windows.brp
PASS: tests/test_blorp/types/test_subscript.brp
PASS: tests/test_blorp/types/test_tensor_peel.brp
PASS: tests/test_blorp/types/test_tensor_to_string.brp
PASS: tests/test_blorp/types/test_tensor_types.brp
PASS: tests/test_blorp/types/test_time_instant_duration.brp
PASS: tests/test_blorp/types/test_trait_default_method.brp
PASS: tests/test_blorp/types/test_trait_defaults.brp
PASS: tests/test_blorp/types/test_trait_dispatch.brp
PASS: tests/test_blorp/types/test_trait_dispatch_generic.brp
PASS: tests/test_blorp/types/test_trait_shadow_dispatch.brp
PASS: tests/test_blorp/types/test_tuple_destruct.brp
PASS: tests/test_blorp/types/test_tuple_destruct_types.brp
PASS: tests/test_blorp/types/test_tuple_match.brp
PASS: tests/test_blorp/types/test_tuple_pattern_codegen.brp
PASS: tests/test_blorp/types/test_tuple_to_string.brp
PASS: tests/test_blorp/types/test_tuple_vector_access.brp
PASS: tests/test_blorp/types/test_tuples_and_records.brp
PASS: tests/test_blorp/types/test_type_name.brp
PASS: tests/test_blorp/types/test_type_name_generic.brp
PASS: tests/test_blorp/types/test_union_list_result_cleanup.brp
PASS: tests/test_blorp/types/test_units.brp
PASS: tests/test_blorp/types/test_unwrap_or_fusion.brp
PASS: tests/test_blorp/types/test_validation_v2.brp
PASS: tests/test_blorp/types/test_variant_alloc.brp
PASS: tests/test_blorp/types/test_vec2_operators.brp
PASS: tests/test_blorp/types/test_zip.brp
PASS: tests/test_std/cache/test_cache.brp
PASS: tests/test_std/deque/test_deque.brp
PASS: tests/test_std/dict/test_dict.brp
PASS: tests/test_std/dict/test_dict_cow_alias.brp
PASS: tests/test_std/dict/test_dict_empty_literal.brp
PASS: tests/test_std/dict/test_dict_entries_fast_path.brp
PASS: tests/test_std/dict/test_dict_equality.brp
PASS: tests/test_std/dict/test_dict_fast_paths.brp
PASS: tests/test_std/dict/test_dict_fold.brp
PASS: tests/test_std/dict/test_dict_generic_keys.brp
PASS: tests/test_std/dict/test_dict_get_selective.brp
PASS: tests/test_std/dict/test_dict_increment.brp
PASS: tests/test_std/dict/test_dict_ir.brp
PASS: tests/test_std/dict/test_dict_iter.brp
PASS: tests/test_std/dict/test_dict_kv_iter.brp
PASS: tests/test_std/dict/test_dict_literal.brp
PASS: tests/test_std/dict/test_dict_return_local_after_entries.brp
PASS: tests/test_std/dict/test_dict_user_key.brp
PASS: tests/test_std/dict/test_enum_keys.brp
PASS: tests/test_std/dict/test_hash_resize.brp
PASS: tests/test_std/heap/test_heap.brp
PASS: tests/test_std/heap/test_heap_cow.brp
PASS: tests/test_std/io/test_print_puts.brp
PASS: tests/test_std/list/test_fold_right.brp
PASS: tests/test_std/list/test_for_in.brp
PASS: tests/test_std/list/test_list_cleanup_ir.brp
PASS: tests/test_std/list/test_list_constructor.brp
PASS: tests/test_std/list/test_list_cow.brp
PASS: tests/test_std/list/test_list_cow_alias.brp
PASS: tests/test_std/list/test_list_equality.brp
PASS: tests/test_std/list/test_list_filter_ir.brp
PASS: tests/test_std/list/test_list_filter_map_ir.brp
PASS: tests/test_std/list/test_list_flat_map_hof_ir.brp
PASS: tests/test_std/list/test_list_fold_hof_ir.brp
PASS: tests/test_std/list/test_list_fundamentals.brp
PASS: tests/test_std/list/test_list_get_or_set_ir.brp
PASS: tests/test_std/list/test_list_ir.brp
PASS: tests/test_std/list/test_list_map_ir.brp
PASS: tests/test_std/list/test_list_of_vectors.brp
PASS: tests/test_std/list/test_list_output_hof_ir.brp
PASS: tests/test_std/list/test_list_partition_hof_ir.brp
PASS: tests/test_std/list/test_list_pattern.brp
PASS: tests/test_std/list/test_list_pattern_literals.brp
PASS: tests/test_std/list/test_list_pipeline_fusion.brp
PASS: tests/test_std/list/test_list_predicate_hof_ir.brp
PASS: tests/test_std/list/test_list_qualified_hof_ir.brp
PASS: tests/test_std/list/test_list_reductions.brp
PASS: tests/test_std/list/test_list_reverse_concat_bulk.brp
PASS: tests/test_std/list/test_list_scan_hof_ir.brp
PASS: tests/test_std/list/test_list_selection_hof_ir.brp
PASS: tests/test_std/list/test_list_sort_by_hof_ir.brp
PASS: tests/test_std/list/test_list_sort_ir.brp
PASS: tests/test_std/list/test_list_to_string.brp
PASS: tests/test_std/list/test_list_while_hof_ir.brp
PASS: tests/test_std/list/test_list_windows.brp
PASS: tests/test_std/list/test_sort_tuples.brp
PASS: tests/test_std/list/test_struct_list_memory.brp
PASS: tests/test_std/list/test_tailrec_list_pattern.brp
PASS: tests/test_std/set/test_set.brp
PASS: tests/test_std/set/test_set_equality.brp
PASS: tests/test_std/set/test_set_ir.brp
PASS: tests/test_std/set/test_set_iteration.brp
PASS: tests/test_std/set/test_set_user_key.brp
PASS: tests/test_std/sorted_map/test_sorted_map.brp
PASS: tests/test_std/stream/test_stream.brp
PASS: tests/test_std/test_argparse.brp
PASS: tests/test_std/test_argparse_minimal.brp
PASS: tests/test_std/test_argparse_single.brp
PASS: tests/test_std/test_hash.brp
PASS: tests/test_std/test_instrumentation.brp
PASS: tests/test_std/test_uuid.brp

Results: 4958 passed, 0 failed (4958 tests)
BLORP_GATE_RESULT gate=runtime status=PASS passed=4958 failed=0 tests=4958
