wrote /private/tmp/blorp-dict-get-reader-resource/comparison/resource-baseline-small.json
{
  "schema": 2,
  "label": "dict-get-baseline-small",
  "timestamp": "2026-10-08T02:38:24+00:00",
  "host": "MacBook-Air-4.local",
  "machine": "arm64",
  "compiler_path": "/private/tmp/blorp-dict-get-reader-resource/baseline/blorp-stage2",
  "compiler_sha256": "c528f18fb491099061ca398436c4b0720a7583723ccdbc19067cab03670249e0",
  "diagnostic_compiler_path": "/private/tmp/blorp-dict-get-reader-resource/baseline/blorp-stage2-diagnostic",
  "diagnostic_compiler_sha256": "3ad79116cf014e21a780c116fa68ff34a8d380d583a0f20d59bfd7416ce5186b",
  "compiler_rev": "unknown",
  "compiler_dirty": null,
  "compiler_build_status": "unknown (compiler not inside a repo checkout)",
  "toolchain": {
    "cc_version": "Apple clang version 21.0.0 (clang-2100.3.34.2)",
    "compiler_version": [
      "blorp 0.0.1",
      "commit: 2ee201fb5cb7-dirty",
      "target: aarch64-apple-darwin",
      "channel: local",
      "dirty: true",
      "compiled_by: self-2ee201fb5cb7",
      "optimization: cli=-O2 runtime=-O2",
      "split: 8",
      "cc: Apple clang version 21.0.0 (clang-2100.3.34.2)",
      "memory_diagnostics: 0",
      "",
      ""
    ],
    "compiled_by": "self-2ee201fb5cb7",
    "optimization": "cli=-O2 runtime=-O2",
    "commit": "2ee201fb5cb7-dirty",
    "target": "aarch64-apple-darwin",
    "split": "8",
    "cc": "Apple clang version 21.0.0 (clang-2100.3.34.2)",
    "memory_diagnostics": "0"
  },
  "diagnostic_toolchain": {
    "cc_version": "Apple clang version 21.0.0 (clang-2100.3.34.2)",
    "compiler_version": [
      "blorp 0.0.1",
      "commit: 2ee201fb5cb7-dirty",
      "target: aarch64-apple-darwin",
      "channel: local",
      "dirty: true",
      "compiled_by: self-2ee201fb5cb7",
      "optimization: cli=-O2 runtime=-O2",
      "split: 8",
      "cc: Apple clang version 21.0.0 (clang-2100.3.34.2)",
      "memory_diagnostics: 1",
      "",
      ""
    ],
    "compiled_by": "self-2ee201fb5cb7",
    "optimization": "cli=-O2 runtime=-O2",
    "commit": "2ee201fb5cb7-dirty",
    "target": "aarch64-apple-darwin",
    "split": "8",
    "cc": "Apple clang version 21.0.0 (clang-2100.3.34.2)",
    "memory_diagnostics": "1"
  },
  "compiler_stage": 1,
  "stage2_built_by_bin_blorp_sha256": null,
  "c_optimization": "-O2",
  "input_rev": "2ee201fb5cb74e8a7b4f3d068a143d8d71dd2bad",
  "input_dir": "$TMPDIR_CANONICAL/blorp-perf-input/2ee201fb5cb74e8a7b4f3d068a143d8d71dd2bad",
  "program": "small",
  "samples": 3,
  "output_sha256": "8316ceeb6e78c5e7d6431c33d1a22b0b9ff9bb59b2ecd603fbc38b8a5b618abb",
  "output_bytes": 40512,
  "total_allocations": 1689044,
  "instructions_retired": {
    "min": 1598242714,
    "median": 1610811785,
    "samples": [
      1628757591,
      1598242714,
      1610811785
    ]
  },
  "wall_seconds": {
    "min": 0.1,
    "median": 0.11,
    "samples": [
      0.11,
      0.1,
      0.14
    ]
  },
  "peak_rss_bytes": 37699584,
  "phases_ms": {
    "source_discovery": 23.395,
    "typed_frontend": 51.563,
    "core_lowering": 11.913,
    "early_core": 11.329,
    "runtime_projection": 1.548,
    "late_core": 4.874,
    "backend_emission": 0.871,
    "artifact_construction": 0.006,
    "phase_total": 108.586,
    "outer_total": 109.699
  }
}
  source_discovery_start               allocs +         650
  source_discovery_complete            allocs +     403,342
  typed_frontend_start                 allocs +           5
  typed_frontend_complete              allocs +     767,943
  core_lowering_input_ready            allocs +           8
  core_lowering_complete               allocs +     198,760
  pass_lower_complete                  allocs +          64
  pass_debug_complete                  allocs +       3,549
  pass_prune_early_complete            allocs +      15,639
  pass_desugar_complete                allocs +       8,434
  pass_mono_complete                   allocs +      38,963
  pass_synth_complete                  allocs +       6,944
  pass_match_complete                  allocs +      24,297
  pass_trait_resolve_complete          allocs +      46,934
  pass_prune_after_trait_resolve_complete allocs +      16,735
  pass_resolve_complete                allocs +      15,434
  pass_std_inline_complete             allocs +          14
  pass_tailrec_complete                allocs +       6,734
  pass_fuse_string_complete            allocs +      10,136
  pass_fuse_collection_complete        allocs +       9,965
  pass_fuse_parallel_tensor_complete   allocs +       6,182
  pass_fuse_tensor_update_complete     allocs +       1,674
  early_core_complete                  allocs +           7
  pass_tuple_flatten_complete          allocs +      29,853
  runtime_projection_complete          allocs +       3,924
  pass_adapt_function_refs_complete    allocs +       6,587
  pass_tensor_specialize_specialize_fused_complete allocs +       5,432
  pass_hash_key_callbacks_complete     allocs +         162
  pass_resolve_backend_match_fused_complete allocs +      13,989
  pass_dce_complete                    allocs +       3,022
  pass_consume_specialize_complete     allocs +          96
  pass_static_string_literals_complete allocs +       1,090
  pass_record_update_ownership_complete allocs +       1,084
  pass_record_literal_order_complete   allocs +         811
  pass_dict_literal_ownership_complete allocs +         190
  pass_ownership_perceus_fused_complete allocs +      20,268
  pass_reuse_complete                  allocs +         200
  pass_closure_complete                allocs +       1,507
  pass_resource_management_complete    allocs +         164
  pass_fairness_complete               allocs +         219
  pass_prepare_complete                allocs +         291
  pass_prepared_reuse_complete         allocs +         326
  cleanup_plan_complete                allocs +         767
  cancellation_plan_complete           allocs +       6,836
  late_core_complete                   allocs +           5
  backend_emission_complete            allocs +       9,796
  artifact_construction_complete       allocs +          12
