
>> Legacy discovery adapter Tests
  [PASS] opaque globals complete and preserve written name order
  [PASS] float globals preserve checked full ast
  [PASS] mixed float globals preserve names
  [PASS] float global normalized digits rejected
  [PASS] integer globals preserve authored full ast
  [PASS] mixed atomic globals preserve names
  [PASS] integer global normalized digits rejected
  [PASS] name initialized globals completed syntax
  [PASS] name globals repeated and cross module names
  [PASS] unsupported name globals preserve names
  [PASS] builtin globals reuse names without marker names
  [PASS] leading dot globals reuse existing names
  [PASS] name globals preserve earlier deferred owner
  [PASS] completed name global changed value
  [PASS] trait structural header projection
  [PASS] implementation structural header projection
  [PASS] trait and implementation header names
  [PASS] trait and implementation changed evidence
  [PASS] prefix comparison completed kind coverage
  [PASS] prefix comparison changed completed field and order
  [PASS] prefix comparison module documentation
  [PASS] prefix comparison function boundaries
  [PASS] function header projection rich authored and forward forms
  [PASS] function header comparison independent structural mutations
  [PASS] function header stop shared names across modules
  [PASS] prefix comparison private trait and implementation spans
  [PASS] prefix comparison incorrect deferred kind and spans
  [PASS] prefix comparison eof and missing boundaries
  [PASS] prefix comparison global forms
  [PASS] global header projection forms and rich types
  [PASS] global header comparison independent structural mutations
  [PASS] global header stop exact names across modules
  [PASS] function stop excludes later global header names
  [PASS] prefix comparison global declaration anchor
  [PASS] prefix comparison changed global header
  [PASS] global projection rejects invalid initializer cursors
  [PASS] global initializer entry preserves layout and grouping
  [PASS] prefix comparison changed global initializer entry
  [PASS] prefix comparison rejected old parser
  [PASS] prefix comparison rejected stops
  [PASS] projection completed leaf order
  [PASS] projection import and foreign blocks
  [PASS] projection normalizes spaced import paths
  [PASS] projection documentation and visibility
  [PASS] projection shared names across modules
  [PASS] projection preseeded ids
  [PASS] projection deferred declaration stops
  [PASS] projection scan hard stops
  [PASS] projection no progress stop
  [PASS] projection invariant fail closed
  [PASS] union preview preserves rich parameters and all variant forms
  [PASS] union preview preserves shared payload type forms
  [PASS] fixed union preview preserves ordinary payload rules and source form
  [PASS] fixed union projection preserves private documentation and payloads
  [PASS] union and enum previews preserve eof blocks blank lines and newlines
  [PASS] union preview preserves wildcard parameter trivia json
  [PASS] union preview populates parameter bound variant and payload spellings
  [PASS] enum preview populates case spellings and has no parameters or payload fields
  [PASS] builtin type preview preserves three forms and rich generics
  [PASS] builtin type preview preserves absent empty parameters and terminal newlines
  [PASS] builtin type preview preserves all cleanup string forms and decoded contents
  [PASS] builtin type preview preserves wildcard parameter trivia JSON
  [PASS] builtin type preview populates generic identifier spellings and resource metadata
  [PASS] alias preview preserves both forms generics bounds and dimensions
  [PASS] alias preview preserves absent empty parameters and terminal newlines
  [PASS] alias preview preserves target forms and dimension authored bytes
  [PASS] alias preview populates parameter bound and target identifier spellings
  [PASS] alias preview preserves wildcard parameter trivia JSON
  [PASS] record preview preserves wildcard parameter trivia JSON
  [PASS] record preview preserves wildcard parameter spelling and span
  [PASS] record preview preserves generics, bounds and dimensions
  [PASS] record preview preserves empty parameter and field lists
  [PASS] record preview preserves shared field type forms
  [PASS] record preview populates generic identifier spellings
  [PASS] record preview rejects malformed parameters and fields
  [PASS] record preview marks outside declaration boundary unsupported
  [PASS] generic functions and bounds match
  [PASS] qualified bounds and supertraits match
  [PASS] dimensions, ranges and constraints match
  [PASS] function and tuple types match
  [PASS] impls and traits with methods match
  [PASS] unions, enums and variant payloads match
  [PASS] ordinary and fixed records match
  [PASS] record forms preview preserves fields, spans and source form
  [PASS] record forms preview preserves empty fields and trailing comma
  [PASS] record forms preview preserves nested and qualified types
  [PASS] record forms preview preserves tuple and function types
  [PASS] record forms preview preserves array, range and dimension types
  [PASS] record forms preview preserves literal digits after hash whitespace
  [PASS] record forms preview preserves literal digits after hash comment
  [PASS] record forms preview preserves variadic wildcard identifier spans
  [PASS] record forms preview populates authored identifier spellings
  [PASS] record forms preview rejects lexical and parser errors with diagnostics
  [PASS] both record forms preview marks outside declaration boundary unsupported
  [PASS] foreign blocks match
  [PASS] private declarations match
  [PASS] docstrings and the module docstring match
  [PASS] imports with aliases, selections and variants match
  [PASS] aliases, builtin and resource types and globals match
  [PASS] annotated functions match
  [PASS] parameter binders match
  [PASS] spans after non-ASCII text match
  [PASS] operators, calls and literals match
  [PASS] a parenthesized name keeps its own span
  [PASS] strings and interpolation match
  [PASS] brace forms match
  [PASS] leading dot chains after lambdas match
  [PASS] anchored if and match values and comments between branches match
  [PASS] loops and match cases match
  [PASS] every pattern kind matches
  [PASS] bindings, assignments, conversions, builtins and globals match
  [PASS] lambdas and local functions match
  [PASS] concurrency, select, with and debug forms match
  [PASS] bodies of documented traits, impls and private members match
  [PASS] escapes and braces around holes match
  [PASS] interpolation three levels deep is interpolated at every level
  [PASS] a deeply nested body is rebuilt without recursion
  [PASS] a concurrently loop without a limit is a malformed node
  [PASS] the comparison reports a changed field
  [PASS] modules are named as the existing front end names them
  [PASS] a native package module is named by its request
  [PASS] a table the parser left incomplete is an error, not a default
  [PASS] the graph has the modules, roots and edges of the sources
  [PASS] graph identifiers are spelled by the stage's name table
  [PASS] the stage's seed names equal the existing vocabulary

All 125 tests passed

>> Discovery fuzzer regression cases Tests
  [PASS] a function with an arithmetic body
  [PASS] a block lambda closed by its call
  [PASS] an import with a symbol list
  [PASS] an indented declaration after a function is rejected
  [PASS] an unclosed parenthesis in a body is not accepted
  [PASS] a block lambda body not indented past its call is not accepted
  [PASS] a match opened inside a record field at the wrong indentation is not accepted
  [PASS] a match opened in an inline lambda at the wrong indentation is not accepted
  [PASS] KNOWN DEFECT (delete its known_defect when fixed): an import line ending in a colon projects an empty symbol list
  [PASS] KNOWN DEFECT (delete its known_defect when fixed): an import constructor list needs commas
  [PASS] KNOWN DEFECT (delete its known_defect when fixed): a trailing ?= binding in a block nested in a value if is not accepted
  [PASS] a comment-only function body agrees or safely stops

All 12 tests passed

>> Syntax nesting limit, legacy projection Tests
  [PASS] concurrently for projects at the limit
  [PASS] builtin markers project at the nesting limit
  [PASS] opaque conversions project at the combined limit
  [PASS] lists project at the limit
  [PASS] tuples project at the limit
  [PASS] groupings project at the limit
  [PASS] vectors project at the limit
  [PASS] call arguments project at the limit
  [PASS] subscripts project at the limit
  [PASS] record literals project at the limit
  [PASS] record updates project at the limit
  [PASS] dict literals project at the limit
  [PASS] expression-bodied lambdas project at the limit
  [PASS] not chains project at the limit
  [PASS] negation chains project at the limit
  [PASS] detach chains project at the limit
  [PASS] interpolation holes project
  [PASS] value ifs project at the limit
  [PASS] with blocks project at the limit
  [PASS] concurrent blocks project at the limit
  [PASS] debug blocks project at the limit
  [PASS] selects project at the limit
  [PASS] operand ifs project at the limit
  [PASS] block lambdas project at the limit
  [PASS] tuple types project at the limit
  [PASS] grouped types project at the limit
  [PASS] function types project at the limit
  [PASS] type arguments project at the limit
  [PASS] parenthesized dimensions project at the limit
  [PASS] dimension sums project at the limit
  [PASS] dimension products project at the limit
  [PASS] array suffixes project at the limit
  [PASS] constructor patterns project at the limit
  [PASS] tuple patterns project at the limit
  [PASS] list patterns project at the limit
  [PASS] if statement blocks project at the limit
  [PASS] while blocks project at the limit
  [PASS] for blocks project at the limit
  [PASS] local function bodies project at the limit
  [PASS] match blocks project at the limit
  [PASS] else blocks project at the limit
  [PASS] holes around brackets project at the limit
  [PASS] left spines project

All 43 tests passed

>> Tree statement and block legacy projection Tests
  [PASS] next line values match frozen layout and anchors
  [PASS] next line control values continue operators
  [PASS] 100 nested concurrently for loops project every body
  [PASS] concurrently for names follow authored order
  [PASS] concurrently for matches the frozen parser
  [PASS] soft select binder names follow authored order
  [PASS] soft keyword binding heads match old parser
  [PASS] builtin values match frozen body contexts
  [PASS] opaque conversion values keep their own block anchor
  [PASS] flat tuple destructuring matches the old parser
  [PASS] body completion keeps written spellings and following owner
  [PASS] expression bodies match the old parser
  [PASS] leading dot chains match the old parser with siblings
  [PASS] 256 continued postfix links project by a loop
  [PASS] block statements match the old parser
  [PASS] declaration metadata matches the old parser
  [PASS] control flow matches the old parser
  [PASS] question bindings and tuple loops match the old parser
  [PASS] completed block lambda followers match the old parser
  [PASS] lambdas and local functions match the old parser
  [PASS] match statements match the old parser
  [PASS] control item entries match the old parser
  [PASS] control operator tails match the old parser
  [PASS] control expression values match the old parser
  [PASS] with resources match the old parser
  [PASS] concurrent blocks match the old parser
  [PASS] select arms match the old parser
  [PASS] debug blocks and detach match the old parser
  [PASS] nested block forms match the old parser
  [PASS] lambdas in block form headers match the old parser
  [PASS] multiline braced forms match the old parser
  [PASS] multiline braced globals and bodies match the old parser
  [PASS] multiline calls, lists, tuples and groupings match the old parser
  [PASS] block arguments inside brackets match the old parser
  [PASS] blocks in bracketed items follow the old anchor
  [PASS] blocks in block headers follow the old anchor
  [PASS] block indentation variants follow the old anchor
  [PASS] same line bodies and globals follow the old anchor
  [PASS] nested blocks match the old parser
  [PASS] trait default bodies match the old parser
  [PASS] implementation bodies match the old parser
  [PASS] several declarations match the old parser
  [PASS] string and character literals match the old parser
  [PASS] interpolated strings match the old parser
  [PASS] character escapes and raw pipe strings match the old parser
  [PASS] pipe strings project like the old parser
  [PASS] nested lambdas project to their depth
  [PASS] a 2000 link else if chain projects by a loop
  [PASS] 100 nested value ifs project
  [PASS] a 2000 arm match value projects every arm
  [PASS] 100 nested with blocks project
  [PASS] 100 nested concurrent blocks project
  [PASS] 100 nested debug blocks project
  [PASS] 100 nested selects project
  [PASS] a 2000 arm select projects every arm
  [PASS] 5000 statements project in order

All 56 tests passed

>> Tree expression legacy projection Tests
  [PASS] soft keyword fields and frozen name atoms match old parser
  [PASS] builtin markers match frozen literal payloads
  [PASS] opaque conversions match full frozen type grammar
  [PASS] minted empty call retains raw AST
  [PASS] supported expression AST JSON parity
  [PASS] completed global full declaration parity
  [PASS] grouped integer preserves authored digits
  [PASS] missing integer token fails closed
  [PASS] names follow written order
  [PASS] postfix names follow written order
  [PASS] postfix integer provenance fails closed
  [PASS] parsed method chain survives dump and ID census
  [PASS] list names follow written order
  [PASS] 100 nested lists survive dump, census and projection
  [PASS] nested list dump text
  [PASS] mixed tuple and list dump text
  [PASS] mixed braced dump text
  [PASS] 100 alternating tuples and lists survive dump, census and projection
  [PASS] tuple names follow written order
  [PASS] braced names follow written order
  [PASS] 100 nested vectors survive dump, census and projection
  [PASS] nested records and dicts survive dump, census and projection
  [PASS] 3000 element list projects in order
  [PASS] control operand globals match the old AST JSON
  [PASS] deep postfix projection uses an iterative walk
  [PASS] deep binary projection uses an iterative walk

All 26 tests passed

>> Tree module projection to the frozen parser Tests
  [PASS] a module of every item kind matches the old parser
  [PASS] forward declarations match span for span
  [PASS] a forward declaration after its implementation
  [PASS] an empty module

All 4 tests passed

>> Tree rejected declaration differential Tests
  [PASS] malformed fixed bound pins deferred proof boundary
  [PASS] added help baseline difference is exact
  [PASS] inline advice baseline difference is exact
  [PASS] duplicate fields match raw legacy diagnostics
  [PASS] completed leaf rejections compare all diagnostic fields
  [PASS] recovery compares later declarations in diagnostic order
  [PASS] deferred owners never count as tree rejection proof
  [PASS] accepted leaf source is not rejection evidence

All 8 tests passed

>> Stop reasons of declined declarations Tests
  [PASS] expression shapes are named
  [PASS] a soft keyword is a block only with the shape of one
  [PASS] statement shapes are named
  [PASS] the rollback is located at the construct
  [PASS] owners and globals decline with their own kind

All 5 tests passed

>> Syntax nesting limit Tests
  [PASS] concurrently for at the limit
  [PASS] concurrently for one past the limit
  [PASS] builtin markers are leaves at the nesting limit
  [PASS] opaque conversions and types at the combined limit
  [PASS] lists at the limit
  [PASS] lists one past the limit
  [PASS] tuples at the limit
  [PASS] tuples one past the limit
  [PASS] groupings at the limit
  [PASS] groupings one past the limit
  [PASS] vectors at the limit
  [PASS] vectors one past the limit
  [PASS] call arguments at the limit
  [PASS] call arguments one past the limit
  [PASS] subscripts at the limit
  [PASS] subscripts one past the limit
  [PASS] record literals at the limit
  [PASS] record literals one past the limit
  [PASS] record updates at the limit
  [PASS] record updates one past the limit
  [PASS] dict literals at the limit
  [PASS] dict literals one past the limit
  [PASS] expression-bodied lambdas at the limit
  [PASS] expression-bodied lambdas one past the limit
  [PASS] not chains at the limit
  [PASS] not chains one past the limit
  [PASS] negation chains at the limit
  [PASS] negation chains one past the limit
  [PASS] detach chains at the limit
  [PASS] detach chains one past the limit
  [PASS] holes are accepted up to the lexer cap
  [PASS] a hole around brackets at the limit
  [PASS] a hole around brackets one past the limit
  [PASS] nested holes around brackets add up
  [PASS] siblings do not accumulate depth
  [PASS] value ifs at the limit
  [PASS] value ifs one past the limit
  [PASS] with blocks at the limit
  [PASS] with blocks one past the limit
  [PASS] concurrent blocks at the limit
  [PASS] concurrent blocks one past the limit
  [PASS] debug blocks at the limit
  [PASS] debug blocks one past the limit
  [PASS] selects at the limit
  [PASS] selects one past the limit
  [PASS] operand ifs at the limit
  [PASS] operand ifs one past the limit
  [PASS] block lambdas at the limit
  [PASS] block lambdas one past the limit
  [PASS] tuple types at the limit
  [PASS] tuple types one past the limit
  [PASS] grouped types at the limit
  [PASS] grouped types one past the limit
  [PASS] function types at the limit
  [PASS] function types one past the limit
  [PASS] parenthesized dimensions at the limit
  [PASS] parenthesized dimensions one past the limit
  [PASS] dimension sums at the limit
  [PASS] dimension sums one past the limit
  [PASS] dimension products at the limit
  [PASS] dimension products one past the limit
  [PASS] array suffixes at the limit
  [PASS] array suffixes one past the limit
  [PASS] tuple patterns at the limit
  [PASS] tuple patterns one past the limit
  [PASS] list patterns at the limit
  [PASS] list patterns one past the limit
  [PASS] if statement blocks at the limit
  [PASS] if statement blocks one past the limit
  [PASS] while blocks at the limit
  [PASS] while blocks one past the limit
  [PASS] for blocks at the limit
  [PASS] for blocks one past the limit
  [PASS] match blocks at the limit
  [PASS] match blocks one past the limit
  [PASS] else blocks at the limit
  [PASS] else blocks one past the limit
  [PASS] local function bodies at the limit
  [PASS] local function bodies one past the limit
  [PASS] the diagnostic is located at the refused token
  [PASS] the diagnostic of a rejected declaration is located
  [PASS] left spines and chains do not count

All 82 tests passed

>> Tree statements, blocks and function bodies Tests
  [PASS] next line pipe value has real span and postorder ids
  [PASS] 100 nested concurrently for loops
  [PASS] invalid concurrently for rolls back every child
  [PASS] concurrently for completes and censuses ids
  [PASS] tuple destructuring with unread value rolls back binders and spellings
  [PASS] soft keyword assignment mints target before value
  [PASS] flat tuple destructuring mints only binders and value
  [PASS] tuple destructuring does not admit other targets or keyword tokens
  [PASS] grouped thread counts issue no expression ids
  [PASS] only the outer terminal subscript is an assignment place
  [PASS] comment-only body stops without diagnostics or body ids
  [PASS] conditional inside parentheses owns else but leaves later stray else
  [PASS] multiline parenthesized body owns anchor close and following layout
  [PASS] leading dot postfix continuation stays in inline body
  [PASS] multiple else if continuations stay in one completed body
  [PASS] stray else after nonconditional body remains outside completed body
  [PASS] indented nested body preserves authored span and layout interval
  [PASS] inline block continuation at function anchor remains one body
  [PASS] inline body consumes owned newline and preserves next declaration
  [PASS] ids follow source order and the function comes last
  [PASS] a function body is complete syntax with an exact census
  [PASS] leading dots preserve siblings and owners
  [PASS] closed chains preserve unary siblings and nested levels
  [PASS] 256 continued postfix links have an exact census
  [PASS] unsupported bodies roll back exactly
  [PASS] types and patterns are minted in source order
  [PASS] interpolation holes are minted in source order
  [PASS] owner methods are minted in source order
  [PASS] an owner with an unsupported body keeps only its header ids
  [PASS] lambda and local function ids follow source order
  [PASS] nested lambdas
  [PASS] break and continue are supported only inside loops
  [PASS] else if links are minted inner before outer
  [PASS] the scan stops at a deferred function
  [PASS] 5000 statements
  [PASS] 2000 link else if chain
  [PASS] control expression operands complete and their continuations defer
  [PASS] long control operator chain survives dump and census
  [PASS] control operator tail rollback preserves entry
  [PASS] standalone control operator tail rollback preserves entry
  [PASS] control value ids follow source order
  [PASS] 100 nested value ifs
  [PASS] 40 nested operand ifs
  [PASS] 2000 link else if value
  [PASS] 2000 arm match value
  [PASS] with ids follow source order
  [PASS] concurrent ids follow source order
  [PASS] select ids follow source order
  [PASS] debug and detach ids follow source order
  [PASS] select value ids follow source order
  [PASS] unsupported block forms roll back exactly
  [PASS] block forms follow the enclosing loop scope
  [PASS] 100 nested with blocks
  [PASS] 100 nested concurrent blocks
  [PASS] 100 nested debug blocks
  [PASS] 100 nested selects
  [PASS] 2000 arm select

All 57 tests passed

>> Single declaration previews and explicit initializer handoffs Tests
  [PASS] fixed union route preserves prefix and ordinary grammar
  [PASS] fixed union malformed headers match table diagnostics
  [PASS] union forms reject type parameters at existing preview boundary
  [PASS] completed routes and keyword priorities
  [PASS] public import foreign and private recovery
  [PASS] function preview and owners read in full
  [PASS] prefix diagnostics own declaration rejection
  [PASS] private documentation pure metadata
  [PASS] fixed exact spelling and generic parameters
  [PASS] globals are read or handed back at their initializer
  [PASS] explicit routes before reserved bindings
  [PASS] error eof progress
  [PASS] sequential completed leaves isolate prefixes

All 13 tests passed

>> Direct declaration prefix metadata and function header composition Tests
  [PASS] rejected prefix preserves following function
  [PASS] defaults leave introducer untouched
  [PASS] documentation and known annotations preserve authored metadata
  [PASS] all known annotations and repetition preserve order
  [PASS] private annotations and repeated pure compose
  [PASS] pre private annotation reports before complete body rejection
  [PASS] unknown annotations do not count and pure resets start
  [PASS] annotation newline ownership changes after private
  [PASS] private and pure do not skip newlines
  [PASS] missing annotation names recover one authored token
  [PASS] annotation arguments stop at first close newline or eof
  [PASS] second docstring and doc after annotation remain authored material
  [PASS] documented annotated import reports in order without dispatch
  [PASS] rich documented forward header composes existing children
  [PASS] inline and indented bodies attach after prefix metadata
  [PASS] sequential function parses do not leak metadata

All 16 tests passed

>> Bounded tree operator expressions Tests
  [PASS] unread lambda holes restore names and ids
  [PASS] unread soft value and block roots preserve entry
  [PASS] frozen keyword name atoms mint token spans
  [PASS] builtin static marker has no hole ids
  [PASS] builtin marker errors reject without trial ids
  [PASS] builtin marker metadata has no nesting cost
  [PASS] builtin rollback discards its leaf ids
  [PASS] builtin marker is one leaf without literal ids
  [PASS] opaque conversion recovered type is never accepted
  [PASS] opaque conversions mint type then value then owner
  [PASS] opaque conversion unsupported values restore entry
  [PASS] opaque conversion rejection preserves diagnostics without ids
  [PASS] completed block lambda leaves follower unread
  [PASS] block lambda unread followers restore entry
  [PASS] grouped block lambda boundary classification
  [PASS] rejected lambda call discards trial definitions
  [PASS] direct expression keeps the caller boundary
  [PASS] precedence and postorder ids
  [PASS] string and character literals
  [PASS] string literals keep form and text
  [PASS] character escapes
  [PASS] pipe interpolation is multiline
  [PASS] interpolation holes in source order
  [PASS] grouping keeps identity and token name span
  [PASS] logical and range forms
  [PASS] detach is a prefix operator
  [PASS] unsupported exact rollback
  [PASS] rejected expression has no ids
  [PASS] postfix source order and spans
  [PASS] leading dots keep postorder ids and spans
  [PASS] malformed continued calls report without ids
  [PASS] postfix rejection diagnostic and no ids
  [PASS] 2000 call left spine
  [PASS] 100 nested call arguments
  [PASS] list source order and spans
  [PASS] empty list
  [PASS] list is an atom
  [PASS] list rejection diagnostic and no ids
  [PASS] 100 nested lists
  [PASS] tuple source order and spans
  [PASS] tuple arity shapes
  [PASS] grouping is never a tuple
  [PASS] tuple rejection diagnostics and no ids
  [PASS] 100 alternating tuples and lists
  [PASS] 100 nested tuples
  [PASS] braced forms and their shapes
  [PASS] multiline brackets and their shapes
  [PASS] blocks in brackets follow the anchor
  [PASS] multiline braced source order
  [PASS] multiline braced rejection lines
  [PASS] braced source order and spans
  [PASS] dict entries issue key then value
  [PASS] braced rejection diagnostics and no ids
  [PASS] braced forms nest in each other
  [PASS] 5000 term left spine

All 55 tests passed

>> Global initializers read by the declaration scan Tests
  [PASS] checked float digits and id order
  [PASS] float rich header and comment boundary
  [PASS] checked integer magnitude and id order
  [PASS] integer rich header and comment boundary
  [PASS] name initializer mints use expression then global
  [PASS] rich header ids precede value and completed owner
  [PASS] comments preserve unconsumed boundary
  [PASS] continued global fields preserve spans and ids
  [PASS] scan preserves deferred mint
  [PASS] out of range literal leaves initializer unread
  [PASS] missing initializer at end of source is rejected at the end
  [PASS] prefix diagnostic cannot complete global
  [PASS] unsupported initializer preserves authoritative state

All 13 tests passed

>> Implementation method heads and body entry Tests
  [PASS] leading else keeps missing-body diagnostic
  [PASS] authored colon at eof requires body
  [PASS] rich signature annotation and child IDs
  [PASS] annotations skip newlines and retain anchor
  [PASS] unknown annotation has no attachment diagnostic
  [PASS] private documentation and nonfunction method gate
  [PASS] bad names parameters recover through body
  [PASS] colonless header body-required recovery
  [PASS] missing colon consumes indent and keeps sibling
  [PASS] method heads and completed bodies preserve siblings
  [PASS] sequential isolation and existing diagnostics

All 11 tests passed

>> Implementations read in full and frozen header recovery Tests
  [PASS] private documentation receiver and child IDs
  [PASS] empty region layout recovery preserves sibling
  [PASS] grouped and function receivers
  [PASS] punctuation and layout omissions
  [PASS] single trait reference quirks
  [PASS] unsupported missing-body children continue
  [PASS] missing indent consumes siblings
  [PASS] dedent and eof owner span
  [PASS] prefix purity and annotation rejection
  [PASS] unread body declines the implementation with its header
  [PASS] diagnostic before an unread body rejects the implementation
  [PASS] earlier start and existing diagnostic

All 12 tests passed

>> Tree module assembly and forward pairing Tests
  [PASS] every kind of item assembles in source order
  [PASS] an empty module assembles
  [PASS] a forward declaration paired after it assembles
  [PASS] a forward declaration paired before it assembles
  [PASS] two forward declarations share one private body
  [PASS] a private unpaired forward declaration rejects the module
  [PASS] an unpaired forward declaration rejects the module
  [PASS] every unpaired forward declaration is reported
  [PASS] a lexer diagnostic rejects before declaration scan and pairing
  [PASS] lexer diagnostics keep order before a conversion body
  [PASS] an unread body leaves the module unassembled
  [PASS] a rejected declaration leaves the module unassembled
  [PASS] 2000 functions and forward declarations
  [PASS] the definitions index holds each function at its id
  [PASS] an assembled module dumps
  [PASS] every assembled corpus module passes the census

All 16 tests passed

>> Bounded module declaration evidence and explicit scan stops Tests
  [PASS] fixed union scan keeps children and sibling ids
  [PASS] expression scan operator global then function
  [PASS] expression scan unsupported control argument exact handoff
  [PASS] expression scan vector missing its comma exact handoff
  [PASS] expression scan postfix global and record boundary
  [PASS] expression scan list global and record boundary
  [PASS] expression scan tuple global and record boundary
  [PASS] expression scan braced global and record boundary
  [PASS] empty blank comment eof
  [PASS] completed order and newlines
  [PASS] module and declaration documentation
  [PASS] bodies are read in source order
  [PASS] global hard stop retains prior previews
  [PASS] rejected global preserves initializer
  [PASS] generic fixed record scan completes
  [PASS] rejected declaration sibling boundary
  [PASS] lexical diagnostic retained at eof
  [PASS] unpaired forward completes without final pairing

All 18 tests passed

>> Module leading documentation and declaration attachment Tests
  [PASS] single doc text span and import cursor
  [PASS] malformed import still recognizes module doc
  [PASS] comments follow emitted lexer tokens
  [PASS] declaration starters and prefixes decline
  [PASS] lone double and absent docs
  [PASS] lexical diagnostic and count preservation
  [PASS] module doc dispatch matches frozen entry
  [PASS] function doc attaches later import doc diagnoses

All 8 tests passed

>> Trait method heads and completed default-body boundaries Tests
  [PASS] leading else keeps missing-body diagnostic
  [PASS] abstract header frozen endpoint and purity
  [PASS] grouped return consumes close without extending header
  [PASS] where remains for trait owner
  [PASS] bad names and parameters consume authored suffix
  [PASS] unsupported prefixes recover and generics remain
  [PASS] authored colon requires promised body
  [PASS] parameter children keep IDs without parent
  [PASS] completed default bodies preserve sibling boundaries
  [PASS] sequential methods do not leak state
  [PASS] direct leaf tolerates existing diagnostics

All 11 tests passed

>> Traits read in full and frozen declaration recovery Tests
  [PASS] supertraits preserve qualifiers duplicates and cursor
  [PASS] type parameter children keep source IDs
  [PASS] two abstracts own dedent and child IDs
  [PASS] documentation private and pure prefix contract
  [PASS] owner header errors preserve recovery
  [PASS] supertrait recovery and suffix quirks
  [PASS] layout failures preserve continuation
  [PASS] rejected and unsupported children remain unfiltered
  [PASS] default body then abstract method in source order
  [PASS] unread default body declines the trait with its header
  [PASS] diagnostic before an unread body rejects the trait
  [PASS] direct entry anchor and existing diagnostic

All 12 tests passed
