{
  "schema_version": 1,
  "mode": "plan",
  "selection": {
    "sources": [],
    "suites": [
      "blorp/test/test_compiler/test_stage_04_modules/test_tree_body_projection.brp"
    ],
    "checks": []
  },
  "changed_tests": [
    "blorp/test/test_compiler/test_stage_04_modules/test_tree_body_projection.brp"
  ],
  "source_label": "Changed production source",
  "focused_action": [
    [
      "make"
    ],
    [
      "bin/blorp",
      "test",
      "--timeout",
      "180",
      "blorp/test/test_compiler/test_stage_04_modules/test_tree_body_projection.brp"
    ]
  ],
  "recommendations": [],
  "recommendation_authority": "manifest broad_gate",
  "hand_back": {
    "scope": "tree-path-only",
    "tree_paths": [
      "blorp/src/compiler_new/stage_01_discovery/parse/tree_body_parser.brp",
      "blorp/src/compiler_new/stage_01_discovery/parse/tree_expression_parser.brp",
      "blorp/test/test_compiler/test_stage_04_modules/test_tree_body_projection.brp",
      "blorp/test/test_compiler_new/test_stage_01_discovery/test_parse/test_tree_expression_parser.brp"
    ],
    "production_paths": [],
    "commands": [
      "scripts/compiler-build-status --quiet",
      "bin/blorp test --timeout 180 blorp/test/test_compiler/test_stage_04_modules/test_discovery_adapter.brp blorp/test/test_compiler/test_stage_04_modules/test_discovery_fuzz_cases.brp blorp/test/test_compiler/test_stage_04_modules/test_syntax_nesting_projection.brp blorp/test/test_compiler/test_stage_04_modules/test_tree_body_projection.brp blorp/test/test_compiler/test_stage_04_modules/test_tree_expression_projection.brp blorp/test/test_compiler/test_stage_04_modules/test_tree_module_projection.brp blorp/test/test_compiler/test_stage_04_modules/test_tree_rejected_declaration_differential.brp",
      "scripts/test --no-build compiler-new compiler-new-parity"
    ]
  }
}
