
>> Bounded tree operator expressions Tests
  [PASS] unread lambda holes restore names and ids
  [PASS] unread soft value and block roots preserve entry
  [PASS] frozen keyword name atoms mint token spans
  [PASS] builtin static marker has no hole ids
  [PASS] builtin marker errors reject without trial ids
  [PASS] builtin marker metadata has no nesting cost
  [PASS] builtin rollback discards its leaf ids
  [PASS] builtin marker is one leaf without literal ids
  [PASS] opaque conversion recovered type is never accepted
  [PASS] opaque conversions mint type then value then owner
  [PASS] opaque conversion unsupported values restore entry
  [PASS] opaque conversion rejection preserves diagnostics without ids
  [PASS] completed block lambda leaves follower unread
  [PASS] block lambda unread followers restore entry
  [PASS] grouped block lambda boundary classification
  [PASS] rejected lambda call discards trial definitions
  [PASS] direct expression keeps the caller boundary
  [PASS] precedence and postorder ids
  [PASS] string and character literals
  [PASS] string literals keep form and text
  [PASS] character escapes
  [PASS] pipe interpolation is multiline
  [PASS] interpolation holes in source order
  [PASS] grouping keeps identity and token name span
  [PASS] logical and range forms
  [PASS] detach is a prefix operator
  [PASS] unsupported exact rollback
  [PASS] rejected expression has no ids
  [PASS] postfix source order and spans
  [PASS] leading dots keep postorder ids and spans
  [PASS] malformed continued calls report without ids
  [PASS] postfix rejection diagnostic and no ids
  [PASS] 2000 call left spine
  [PASS] 100 nested call arguments
  [PASS] list source order and spans
  [PASS] empty list
  [PASS] list is an atom
  [PASS] list rejection diagnostic and no ids
  [PASS] 100 nested lists
  [PASS] tuple source order and spans
  [PASS] tuple arity shapes
  [PASS] grouping is never a tuple
  [PASS] tuple rejection diagnostics and no ids
  [PASS] 100 alternating tuples and lists
  [PASS] 100 nested tuples
  [PASS] braced forms and their shapes
  [PASS] multiline brackets and their shapes
  [PASS] blocks in brackets follow the anchor
  [PASS] multiline braced source order
  [PASS] multiline braced rejection lines
  [PASS] braced source order and spans
  [PASS] dict entries issue key then value
  [PASS] braced rejection diagnostics and no ids
  [PASS] braced forms nest in each other
  [PASS] 5000 term left spine

All 55 tests passed
